<!doctype html public "-//w3c//dtd html 4.0 transitional//en">
<html><head>
<title>Static Call Graph - [.\objects\pmc006e3.axf]</title></head>
<body><HR>
<H1>Static Call Graph for image .\objects\pmc006e3.axf</H1><HR>
<BR><P>#&#060CALLGRAPH&#062# ARM Linker, 5060750: Last Updated: Wed Apr 15 19:45:09 2026
<BR><P>
<H3>Maximum Stack Usage =        304 bytes + Unknown(Cycles, Untraceable Function Pointers)</H3><H3>
Call chain for Maximum Stack Depth:</H3>
main &rArr; MainLoop &rArr; ECAT_Main &rArr; MBX_Main &rArr; MailboxServiceInd &rArr; COE_ServiceInd &rArr; SDOS_SdoInd &rArr; SdoRes &rArr; MBX_MailboxSendReq &rArr; MBX_CopyToSendMailbox &rArr; HW_EscWrite &rArr; CF11xx_SPI_EscWrite &rArr; AddressingEsc &rArr; WR_CMD
<P>
<H3>
Mutually Recursive functions
</H3> <LI><a href="#[60]">ACC_IRQHandler</a>&nbsp;&nbsp;&nbsp;&rArr;&nbsp;&nbsp;&nbsp;<a href="#[60]">ACC_IRQHandler</a><BR>
</UL>
<P>
<H3>
Function Pointers
</H3><UL>
 <LI><a href="#[60]">ACC_IRQHandler</a> from startup_at32f435_437.o(.text) referenced from startup_at32f435_437.o(RESET)
 <LI><a href="#[1e]">ADC1_2_3_IRQHandler</a> from startup_at32f435_437.o(.text) referenced from startup_at32f435_437.o(RESET)
 <LI><a href="#[6]">BusFault_Handler</a> from at32f435_437_int.o(i.BusFault_Handler) referenced from startup_at32f435_437.o(RESET)
 <LI><a href="#[20]">CAN1_RX0_IRQHandler</a> from startup_at32f435_437.o(.text) referenced from startup_at32f435_437.o(RESET)
 <LI><a href="#[21]">CAN1_RX1_IRQHandler</a> from startup_at32f435_437.o(.text) referenced from startup_at32f435_437.o(RESET)
 <LI><a href="#[22]">CAN1_SE_IRQHandler</a> from startup_at32f435_437.o(.text) referenced from startup_at32f435_437.o(RESET)
 <LI><a href="#[1f]">CAN1_TX_IRQHandler</a> from startup_at32f435_437.o(.text) referenced from startup_at32f435_437.o(RESET)
 <LI><a href="#[4c]">CAN2_RX0_IRQHandler</a> from startup_at32f435_437.o(.text) referenced from startup_at32f435_437.o(RESET)
 <LI><a href="#[4d]">CAN2_RX1_IRQHandler</a> from startup_at32f435_437.o(.text) referenced from startup_at32f435_437.o(RESET)
 <LI><a href="#[4e]">CAN2_SE_IRQHandler</a> from startup_at32f435_437.o(.text) referenced from startup_at32f435_437.o(RESET)
 <LI><a href="#[4b]">CAN2_TX_IRQHandler</a> from startup_at32f435_437.o(.text) referenced from startup_at32f435_437.o(RESET)
 <LI><a href="#[11]">CRM_IRQHandler</a> from startup_at32f435_437.o(.text) referenced from startup_at32f435_437.o(RESET)
 <LI><a href="#[44]">DMA1_Channel1_IRQHandler</a> from startup_at32f435_437.o(.text) referenced from startup_at32f435_437.o(RESET)
 <LI><a href="#[45]">DMA1_Channel2_IRQHandler</a> from startup_at32f435_437.o(.text) referenced from startup_at32f435_437.o(RESET)
 <LI><a href="#[46]">DMA1_Channel3_IRQHandler</a> from startup_at32f435_437.o(.text) referenced from startup_at32f435_437.o(RESET)
 <LI><a href="#[47]">DMA1_Channel4_IRQHandler</a> from startup_at32f435_437.o(.text) referenced from startup_at32f435_437.o(RESET)
 <LI><a href="#[48]">DMA1_Channel5_IRQHandler</a> from startup_at32f435_437.o(.text) referenced from startup_at32f435_437.o(RESET)
 <LI><a href="#[50]">DMA1_Channel6_IRQHandler</a> from startup_at32f435_437.o(.text) referenced from startup_at32f435_437.o(RESET)
 <LI><a href="#[51]">DMA1_Channel7_IRQHandler</a> from startup_at32f435_437.o(.text) referenced from startup_at32f435_437.o(RESET)
 <LI><a href="#[65]">DMA2_Channel1_IRQHandler</a> from startup_at32f435_437.o(.text) referenced from startup_at32f435_437.o(RESET)
 <LI><a href="#[66]">DMA2_Channel2_IRQHandler</a> from startup_at32f435_437.o(.text) referenced from startup_at32f435_437.o(RESET)
 <LI><a href="#[67]">DMA2_Channel3_IRQHandler</a> from startup_at32f435_437.o(.text) referenced from startup_at32f435_437.o(RESET)
 <LI><a href="#[68]">DMA2_Channel4_IRQHandler</a> from startup_at32f435_437.o(.text) referenced from startup_at32f435_437.o(RESET)
 <LI><a href="#[69]">DMA2_Channel5_IRQHandler</a> from startup_at32f435_437.o(.text) referenced from startup_at32f435_437.o(RESET)
 <LI><a href="#[6a]">DMA2_Channel6_IRQHandler</a> from startup_at32f435_437.o(.text) referenced from startup_at32f435_437.o(RESET)
 <LI><a href="#[6b]">DMA2_Channel7_IRQHandler</a> from startup_at32f435_437.o(.text) referenced from startup_at32f435_437.o(RESET)
 <LI><a href="#[5e]">DMAMUX_IRQHandler</a> from startup_at32f435_437.o(.text) referenced from startup_at32f435_437.o(RESET)
 <LI><a href="#[57]">DVP_IRQHandler</a> from startup_at32f435_437.o(.text) referenced from startup_at32f435_437.o(RESET)
 <LI><a href="#[9]">DebugMon_Handler</a> from at32f435_437_int.o(i.DebugMon_Handler) referenced from startup_at32f435_437.o(RESET)
 <LI><a href="#[17]">EDMA_Stream1_IRQHandler</a> from startup_at32f435_437.o(.text) referenced from startup_at32f435_437.o(RESET)
 <LI><a href="#[18]">EDMA_Stream2_IRQHandler</a> from startup_at32f435_437.o(.text) referenced from startup_at32f435_437.o(RESET)
 <LI><a href="#[19]">EDMA_Stream3_IRQHandler</a> from startup_at32f435_437.o(.text) referenced from startup_at32f435_437.o(RESET)
 <LI><a href="#[1a]">EDMA_Stream4_IRQHandler</a> from startup_at32f435_437.o(.text) referenced from startup_at32f435_437.o(RESET)
 <LI><a href="#[1b]">EDMA_Stream5_IRQHandler</a> from startup_at32f435_437.o(.text) referenced from startup_at32f435_437.o(RESET)
 <LI><a href="#[1c]">EDMA_Stream6_IRQHandler</a> from startup_at32f435_437.o(.text) referenced from startup_at32f435_437.o(RESET)
 <LI><a href="#[1d]">EDMA_Stream7_IRQHandler</a> from startup_at32f435_437.o(.text) referenced from startup_at32f435_437.o(RESET)
 <LI><a href="#[3b]">EDMA_Stream8_IRQHandler</a> from startup_at32f435_437.o(.text) referenced from startup_at32f435_437.o(RESET)
 <LI><a href="#[49]">EMAC_IRQHandler</a> from startup_at32f435_437.o(.text) referenced from startup_at32f435_437.o(RESET)
 <LI><a href="#[4a]">EMAC_WKUP_IRQHandler</a> from startup_at32f435_437.o(.text) referenced from startup_at32f435_437.o(RESET)
 <LI><a href="#[35]">ERTCAlarm_IRQHandler</a> from startup_at32f435_437.o(.text) referenced from startup_at32f435_437.o(RESET)
 <LI><a href="#[f]">ERTC_WKUP_IRQHandler</a> from startup_at32f435_437.o(.text) referenced from startup_at32f435_437.o(RESET)
 <LI><a href="#[12]">EXINT0_IRQHandler</a> from at32f435_437_int.o(i.EXINT0_IRQHandler) referenced from startup_at32f435_437.o(RESET)
 <LI><a href="#[34]">EXINT15_10_IRQHandler</a> from startup_at32f435_437.o(.text) referenced from startup_at32f435_437.o(RESET)
 <LI><a href="#[13]">EXINT1_IRQHandler</a> from at32f435_437_int.o(i.EXINT1_IRQHandler) referenced from startup_at32f435_437.o(RESET)
 <LI><a href="#[14]">EXINT2_IRQHandler</a> from startup_at32f435_437.o(.text) referenced from startup_at32f435_437.o(RESET)
 <LI><a href="#[15]">EXINT3_IRQHandler</a> from startup_at32f435_437.o(.text) referenced from startup_at32f435_437.o(RESET)
 <LI><a href="#[16]">EXINT4_IRQHandler</a> from startup_at32f435_437.o(.text) referenced from startup_at32f435_437.o(RESET)
 <LI><a href="#[23]">EXINT9_5_IRQHandler</a> from at32f435_437_int.o(i.EXINT9_5_IRQHandler) referenced from startup_at32f435_437.o(RESET)
 <LI><a href="#[10]">FLASH_IRQHandler</a> from startup_at32f435_437.o(.text) referenced from startup_at32f435_437.o(RESET)
 <LI><a href="#[58]">FPU_IRQHandler</a> from startup_at32f435_437.o(.text) referenced from startup_at32f435_437.o(RESET)
 <LI><a href="#[4]">HardFault_Handler</a> from at32f435_437_int.o(i.HardFault_Handler) referenced from startup_at32f435_437.o(RESET)
 <LI><a href="#[2c]">I2C1_ERR_IRQHandler</a> from startup_at32f435_437.o(.text) referenced from startup_at32f435_437.o(RESET)
 <LI><a href="#[2b]">I2C1_EVT_IRQHandler</a> from startup_at32f435_437.o(.text) referenced from startup_at32f435_437.o(RESET)
 <LI><a href="#[2e]">I2C2_ERR_IRQHandler</a> from startup_at32f435_437.o(.text) referenced from startup_at32f435_437.o(RESET)
 <LI><a href="#[2d]">I2C2_EVT_IRQHandler</a> from startup_at32f435_437.o(.text) referenced from startup_at32f435_437.o(RESET)
 <LI><a href="#[54]">I2C3_ERR_IRQHandler</a> from startup_at32f435_437.o(.text) referenced from startup_at32f435_437.o(RESET)
 <LI><a href="#[53]">I2C3_EVT_IRQHandler</a> from startup_at32f435_437.o(.text) referenced from startup_at32f435_437.o(RESET)
 <LI><a href="#[5]">MemManage_Handler</a> from at32f435_437_int.o(i.MemManage_Handler) referenced from startup_at32f435_437.o(RESET)
 <LI><a href="#[3]">NMI_Handler</a> from at32f435_437_int.o(i.NMI_Handler) referenced from startup_at32f435_437.o(RESET)
 <LI><a href="#[4f]">OTGFS1_IRQHandler</a> from startup_at32f435_437.o(.text) referenced from startup_at32f435_437.o(RESET)
 <LI><a href="#[36]">OTGFS1_WKUP_IRQHandler</a> from startup_at32f435_437.o(.text) referenced from startup_at32f435_437.o(RESET)
 <LI><a href="#[56]">OTGFS2_IRQHandler</a> from startup_at32f435_437.o(.text) referenced from startup_at32f435_437.o(RESET)
 <LI><a href="#[55]">OTGFS2_WKUP_IRQHandler</a> from startup_at32f435_437.o(.text) referenced from startup_at32f435_437.o(RESET)
 <LI><a href="#[d]">PVM_IRQHandler</a> from startup_at32f435_437.o(.text) referenced from startup_at32f435_437.o(RESET)
 <LI><a href="#[a]">PendSV_Handler</a> from at32f435_437_int.o(i.PendSV_Handler) referenced from startup_at32f435_437.o(RESET)
 <LI><a href="#[5d]">QSPI1_IRQHandler</a> from startup_at32f435_437.o(.text) referenced from startup_at32f435_437.o(RESET)
 <LI><a href="#[5c]">QSPI2_IRQHandler</a> from startup_at32f435_437.o(.text) referenced from startup_at32f435_437.o(RESET)
 <LI><a href="#[1]">Read0x10F8</a> from coeappl.o(i.Read0x10F8) referenced 2 times from coeappl.o(.data)
 <LI><a href="#[2]">Reset_Handler</a> from startup_at32f435_437.o(.text) referenced from startup_at32f435_437.o(RESET)
 <LI><a href="#[3d]">SDIO1_IRQHandler</a> from startup_at32f435_437.o(.text) referenced from startup_at32f435_437.o(RESET)
 <LI><a href="#[5f]">SDIO2_IRQHandler</a> from startup_at32f435_437.o(.text) referenced from startup_at32f435_437.o(RESET)
 <LI><a href="#[2f]">SPI1_IRQHandler</a> from startup_at32f435_437.o(.text) referenced from startup_at32f435_437.o(RESET)
 <LI><a href="#[30]">SPI2_I2S2EXT_IRQHandler</a> from startup_at32f435_437.o(.text) referenced from startup_at32f435_437.o(RESET)
 <LI><a href="#[3f]">SPI3_I2S3EXT_IRQHandler</a> from startup_at32f435_437.o(.text) referenced from startup_at32f435_437.o(RESET)
 <LI><a href="#[5b]">SPI4_IRQHandler</a> from startup_at32f435_437.o(.text) referenced from startup_at32f435_437.o(RESET)
 <LI><a href="#[8]">SVC_Handler</a> from at32f435_437_int.o(i.SVC_Handler) referenced from startup_at32f435_437.o(RESET)
 <LI><a href="#[b]">SysTick_Handler</a> from at32f435_437_int.o(i.SysTick_Handler) referenced from startup_at32f435_437.o(RESET)
 <LI><a href="#[6d]">SystemInit</a> from system_at32f435_437.o(i.SystemInit) referenced from startup_at32f435_437.o(.text)
 <LI><a href="#[e]">TAMP_STAMP_IRQHandler</a> from startup_at32f435_437.o(.text) referenced from startup_at32f435_437.o(RESET)
 <LI><a href="#[24]">TMR1_BRK_TMR9_IRQHandler</a> from startup_at32f435_437.o(.text) referenced from startup_at32f435_437.o(RESET)
 <LI><a href="#[27]">TMR1_CH_IRQHandler</a> from startup_at32f435_437.o(.text) referenced from startup_at32f435_437.o(RESET)
 <LI><a href="#[25]">TMR1_OVF_TMR10_IRQHandler</a> from startup_at32f435_437.o(.text) referenced from startup_at32f435_437.o(RESET)
 <LI><a href="#[26]">TMR1_TRG_HALL_TMR11_IRQHandler</a> from startup_at32f435_437.o(.text) referenced from startup_at32f435_437.o(RESET)
 <LI><a href="#[61]">TMR20_BRK_IRQHandler</a> from startup_at32f435_437.o(.text) referenced from startup_at32f435_437.o(RESET)
 <LI><a href="#[64]">TMR20_CH_IRQHandler</a> from startup_at32f435_437.o(.text) referenced from startup_at32f435_437.o(RESET)
 <LI><a href="#[62]">TMR20_OVF_IRQHandler</a> from startup_at32f435_437.o(.text) referenced from startup_at32f435_437.o(RESET)
 <LI><a href="#[63]">TMR20_TRG_HALL_IRQHandler</a> from startup_at32f435_437.o(.text) referenced from startup_at32f435_437.o(RESET)
 <LI><a href="#[28]">TMR2_GLOBAL_IRQHandler</a> from startup_at32f435_437.o(.text) referenced from startup_at32f435_437.o(RESET)
 <LI><a href="#[29]">TMR3_GLOBAL_IRQHandler</a> from startup_at32f435_437.o(.text) referenced from startup_at32f435_437.o(RESET)
 <LI><a href="#[2a]">TMR4_GLOBAL_IRQHandler</a> from startup_at32f435_437.o(.text) referenced from startup_at32f435_437.o(RESET)
 <LI><a href="#[3e]">TMR5_GLOBAL_IRQHandler</a> from startup_at32f435_437.o(.text) referenced from startup_at32f435_437.o(RESET)
 <LI><a href="#[42]">TMR6_DAC_GLOBAL_IRQHandler</a> from startup_at32f435_437.o(.text) referenced from startup_at32f435_437.o(RESET)
 <LI><a href="#[43]">TMR7_GLOBAL_IRQHandler</a> from at32f435_437_int.o(i.TMR7_GLOBAL_IRQHandler) referenced from startup_at32f435_437.o(RESET)
 <LI><a href="#[37]">TMR8_BRK_TMR12_IRQHandler</a> from startup_at32f435_437.o(.text) referenced from startup_at32f435_437.o(RESET)
 <LI><a href="#[3a]">TMR8_CH_IRQHandler</a> from startup_at32f435_437.o(.text) referenced from startup_at32f435_437.o(RESET)
 <LI><a href="#[38]">TMR8_OVF_TMR13_IRQHandler</a> from startup_at32f435_437.o(.text) referenced from startup_at32f435_437.o(RESET)
 <LI><a href="#[39]">TMR8_TRG_HALL_TMR14_IRQHandler</a> from startup_at32f435_437.o(.text) referenced from startup_at32f435_437.o(RESET)
 <LI><a href="#[40]">UART4_IRQHandler</a> from startup_at32f435_437.o(.text) referenced from startup_at32f435_437.o(RESET)
 <LI><a href="#[41]">UART5_IRQHandler</a> from startup_at32f435_437.o(.text) referenced from startup_at32f435_437.o(RESET)
 <LI><a href="#[59]">UART7_IRQHandler</a> from startup_at32f435_437.o(.text) referenced from startup_at32f435_437.o(RESET)
 <LI><a href="#[5a]">UART8_IRQHandler</a> from startup_at32f435_437.o(.text) referenced from startup_at32f435_437.o(RESET)
 <LI><a href="#[31]">USART1_IRQHandler</a> from startup_at32f435_437.o(.text) referenced from startup_at32f435_437.o(RESET)
 <LI><a href="#[32]">USART2_IRQHandler</a> from startup_at32f435_437.o(.text) referenced from startup_at32f435_437.o(RESET)
 <LI><a href="#[33]">USART3_IRQHandler</a> from startup_at32f435_437.o(.text) referenced from startup_at32f435_437.o(RESET)
 <LI><a href="#[52]">USART6_IRQHandler</a> from startup_at32f435_437.o(.text) referenced from startup_at32f435_437.o(RESET)
 <LI><a href="#[7]">UsageFault_Handler</a> from at32f435_437_int.o(i.UsageFault_Handler) referenced from startup_at32f435_437.o(RESET)
 <LI><a href="#[c]">WWDT_IRQHandler</a> from startup_at32f435_437.o(.text) referenced from startup_at32f435_437.o(RESET)
 <LI><a href="#[0]">Write0xF030</a> from cia402appl.o(i.Write0xF030) referenced 2 times from cia402appl.o(.data)
 <LI><a href="#[3c]">XMC_IRQHandler</a> from startup_at32f435_437.o(.text) referenced from startup_at32f435_437.o(RESET)
 <LI><a href="#[6e]">__main</a> from entry.o(.ARM.Collect$$$$00000000) referenced from startup_at32f435_437.o(.text)
 <LI><a href="#[6c]">main</a> from cia402appl.o(i.main) referenced from entry9a.o(.ARM.Collect$$$$0000000B)
</UL>
<P>
<H3>
Global Symbols
</H3>
<P><STRONG><a name="[6e]"></a>__main</STRONG> (Thumb, 0 bytes, Stack size unknown bytes, entry.o(.ARM.Collect$$$$00000000))
<BR>[Address Reference Count : 1]<UL><LI> startup_at32f435_437.o(.text)
</UL>
<P><STRONG><a name="[136]"></a>_main_stk</STRONG> (Thumb, 0 bytes, Stack size unknown bytes, entry2.o(.ARM.Collect$$$$00000001))

<P><STRONG><a name="[6f]"></a>_main_scatterload</STRONG> (Thumb, 0 bytes, Stack size unknown bytes, entry5.o(.ARM.Collect$$$$00000004))
<BR><BR>[Calls]<UL><LI><a href="#[70]">&gt;&gt;</a>&nbsp;&nbsp;&nbsp;__scatterload
</UL>

<P><STRONG><a name="[80]"></a>__main_after_scatterload</STRONG> (Thumb, 0 bytes, Stack size unknown bytes, entry5.o(.ARM.Collect$$$$00000004))
<BR><BR>[Called By]<UL><LI><a href="#[70]">&gt;&gt;</a>&nbsp;&nbsp;&nbsp;__scatterload
</UL>

<P><STRONG><a name="[137]"></a>_main_clock</STRONG> (Thumb, 0 bytes, Stack size unknown bytes, entry7b.o(.ARM.Collect$$$$00000008))

<P><STRONG><a name="[138]"></a>_main_cpp_init</STRONG> (Thumb, 0 bytes, Stack size unknown bytes, entry8b.o(.ARM.Collect$$$$0000000A))

<P><STRONG><a name="[139]"></a>_main_init</STRONG> (Thumb, 0 bytes, Stack size unknown bytes, entry9a.o(.ARM.Collect$$$$0000000B))

<P><STRONG><a name="[13a]"></a>__rt_final_cpp</STRONG> (Thumb, 0 bytes, Stack size unknown bytes, entry10a.o(.ARM.Collect$$$$0000000D))

<P><STRONG><a name="[13b]"></a>__rt_final_exit</STRONG> (Thumb, 0 bytes, Stack size unknown bytes, entry11a.o(.ARM.Collect$$$$0000000F))

<P><STRONG><a name="[2]"></a>Reset_Handler</STRONG> (Thumb, 8 bytes, Stack size 0 bytes, startup_at32f435_437.o(.text))
<BR>[Address Reference Count : 1]<UL><LI> startup_at32f435_437.o(RESET)
</UL>
<P><STRONG><a name="[60]"></a>ACC_IRQHandler</STRONG> (Thumb, 0 bytes, Stack size 0 bytes, startup_at32f435_437.o(.text))
<BR><BR>[Calls]<UL><LI><a href="#[60]">&gt;&gt;</a>&nbsp;&nbsp;&nbsp;ACC_IRQHandler
</UL>
<BR>[Called By]<UL><LI><a href="#[60]">&gt;&gt;</a>&nbsp;&nbsp;&nbsp;ACC_IRQHandler
</UL>
<BR>[Address Reference Count : 1]<UL><LI> startup_at32f435_437.o(RESET)
</UL>
<P><STRONG><a name="[1e]"></a>ADC1_2_3_IRQHandler</STRONG> (Thumb, 0 bytes, Stack size 0 bytes, startup_at32f435_437.o(.text))
<BR>[Address Reference Count : 1]<UL><LI> startup_at32f435_437.o(RESET)
</UL>
<P><STRONG><a name="[20]"></a>CAN1_RX0_IRQHandler</STRONG> (Thumb, 0 bytes, Stack size 0 bytes, startup_at32f435_437.o(.text))
<BR>[Address Reference Count : 1]<UL><LI> startup_at32f435_437.o(RESET)
</UL>
<P><STRONG><a name="[21]"></a>CAN1_RX1_IRQHandler</STRONG> (Thumb, 0 bytes, Stack size 0 bytes, startup_at32f435_437.o(.text))
<BR>[Address Reference Count : 1]<UL><LI> startup_at32f435_437.o(RESET)
</UL>
<P><STRONG><a name="[22]"></a>CAN1_SE_IRQHandler</STRONG> (Thumb, 0 bytes, Stack size 0 bytes, startup_at32f435_437.o(.text))
<BR>[Address Reference Count : 1]<UL><LI> startup_at32f435_437.o(RESET)
</UL>
<P><STRONG><a name="[1f]"></a>CAN1_TX_IRQHandler</STRONG> (Thumb, 0 bytes, Stack size 0 bytes, startup_at32f435_437.o(.text))
<BR>[Address Reference Count : 1]<UL><LI> startup_at32f435_437.o(RESET)
</UL>
<P><STRONG><a name="[4c]"></a>CAN2_RX0_IRQHandler</STRONG> (Thumb, 0 bytes, Stack size 0 bytes, startup_at32f435_437.o(.text))
<BR>[Address Reference Count : 1]<UL><LI> startup_at32f435_437.o(RESET)
</UL>
<P><STRONG><a name="[4d]"></a>CAN2_RX1_IRQHandler</STRONG> (Thumb, 0 bytes, Stack size 0 bytes, startup_at32f435_437.o(.text))
<BR>[Address Reference Count : 1]<UL><LI> startup_at32f435_437.o(RESET)
</UL>
<P><STRONG><a name="[4e]"></a>CAN2_SE_IRQHandler</STRONG> (Thumb, 0 bytes, Stack size 0 bytes, startup_at32f435_437.o(.text))
<BR>[Address Reference Count : 1]<UL><LI> startup_at32f435_437.o(RESET)
</UL>
<P><STRONG><a name="[4b]"></a>CAN2_TX_IRQHandler</STRONG> (Thumb, 0 bytes, Stack size 0 bytes, startup_at32f435_437.o(.text))
<BR>[Address Reference Count : 1]<UL><LI> startup_at32f435_437.o(RESET)
</UL>
<P><STRONG><a name="[11]"></a>CRM_IRQHandler</STRONG> (Thumb, 0 bytes, Stack size 0 bytes, startup_at32f435_437.o(.text))
<BR>[Address Reference Count : 1]<UL><LI> startup_at32f435_437.o(RESET)
</UL>
<P><STRONG><a name="[44]"></a>DMA1_Channel1_IRQHandler</STRONG> (Thumb, 0 bytes, Stack size 0 bytes, startup_at32f435_437.o(.text))
<BR>[Address Reference Count : 1]<UL><LI> startup_at32f435_437.o(RESET)
</UL>
<P><STRONG><a name="[45]"></a>DMA1_Channel2_IRQHandler</STRONG> (Thumb, 0 bytes, Stack size 0 bytes, startup_at32f435_437.o(.text))
<BR>[Address Reference Count : 1]<UL><LI> startup_at32f435_437.o(RESET)
</UL>
<P><STRONG><a name="[46]"></a>DMA1_Channel3_IRQHandler</STRONG> (Thumb, 0 bytes, Stack size 0 bytes, startup_at32f435_437.o(.text))
<BR>[Address Reference Count : 1]<UL><LI> startup_at32f435_437.o(RESET)
</UL>
<P><STRONG><a name="[47]"></a>DMA1_Channel4_IRQHandler</STRONG> (Thumb, 0 bytes, Stack size 0 bytes, startup_at32f435_437.o(.text))
<BR>[Address Reference Count : 1]<UL><LI> startup_at32f435_437.o(RESET)
</UL>
<P><STRONG><a name="[48]"></a>DMA1_Channel5_IRQHandler</STRONG> (Thumb, 0 bytes, Stack size 0 bytes, startup_at32f435_437.o(.text))
<BR>[Address Reference Count : 1]<UL><LI> startup_at32f435_437.o(RESET)
</UL>
<P><STRONG><a name="[50]"></a>DMA1_Channel6_IRQHandler</STRONG> (Thumb, 0 bytes, Stack size 0 bytes, startup_at32f435_437.o(.text))
<BR>[Address Reference Count : 1]<UL><LI> startup_at32f435_437.o(RESET)
</UL>
<P><STRONG><a name="[51]"></a>DMA1_Channel7_IRQHandler</STRONG> (Thumb, 0 bytes, Stack size 0 bytes, startup_at32f435_437.o(.text))
<BR>[Address Reference Count : 1]<UL><LI> startup_at32f435_437.o(RESET)
</UL>
<P><STRONG><a name="[65]"></a>DMA2_Channel1_IRQHandler</STRONG> (Thumb, 0 bytes, Stack size 0 bytes, startup_at32f435_437.o(.text))
<BR>[Address Reference Count : 1]<UL><LI> startup_at32f435_437.o(RESET)
</UL>
<P><STRONG><a name="[66]"></a>DMA2_Channel2_IRQHandler</STRONG> (Thumb, 0 bytes, Stack size 0 bytes, startup_at32f435_437.o(.text))
<BR>[Address Reference Count : 1]<UL><LI> startup_at32f435_437.o(RESET)
</UL>
<P><STRONG><a name="[67]"></a>DMA2_Channel3_IRQHandler</STRONG> (Thumb, 0 bytes, Stack size 0 bytes, startup_at32f435_437.o(.text))
<BR>[Address Reference Count : 1]<UL><LI> startup_at32f435_437.o(RESET)
</UL>
<P><STRONG><a name="[68]"></a>DMA2_Channel4_IRQHandler</STRONG> (Thumb, 0 bytes, Stack size 0 bytes, startup_at32f435_437.o(.text))
<BR>[Address Reference Count : 1]<UL><LI> startup_at32f435_437.o(RESET)
</UL>
<P><STRONG><a name="[69]"></a>DMA2_Channel5_IRQHandler</STRONG> (Thumb, 0 bytes, Stack size 0 bytes, startup_at32f435_437.o(.text))
<BR>[Address Reference Count : 1]<UL><LI> startup_at32f435_437.o(RESET)
</UL>
<P><STRONG><a name="[6a]"></a>DMA2_Channel6_IRQHandler</STRONG> (Thumb, 0 bytes, Stack size 0 bytes, startup_at32f435_437.o(.text))
<BR>[Address Reference Count : 1]<UL><LI> startup_at32f435_437.o(RESET)
</UL>
<P><STRONG><a name="[6b]"></a>DMA2_Channel7_IRQHandler</STRONG> (Thumb, 0 bytes, Stack size 0 bytes, startup_at32f435_437.o(.text))
<BR>[Address Reference Count : 1]<UL><LI> startup_at32f435_437.o(RESET)
</UL>
<P><STRONG><a name="[5e]"></a>DMAMUX_IRQHandler</STRONG> (Thumb, 0 bytes, Stack size 0 bytes, startup_at32f435_437.o(.text))
<BR>[Address Reference Count : 1]<UL><LI> startup_at32f435_437.o(RESET)
</UL>
<P><STRONG><a name="[57]"></a>DVP_IRQHandler</STRONG> (Thumb, 0 bytes, Stack size 0 bytes, startup_at32f435_437.o(.text))
<BR>[Address Reference Count : 1]<UL><LI> startup_at32f435_437.o(RESET)
</UL>
<P><STRONG><a name="[17]"></a>EDMA_Stream1_IRQHandler</STRONG> (Thumb, 0 bytes, Stack size 0 bytes, startup_at32f435_437.o(.text))
<BR>[Address Reference Count : 1]<UL><LI> startup_at32f435_437.o(RESET)
</UL>
<P><STRONG><a name="[18]"></a>EDMA_Stream2_IRQHandler</STRONG> (Thumb, 0 bytes, Stack size 0 bytes, startup_at32f435_437.o(.text))
<BR>[Address Reference Count : 1]<UL><LI> startup_at32f435_437.o(RESET)
</UL>
<P><STRONG><a name="[19]"></a>EDMA_Stream3_IRQHandler</STRONG> (Thumb, 0 bytes, Stack size 0 bytes, startup_at32f435_437.o(.text))
<BR>[Address Reference Count : 1]<UL><LI> startup_at32f435_437.o(RESET)
</UL>
<P><STRONG><a name="[1a]"></a>EDMA_Stream4_IRQHandler</STRONG> (Thumb, 0 bytes, Stack size 0 bytes, startup_at32f435_437.o(.text))
<BR>[Address Reference Count : 1]<UL><LI> startup_at32f435_437.o(RESET)
</UL>
<P><STRONG><a name="[1b]"></a>EDMA_Stream5_IRQHandler</STRONG> (Thumb, 0 bytes, Stack size 0 bytes, startup_at32f435_437.o(.text))
<BR>[Address Reference Count : 1]<UL><LI> startup_at32f435_437.o(RESET)
</UL>
<P><STRONG><a name="[1c]"></a>EDMA_Stream6_IRQHandler</STRONG> (Thumb, 0 bytes, Stack size 0 bytes, startup_at32f435_437.o(.text))
<BR>[Address Reference Count : 1]<UL><LI> startup_at32f435_437.o(RESET)
</UL>
<P><STRONG><a name="[1d]"></a>EDMA_Stream7_IRQHandler</STRONG> (Thumb, 0 bytes, Stack size 0 bytes, startup_at32f435_437.o(.text))
<BR>[Address Reference Count : 1]<UL><LI> startup_at32f435_437.o(RESET)
</UL>
<P><STRONG><a name="[3b]"></a>EDMA_Stream8_IRQHandler</STRONG> (Thumb, 0 bytes, Stack size 0 bytes, startup_at32f435_437.o(.text))
<BR>[Address Reference Count : 1]<UL><LI> startup_at32f435_437.o(RESET)
</UL>
<P><STRONG><a name="[49]"></a>EMAC_IRQHandler</STRONG> (Thumb, 0 bytes, Stack size 0 bytes, startup_at32f435_437.o(.text))
<BR>[Address Reference Count : 1]<UL><LI> startup_at32f435_437.o(RESET)
</UL>
<P><STRONG><a name="[4a]"></a>EMAC_WKUP_IRQHandler</STRONG> (Thumb, 0 bytes, Stack size 0 bytes, startup_at32f435_437.o(.text))
<BR>[Address Reference Count : 1]<UL><LI> startup_at32f435_437.o(RESET)
</UL>
<P><STRONG><a name="[35]"></a>ERTCAlarm_IRQHandler</STRONG> (Thumb, 0 bytes, Stack size 0 bytes, startup_at32f435_437.o(.text))
<BR>[Address Reference Count : 1]<UL><LI> startup_at32f435_437.o(RESET)
</UL>
<P><STRONG><a name="[f]"></a>ERTC_WKUP_IRQHandler</STRONG> (Thumb, 0 bytes, Stack size 0 bytes, startup_at32f435_437.o(.text))
<BR>[Address Reference Count : 1]<UL><LI> startup_at32f435_437.o(RESET)
</UL>
<P><STRONG><a name="[34]"></a>EXINT15_10_IRQHandler</STRONG> (Thumb, 0 bytes, Stack size 0 bytes, startup_at32f435_437.o(.text))
<BR>[Address Reference Count : 1]<UL><LI> startup_at32f435_437.o(RESET)
</UL>
<P><STRONG><a name="[14]"></a>EXINT2_IRQHandler</STRONG> (Thumb, 0 bytes, Stack size 0 bytes, startup_at32f435_437.o(.text))
<BR>[Address Reference Count : 1]<UL><LI> startup_at32f435_437.o(RESET)
</UL>
<P><STRONG><a name="[15]"></a>EXINT3_IRQHandler</STRONG> (Thumb, 0 bytes, Stack size 0 bytes, startup_at32f435_437.o(.text))
<BR>[Address Reference Count : 1]<UL><LI> startup_at32f435_437.o(RESET)
</UL>
<P><STRONG><a name="[16]"></a>EXINT4_IRQHandler</STRONG> (Thumb, 0 bytes, Stack size 0 bytes, startup_at32f435_437.o(.text))
<BR>[Address Reference Count : 1]<UL><LI> startup_at32f435_437.o(RESET)
</UL>
<P><STRONG><a name="[10]"></a>FLASH_IRQHandler</STRONG> (Thumb, 0 bytes, Stack size 0 bytes, startup_at32f435_437.o(.text))
<BR>[Address Reference Count : 1]<UL><LI> startup_at32f435_437.o(RESET)
</UL>
<P><STRONG><a name="[58]"></a>FPU_IRQHandler</STRONG> (Thumb, 0 bytes, Stack size 0 bytes, startup_at32f435_437.o(.text))
<BR>[Address Reference Count : 1]<UL><LI> startup_at32f435_437.o(RESET)
</UL>
<P><STRONG><a name="[2c]"></a>I2C1_ERR_IRQHandler</STRONG> (Thumb, 0 bytes, Stack size 0 bytes, startup_at32f435_437.o(.text))
<BR>[Address Reference Count : 1]<UL><LI> startup_at32f435_437.o(RESET)
</UL>
<P><STRONG><a name="[2b]"></a>I2C1_EVT_IRQHandler</STRONG> (Thumb, 0 bytes, Stack size 0 bytes, startup_at32f435_437.o(.text))
<BR>[Address Reference Count : 1]<UL><LI> startup_at32f435_437.o(RESET)
</UL>
<P><STRONG><a name="[2e]"></a>I2C2_ERR_IRQHandler</STRONG> (Thumb, 0 bytes, Stack size 0 bytes, startup_at32f435_437.o(.text))
<BR>[Address Reference Count : 1]<UL><LI> startup_at32f435_437.o(RESET)
</UL>
<P><STRONG><a name="[2d]"></a>I2C2_EVT_IRQHandler</STRONG> (Thumb, 0 bytes, Stack size 0 bytes, startup_at32f435_437.o(.text))
<BR>[Address Reference Count : 1]<UL><LI> startup_at32f435_437.o(RESET)
</UL>
<P><STRONG><a name="[54]"></a>I2C3_ERR_IRQHandler</STRONG> (Thumb, 0 bytes, Stack size 0 bytes, startup_at32f435_437.o(.text))
<BR>[Address Reference Count : 1]<UL><LI> startup_at32f435_437.o(RESET)
</UL>
<P><STRONG><a name="[53]"></a>I2C3_EVT_IRQHandler</STRONG> (Thumb, 0 bytes, Stack size 0 bytes, startup_at32f435_437.o(.text))
<BR>[Address Reference Count : 1]<UL><LI> startup_at32f435_437.o(RESET)
</UL>
<P><STRONG><a name="[4f]"></a>OTGFS1_IRQHandler</STRONG> (Thumb, 0 bytes, Stack size 0 bytes, startup_at32f435_437.o(.text))
<BR>[Address Reference Count : 1]<UL><LI> startup_at32f435_437.o(RESET)
</UL>
<P><STRONG><a name="[36]"></a>OTGFS1_WKUP_IRQHandler</STRONG> (Thumb, 0 bytes, Stack size 0 bytes, startup_at32f435_437.o(.text))
<BR>[Address Reference Count : 1]<UL><LI> startup_at32f435_437.o(RESET)
</UL>
<P><STRONG><a name="[56]"></a>OTGFS2_IRQHandler</STRONG> (Thumb, 0 bytes, Stack size 0 bytes, startup_at32f435_437.o(.text))
<BR>[Address Reference Count : 1]<UL><LI> startup_at32f435_437.o(RESET)
</UL>
<P><STRONG><a name="[55]"></a>OTGFS2_WKUP_IRQHandler</STRONG> (Thumb, 0 bytes, Stack size 0 bytes, startup_at32f435_437.o(.text))
<BR>[Address Reference Count : 1]<UL><LI> startup_at32f435_437.o(RESET)
</UL>
<P><STRONG><a name="[d]"></a>PVM_IRQHandler</STRONG> (Thumb, 0 bytes, Stack size 0 bytes, startup_at32f435_437.o(.text))
<BR>[Address Reference Count : 1]<UL><LI> startup_at32f435_437.o(RESET)
</UL>
<P><STRONG><a name="[5d]"></a>QSPI1_IRQHandler</STRONG> (Thumb, 0 bytes, Stack size 0 bytes, startup_at32f435_437.o(.text))
<BR>[Address Reference Count : 1]<UL><LI> startup_at32f435_437.o(RESET)
</UL>
<P><STRONG><a name="[5c]"></a>QSPI2_IRQHandler</STRONG> (Thumb, 0 bytes, Stack size 0 bytes, startup_at32f435_437.o(.text))
<BR>[Address Reference Count : 1]<UL><LI> startup_at32f435_437.o(RESET)
</UL>
<P><STRONG><a name="[3d]"></a>SDIO1_IRQHandler</STRONG> (Thumb, 0 bytes, Stack size 0 bytes, startup_at32f435_437.o(.text))
<BR>[Address Reference Count : 1]<UL><LI> startup_at32f435_437.o(RESET)
</UL>
<P><STRONG><a name="[5f]"></a>SDIO2_IRQHandler</STRONG> (Thumb, 0 bytes, Stack size 0 bytes, startup_at32f435_437.o(.text))
<BR>[Address Reference Count : 1]<UL><LI> startup_at32f435_437.o(RESET)
</UL>
<P><STRONG><a name="[2f]"></a>SPI1_IRQHandler</STRONG> (Thumb, 0 bytes, Stack size 0 bytes, startup_at32f435_437.o(.text))
<BR>[Address Reference Count : 1]<UL><LI> startup_at32f435_437.o(RESET)
</UL>
<P><STRONG><a name="[30]"></a>SPI2_I2S2EXT_IRQHandler</STRONG> (Thumb, 0 bytes, Stack size 0 bytes, startup_at32f435_437.o(.text))
<BR>[Address Reference Count : 1]<UL><LI> startup_at32f435_437.o(RESET)
</UL>
<P><STRONG><a name="[3f]"></a>SPI3_I2S3EXT_IRQHandler</STRONG> (Thumb, 0 bytes, Stack size 0 bytes, startup_at32f435_437.o(.text))
<BR>[Address Reference Count : 1]<UL><LI> startup_at32f435_437.o(RESET)
</UL>
<P><STRONG><a name="[5b]"></a>SPI4_IRQHandler</STRONG> (Thumb, 0 bytes, Stack size 0 bytes, startup_at32f435_437.o(.text))
<BR>[Address Reference Count : 1]<UL><LI> startup_at32f435_437.o(RESET)
</UL>
<P><STRONG><a name="[e]"></a>TAMP_STAMP_IRQHandler</STRONG> (Thumb, 0 bytes, Stack size 0 bytes, startup_at32f435_437.o(.text))
<BR>[Address Reference Count : 1]<UL><LI> startup_at32f435_437.o(RESET)
</UL>
<P><STRONG><a name="[24]"></a>TMR1_BRK_TMR9_IRQHandler</STRONG> (Thumb, 0 bytes, Stack size 0 bytes, startup_at32f435_437.o(.text))
<BR>[Address Reference Count : 1]<UL><LI> startup_at32f435_437.o(RESET)
</UL>
<P><STRONG><a name="[27]"></a>TMR1_CH_IRQHandler</STRONG> (Thumb, 0 bytes, Stack size 0 bytes, startup_at32f435_437.o(.text))
<BR>[Address Reference Count : 1]<UL><LI> startup_at32f435_437.o(RESET)
</UL>
<P><STRONG><a name="[25]"></a>TMR1_OVF_TMR10_IRQHandler</STRONG> (Thumb, 0 bytes, Stack size 0 bytes, startup_at32f435_437.o(.text))
<BR>[Address Reference Count : 1]<UL><LI> startup_at32f435_437.o(RESET)
</UL>
<P><STRONG><a name="[26]"></a>TMR1_TRG_HALL_TMR11_IRQHandler</STRONG> (Thumb, 0 bytes, Stack size 0 bytes, startup_at32f435_437.o(.text))
<BR>[Address Reference Count : 1]<UL><LI> startup_at32f435_437.o(RESET)
</UL>
<P><STRONG><a name="[61]"></a>TMR20_BRK_IRQHandler</STRONG> (Thumb, 0 bytes, Stack size 0 bytes, startup_at32f435_437.o(.text))
<BR>[Address Reference Count : 1]<UL><LI> startup_at32f435_437.o(RESET)
</UL>
<P><STRONG><a name="[64]"></a>TMR20_CH_IRQHandler</STRONG> (Thumb, 0 bytes, Stack size 0 bytes, startup_at32f435_437.o(.text))
<BR>[Address Reference Count : 1]<UL><LI> startup_at32f435_437.o(RESET)
</UL>
<P><STRONG><a name="[62]"></a>TMR20_OVF_IRQHandler</STRONG> (Thumb, 0 bytes, Stack size 0 bytes, startup_at32f435_437.o(.text))
<BR>[Address Reference Count : 1]<UL><LI> startup_at32f435_437.o(RESET)
</UL>
<P><STRONG><a name="[63]"></a>TMR20_TRG_HALL_IRQHandler</STRONG> (Thumb, 0 bytes, Stack size 0 bytes, startup_at32f435_437.o(.text))
<BR>[Address Reference Count : 1]<UL><LI> startup_at32f435_437.o(RESET)
</UL>
<P><STRONG><a name="[28]"></a>TMR2_GLOBAL_IRQHandler</STRONG> (Thumb, 0 bytes, Stack size 0 bytes, startup_at32f435_437.o(.text))
<BR>[Address Reference Count : 1]<UL><LI> startup_at32f435_437.o(RESET)
</UL>
<P><STRONG><a name="[29]"></a>TMR3_GLOBAL_IRQHandler</STRONG> (Thumb, 0 bytes, Stack size 0 bytes, startup_at32f435_437.o(.text))
<BR>[Address Reference Count : 1]<UL><LI> startup_at32f435_437.o(RESET)
</UL>
<P><STRONG><a name="[2a]"></a>TMR4_GLOBAL_IRQHandler</STRONG> (Thumb, 0 bytes, Stack size 0 bytes, startup_at32f435_437.o(.text))
<BR>[Address Reference Count : 1]<UL><LI> startup_at32f435_437.o(RESET)
</UL>
<P><STRONG><a name="[3e]"></a>TMR5_GLOBAL_IRQHandler</STRONG> (Thumb, 0 bytes, Stack size 0 bytes, startup_at32f435_437.o(.text))
<BR>[Address Reference Count : 1]<UL><LI> startup_at32f435_437.o(RESET)
</UL>
<P><STRONG><a name="[42]"></a>TMR6_DAC_GLOBAL_IRQHandler</STRONG> (Thumb, 0 bytes, Stack size 0 bytes, startup_at32f435_437.o(.text))
<BR>[Address Reference Count : 1]<UL><LI> startup_at32f435_437.o(RESET)
</UL>
<P><STRONG><a name="[37]"></a>TMR8_BRK_TMR12_IRQHandler</STRONG> (Thumb, 0 bytes, Stack size 0 bytes, startup_at32f435_437.o(.text))
<BR>[Address Reference Count : 1]<UL><LI> startup_at32f435_437.o(RESET)
</UL>
<P><STRONG><a name="[3a]"></a>TMR8_CH_IRQHandler</STRONG> (Thumb, 0 bytes, Stack size 0 bytes, startup_at32f435_437.o(.text))
<BR>[Address Reference Count : 1]<UL><LI> startup_at32f435_437.o(RESET)
</UL>
<P><STRONG><a name="[38]"></a>TMR8_OVF_TMR13_IRQHandler</STRONG> (Thumb, 0 bytes, Stack size 0 bytes, startup_at32f435_437.o(.text))
<BR>[Address Reference Count : 1]<UL><LI> startup_at32f435_437.o(RESET)
</UL>
<P><STRONG><a name="[39]"></a>TMR8_TRG_HALL_TMR14_IRQHandler</STRONG> (Thumb, 0 bytes, Stack size 0 bytes, startup_at32f435_437.o(.text))
<BR>[Address Reference Count : 1]<UL><LI> startup_at32f435_437.o(RESET)
</UL>
<P><STRONG><a name="[40]"></a>UART4_IRQHandler</STRONG> (Thumb, 0 bytes, Stack size 0 bytes, startup_at32f435_437.o(.text))
<BR>[Address Reference Count : 1]<UL><LI> startup_at32f435_437.o(RESET)
</UL>
<P><STRONG><a name="[41]"></a>UART5_IRQHandler</STRONG> (Thumb, 0 bytes, Stack size 0 bytes, startup_at32f435_437.o(.text))
<BR>[Address Reference Count : 1]<UL><LI> startup_at32f435_437.o(RESET)
</UL>
<P><STRONG><a name="[59]"></a>UART7_IRQHandler</STRONG> (Thumb, 0 bytes, Stack size 0 bytes, startup_at32f435_437.o(.text))
<BR>[Address Reference Count : 1]<UL><LI> startup_at32f435_437.o(RESET)
</UL>
<P><STRONG><a name="[5a]"></a>UART8_IRQHandler</STRONG> (Thumb, 0 bytes, Stack size 0 bytes, startup_at32f435_437.o(.text))
<BR>[Address Reference Count : 1]<UL><LI> startup_at32f435_437.o(RESET)
</UL>
<P><STRONG><a name="[31]"></a>USART1_IRQHandler</STRONG> (Thumb, 0 bytes, Stack size 0 bytes, startup_at32f435_437.o(.text))
<BR>[Address Reference Count : 1]<UL><LI> startup_at32f435_437.o(RESET)
</UL>
<P><STRONG><a name="[32]"></a>USART2_IRQHandler</STRONG> (Thumb, 0 bytes, Stack size 0 bytes, startup_at32f435_437.o(.text))
<BR>[Address Reference Count : 1]<UL><LI> startup_at32f435_437.o(RESET)
</UL>
<P><STRONG><a name="[33]"></a>USART3_IRQHandler</STRONG> (Thumb, 0 bytes, Stack size 0 bytes, startup_at32f435_437.o(.text))
<BR>[Address Reference Count : 1]<UL><LI> startup_at32f435_437.o(RESET)
</UL>
<P><STRONG><a name="[52]"></a>USART6_IRQHandler</STRONG> (Thumb, 0 bytes, Stack size 0 bytes, startup_at32f435_437.o(.text))
<BR>[Address Reference Count : 1]<UL><LI> startup_at32f435_437.o(RESET)
</UL>
<P><STRONG><a name="[c]"></a>WWDT_IRQHandler</STRONG> (Thumb, 0 bytes, Stack size 0 bytes, startup_at32f435_437.o(.text))
<BR>[Address Reference Count : 1]<UL><LI> startup_at32f435_437.o(RESET)
</UL>
<P><STRONG><a name="[3c]"></a>XMC_IRQHandler</STRONG> (Thumb, 0 bytes, Stack size 0 bytes, startup_at32f435_437.o(.text))
<BR>[Address Reference Count : 1]<UL><LI> startup_at32f435_437.o(RESET)
</UL>
<P><STRONG><a name="[71]"></a>__aeabi_uldivmod</STRONG> (Thumb, 98 bytes, Stack size 40 bytes, uldiv.o(.text))
<BR><BR>[Stack]<UL><LI>Max Depth = 40<LI>Call Chain = __aeabi_uldivmod
</UL>
<BR>[Calls]<UL><LI><a href="#[72]">&gt;&gt;</a>&nbsp;&nbsp;&nbsp;__aeabi_llsr
<LI><a href="#[73]">&gt;&gt;</a>&nbsp;&nbsp;&nbsp;__aeabi_llsl
</UL>
<BR>[Called By]<UL><LI><a href="#[113]">&gt;&gt;</a>&nbsp;&nbsp;&nbsp;crm_clocks_freq_get
<LI><a href="#[117]">&gt;&gt;</a>&nbsp;&nbsp;&nbsp;system_core_clock_update
</UL>

<P><STRONG><a name="[b3]"></a>__aeabi_memcpy</STRONG> (Thumb, 36 bytes, Stack size 0 bytes, memcpya.o(.text))
<BR><BR>[Called By]<UL><LI><a href="#[e2]">&gt;&gt;</a>&nbsp;&nbsp;&nbsp;MBX_CopyToSendMailbox
<LI><a href="#[b4]">&gt;&gt;</a>&nbsp;&nbsp;&nbsp;SDOS_SdoInfoInd
<LI><a href="#[bb]">&gt;&gt;</a>&nbsp;&nbsp;&nbsp;SDOS_SdoInd
<LI><a href="#[b0]">&gt;&gt;</a>&nbsp;&nbsp;&nbsp;COE_ContinueInd
<LI><a href="#[b7]">&gt;&gt;</a>&nbsp;&nbsp;&nbsp;SDOS_SdoRes
<LI><a href="#[1]">&gt;&gt;</a>&nbsp;&nbsp;&nbsp;Read0x10F8
<LI><a href="#[10b]">&gt;&gt;</a>&nbsp;&nbsp;&nbsp;SdoUploadSegmentInd
<LI><a href="#[10a]">&gt;&gt;</a>&nbsp;&nbsp;&nbsp;SdoDownloadSegmentInd
<LI><a href="#[104]">&gt;&gt;</a>&nbsp;&nbsp;&nbsp;OBJ_Write
<LI><a href="#[102]">&gt;&gt;</a>&nbsp;&nbsp;&nbsp;OBJ_Read
<LI><a href="#[fa]">&gt;&gt;</a>&nbsp;&nbsp;&nbsp;OBJ_GetDesc
</UL>

<P><STRONG><a name="[c5]"></a>__aeabi_memcpy4</STRONG> (Thumb, 0 bytes, Stack size 0 bytes, memcpya.o(.text))
<BR><BR>[Called By]<UL><LI><a href="#[c3]">&gt;&gt;</a>&nbsp;&nbsp;&nbsp;CiA402_Init
</UL>

<P><STRONG><a name="[13c]"></a>__aeabi_memcpy8</STRONG> (Thumb, 0 bytes, Stack size 0 bytes, memcpya.o(.text), UNUSED)

<P><STRONG><a name="[75]"></a>__aeabi_memset</STRONG> (Thumb, 14 bytes, Stack size 0 bytes, memseta.o(.text), UNUSED)
<BR><BR>[Called By]<UL><LI><a href="#[76]">&gt;&gt;</a>&nbsp;&nbsp;&nbsp;_memset$wrapper
<LI><a href="#[74]">&gt;&gt;</a>&nbsp;&nbsp;&nbsp;__aeabi_memclr
</UL>

<P><STRONG><a name="[13d]"></a>__aeabi_memset4</STRONG> (Thumb, 0 bytes, Stack size 0 bytes, memseta.o(.text), UNUSED)

<P><STRONG><a name="[13e]"></a>__aeabi_memset8</STRONG> (Thumb, 0 bytes, Stack size 0 bytes, memseta.o(.text), UNUSED)

<P><STRONG><a name="[74]"></a>__aeabi_memclr</STRONG> (Thumb, 4 bytes, Stack size 0 bytes, memseta.o(.text), UNUSED)
<BR><BR>[Calls]<UL><LI><a href="#[75]">&gt;&gt;</a>&nbsp;&nbsp;&nbsp;__aeabi_memset
</UL>

<P><STRONG><a name="[c4]"></a>__aeabi_memclr4</STRONG> (Thumb, 0 bytes, Stack size 0 bytes, memseta.o(.text))
<BR><BR>[Called By]<UL><LI><a href="#[c3]">&gt;&gt;</a>&nbsp;&nbsp;&nbsp;CiA402_Init
</UL>

<P><STRONG><a name="[13f]"></a>__aeabi_memclr8</STRONG> (Thumb, 0 bytes, Stack size 0 bytes, memseta.o(.text), UNUSED)

<P><STRONG><a name="[76]"></a>_memset$wrapper</STRONG> (Thumb, 18 bytes, Stack size 8 bytes, memseta.o(.text), UNUSED)
<BR><BR>[Calls]<UL><LI><a href="#[75]">&gt;&gt;</a>&nbsp;&nbsp;&nbsp;__aeabi_memset
</UL>

<P><STRONG><a name="[fb]"></a>strlen</STRONG> (Thumb, 14 bytes, Stack size 0 bytes, strlen.o(.text))
<BR><BR>[Called By]<UL><LI><a href="#[fa]">&gt;&gt;</a>&nbsp;&nbsp;&nbsp;OBJ_GetDesc
</UL>

<P><STRONG><a name="[77]"></a>__aeabi_dadd</STRONG> (Thumb, 322 bytes, Stack size 48 bytes, dadd.o(.text))
<BR><BR>[Stack]<UL><LI>Max Depth = 88<LI>Call Chain = __aeabi_dadd &rArr; _double_epilogue &rArr; _double_round
</UL>
<BR>[Calls]<UL><LI><a href="#[78]">&gt;&gt;</a>&nbsp;&nbsp;&nbsp;__aeabi_lasr
<LI><a href="#[73]">&gt;&gt;</a>&nbsp;&nbsp;&nbsp;__aeabi_llsl
<LI><a href="#[7a]">&gt;&gt;</a>&nbsp;&nbsp;&nbsp;_double_round
<LI><a href="#[79]">&gt;&gt;</a>&nbsp;&nbsp;&nbsp;_double_epilogue
</UL>
<BR>[Called By]<UL><LI><a href="#[c0]">&gt;&gt;</a>&nbsp;&nbsp;&nbsp;CiA402_DummyMotionControl
<LI><a href="#[7c]">&gt;&gt;</a>&nbsp;&nbsp;&nbsp;__aeabi_drsub
<LI><a href="#[7b]">&gt;&gt;</a>&nbsp;&nbsp;&nbsp;__aeabi_dsub
</UL>

<P><STRONG><a name="[7b]"></a>__aeabi_dsub</STRONG> (Thumb, 6 bytes, Stack size 0 bytes, dadd.o(.text), UNUSED)
<BR><BR>[Calls]<UL><LI><a href="#[77]">&gt;&gt;</a>&nbsp;&nbsp;&nbsp;__aeabi_dadd
</UL>

<P><STRONG><a name="[7c]"></a>__aeabi_drsub</STRONG> (Thumb, 6 bytes, Stack size 0 bytes, dadd.o(.text), UNUSED)
<BR><BR>[Calls]<UL><LI><a href="#[77]">&gt;&gt;</a>&nbsp;&nbsp;&nbsp;__aeabi_dadd
</UL>

<P><STRONG><a name="[7d]"></a>__aeabi_dmul</STRONG> (Thumb, 228 bytes, Stack size 48 bytes, dmul.o(.text))
<BR><BR>[Stack]<UL><LI>Max Depth = 88<LI>Call Chain = __aeabi_dmul &rArr; _double_epilogue &rArr; _double_round
</UL>
<BR>[Calls]<UL><LI><a href="#[79]">&gt;&gt;</a>&nbsp;&nbsp;&nbsp;_double_epilogue
</UL>
<BR>[Called By]<UL><LI><a href="#[c0]">&gt;&gt;</a>&nbsp;&nbsp;&nbsp;CiA402_DummyMotionControl
</UL>

<P><STRONG><a name="[7e]"></a>__aeabi_i2d</STRONG> (Thumb, 34 bytes, Stack size 16 bytes, dflti.o(.text))
<BR><BR>[Stack]<UL><LI>Max Depth = 56<LI>Call Chain = __aeabi_i2d &rArr; _double_epilogue &rArr; _double_round
</UL>
<BR>[Calls]<UL><LI><a href="#[79]">&gt;&gt;</a>&nbsp;&nbsp;&nbsp;_double_epilogue
</UL>
<BR>[Called By]<UL><LI><a href="#[c0]">&gt;&gt;</a>&nbsp;&nbsp;&nbsp;CiA402_DummyMotionControl
</UL>

<P><STRONG><a name="[7f]"></a>__aeabi_d2iz</STRONG> (Thumb, 62 bytes, Stack size 16 bytes, dfixi.o(.text))
<BR><BR>[Stack]<UL><LI>Max Depth = 16<LI>Call Chain = __aeabi_d2iz
</UL>
<BR>[Calls]<UL><LI><a href="#[72]">&gt;&gt;</a>&nbsp;&nbsp;&nbsp;__aeabi_llsr
</UL>
<BR>[Called By]<UL><LI><a href="#[c0]">&gt;&gt;</a>&nbsp;&nbsp;&nbsp;CiA402_DummyMotionControl
</UL>

<P><STRONG><a name="[c2]"></a>__aeabi_f2d</STRONG> (Thumb, 38 bytes, Stack size 0 bytes, f2d.o(.text))
<BR><BR>[Called By]<UL><LI><a href="#[c0]">&gt;&gt;</a>&nbsp;&nbsp;&nbsp;CiA402_DummyMotionControl
</UL>

<P><STRONG><a name="[73]"></a>__aeabi_llsl</STRONG> (Thumb, 30 bytes, Stack size 0 bytes, llshl.o(.text))
<BR><BR>[Called By]<UL><LI><a href="#[77]">&gt;&gt;</a>&nbsp;&nbsp;&nbsp;__aeabi_dadd
<LI><a href="#[79]">&gt;&gt;</a>&nbsp;&nbsp;&nbsp;_double_epilogue
<LI><a href="#[71]">&gt;&gt;</a>&nbsp;&nbsp;&nbsp;__aeabi_uldivmod
</UL>

<P><STRONG><a name="[140]"></a>_ll_shift_l</STRONG> (Thumb, 0 bytes, Stack size 0 bytes, llshl.o(.text), UNUSED)

<P><STRONG><a name="[72]"></a>__aeabi_llsr</STRONG> (Thumb, 32 bytes, Stack size 0 bytes, llushr.o(.text))
<BR><BR>[Called By]<UL><LI><a href="#[7f]">&gt;&gt;</a>&nbsp;&nbsp;&nbsp;__aeabi_d2iz
<LI><a href="#[79]">&gt;&gt;</a>&nbsp;&nbsp;&nbsp;_double_epilogue
<LI><a href="#[71]">&gt;&gt;</a>&nbsp;&nbsp;&nbsp;__aeabi_uldivmod
</UL>

<P><STRONG><a name="[141]"></a>_ll_ushift_r</STRONG> (Thumb, 0 bytes, Stack size 0 bytes, llushr.o(.text), UNUSED)

<P><STRONG><a name="[78]"></a>__aeabi_lasr</STRONG> (Thumb, 36 bytes, Stack size 0 bytes, llsshr.o(.text))
<BR><BR>[Called By]<UL><LI><a href="#[77]">&gt;&gt;</a>&nbsp;&nbsp;&nbsp;__aeabi_dadd
</UL>

<P><STRONG><a name="[142]"></a>_ll_sshift_r</STRONG> (Thumb, 0 bytes, Stack size 0 bytes, llsshr.o(.text), UNUSED)

<P><STRONG><a name="[143]"></a>__I$use$fp</STRONG> (Thumb, 0 bytes, Stack size 8 bytes, iusefp.o(.text), UNUSED)

<P><STRONG><a name="[7a]"></a>_double_round</STRONG> (Thumb, 30 bytes, Stack size 8 bytes, depilogue.o(.text))
<BR><BR>[Stack]<UL><LI>Max Depth = 8<LI>Call Chain = _double_round
</UL>
<BR>[Called By]<UL><LI><a href="#[77]">&gt;&gt;</a>&nbsp;&nbsp;&nbsp;__aeabi_dadd
<LI><a href="#[79]">&gt;&gt;</a>&nbsp;&nbsp;&nbsp;_double_epilogue
</UL>

<P><STRONG><a name="[79]"></a>_double_epilogue</STRONG> (Thumb, 156 bytes, Stack size 32 bytes, depilogue.o(.text))
<BR><BR>[Stack]<UL><LI>Max Depth = 40<LI>Call Chain = _double_epilogue &rArr; _double_round
</UL>
<BR>[Calls]<UL><LI><a href="#[72]">&gt;&gt;</a>&nbsp;&nbsp;&nbsp;__aeabi_llsr
<LI><a href="#[73]">&gt;&gt;</a>&nbsp;&nbsp;&nbsp;__aeabi_llsl
<LI><a href="#[7a]">&gt;&gt;</a>&nbsp;&nbsp;&nbsp;_double_round
</UL>
<BR>[Called By]<UL><LI><a href="#[7e]">&gt;&gt;</a>&nbsp;&nbsp;&nbsp;__aeabi_i2d
<LI><a href="#[7d]">&gt;&gt;</a>&nbsp;&nbsp;&nbsp;__aeabi_dmul
<LI><a href="#[77]">&gt;&gt;</a>&nbsp;&nbsp;&nbsp;__aeabi_dadd
</UL>

<P><STRONG><a name="[70]"></a>__scatterload</STRONG> (Thumb, 28 bytes, Stack size 0 bytes, init.o(.text))
<BR><BR>[Calls]<UL><LI><a href="#[80]">&gt;&gt;</a>&nbsp;&nbsp;&nbsp;__main_after_scatterload
</UL>
<BR>[Called By]<UL><LI><a href="#[6f]">&gt;&gt;</a>&nbsp;&nbsp;&nbsp;_main_scatterload
</UL>

<P><STRONG><a name="[144]"></a>__scatterload_rt2</STRONG> (Thumb, 0 bytes, Stack size 0 bytes, init.o(.text), UNUSED)

<P><STRONG><a name="[145]"></a>__decompress</STRONG> (Thumb, 0 bytes, Stack size unknown bytes, __dczerorl2.o(.text), UNUSED)

<P><STRONG><a name="[146]"></a>__decompress1</STRONG> (Thumb, 86 bytes, Stack size unknown bytes, __dczerorl2.o(.text), UNUSED)

<P><STRONG><a name="[81]"></a>AL_ControlInd</STRONG> (Thumb, 1272 bytes, Stack size 24 bytes, ecatslv.o(i.AL_ControlInd))
<BR><BR>[Stack]<UL><LI>Max Depth = 192<LI>Call Chain = AL_ControlInd &rArr; StartInputHandler &rArr; PDO_InputMapping &rArr; HW_GetALEventRegister_Isr &rArr; ISR_GetInterruptRegister &rArr; HW_EscReadIsr &rArr; CF11xx_SPI_EscReadIsr &rArr; AddressingEsc &rArr; WR_CMD
</UL>
<BR>[Calls]<UL><LI><a href="#[9a]">&gt;&gt;</a>&nbsp;&nbsp;&nbsp;CiA402_LocalError
<LI><a href="#[94]">&gt;&gt;</a>&nbsp;&nbsp;&nbsp;APPL_StopOutputHandler
<LI><a href="#[87]">&gt;&gt;</a>&nbsp;&nbsp;&nbsp;APPL_StopMailboxHandler
<LI><a href="#[90]">&gt;&gt;</a>&nbsp;&nbsp;&nbsp;APPL_StopInputHandler
<LI><a href="#[93]">&gt;&gt;</a>&nbsp;&nbsp;&nbsp;APPL_StartOutputHandler
<LI><a href="#[86]">&gt;&gt;</a>&nbsp;&nbsp;&nbsp;APPL_StartMailboxHandler
<LI><a href="#[8e]">&gt;&gt;</a>&nbsp;&nbsp;&nbsp;APPL_StartInputHandler
<LI><a href="#[83]">&gt;&gt;</a>&nbsp;&nbsp;&nbsp;APPL_GenerateMapping
<LI><a href="#[96]">&gt;&gt;</a>&nbsp;&nbsp;&nbsp;APPL_AckErrorInd
<LI><a href="#[8a]">&gt;&gt;</a>&nbsp;&nbsp;&nbsp;BL_Stop
<LI><a href="#[89]">&gt;&gt;</a>&nbsp;&nbsp;&nbsp;BL_Start
<LI><a href="#[88]">&gt;&gt;</a>&nbsp;&nbsp;&nbsp;MBX_StopMailboxHandler
<LI><a href="#[85]">&gt;&gt;</a>&nbsp;&nbsp;&nbsp;MBX_StartMailboxHandler
<LI><a href="#[8c]">&gt;&gt;</a>&nbsp;&nbsp;&nbsp;UpdateEEPROMLoadedState
<LI><a href="#[95]">&gt;&gt;</a>&nbsp;&nbsp;&nbsp;StopOutputHandler
<LI><a href="#[91]">&gt;&gt;</a>&nbsp;&nbsp;&nbsp;StopInputHandler
<LI><a href="#[92]">&gt;&gt;</a>&nbsp;&nbsp;&nbsp;StartOutputHandler
<LI><a href="#[8d]">&gt;&gt;</a>&nbsp;&nbsp;&nbsp;StartInputHandler
<LI><a href="#[99]">&gt;&gt;</a>&nbsp;&nbsp;&nbsp;SetALStatus
<LI><a href="#[8f]">&gt;&gt;</a>&nbsp;&nbsp;&nbsp;SetALEventMask
<LI><a href="#[84]">&gt;&gt;</a>&nbsp;&nbsp;&nbsp;ResetALEventMask
<LI><a href="#[97]">&gt;&gt;</a>&nbsp;&nbsp;&nbsp;EnableSyncManChannel
<LI><a href="#[98]">&gt;&gt;</a>&nbsp;&nbsp;&nbsp;DisableSyncManChannel
<LI><a href="#[82]">&gt;&gt;</a>&nbsp;&nbsp;&nbsp;CheckSmSettings
<LI><a href="#[8b]">&gt;&gt;</a>&nbsp;&nbsp;&nbsp;BackToInitTransition
</UL>
<BR>[Called By]<UL><LI><a href="#[cf]">&gt;&gt;</a>&nbsp;&nbsp;&nbsp;ECAT_Main
<LI><a href="#[bd]">&gt;&gt;</a>&nbsp;&nbsp;&nbsp;CheckIfEcatError
</UL>

<P><STRONG><a name="[9b]"></a>AL_ControlRes</STRONG> (Thumb, 480 bytes, Stack size 16 bytes, ecatslv.o(i.AL_ControlRes))
<BR><BR>[Stack]<UL><LI>Max Depth = 128<LI>Call Chain = AL_ControlRes &rArr; MBX_StopMailboxHandler &rArr; DisableSyncManChannel &rArr; HW_EscWrite &rArr; CF11xx_SPI_EscWrite &rArr; AddressingEsc &rArr; WR_CMD
</UL>
<BR>[Calls]<UL><LI><a href="#[94]">&gt;&gt;</a>&nbsp;&nbsp;&nbsp;APPL_StopOutputHandler
<LI><a href="#[87]">&gt;&gt;</a>&nbsp;&nbsp;&nbsp;APPL_StopMailboxHandler
<LI><a href="#[90]">&gt;&gt;</a>&nbsp;&nbsp;&nbsp;APPL_StopInputHandler
<LI><a href="#[93]">&gt;&gt;</a>&nbsp;&nbsp;&nbsp;APPL_StartOutputHandler
<LI><a href="#[86]">&gt;&gt;</a>&nbsp;&nbsp;&nbsp;APPL_StartMailboxHandler
<LI><a href="#[8e]">&gt;&gt;</a>&nbsp;&nbsp;&nbsp;APPL_StartInputHandler
<LI><a href="#[88]">&gt;&gt;</a>&nbsp;&nbsp;&nbsp;MBX_StopMailboxHandler
<LI><a href="#[95]">&gt;&gt;</a>&nbsp;&nbsp;&nbsp;StopOutputHandler
<LI><a href="#[91]">&gt;&gt;</a>&nbsp;&nbsp;&nbsp;StopInputHandler
<LI><a href="#[99]">&gt;&gt;</a>&nbsp;&nbsp;&nbsp;SetALStatus
</UL>
<BR>[Called By]<UL><LI><a href="#[cf]">&gt;&gt;</a>&nbsp;&nbsp;&nbsp;ECAT_Main
</UL>

<P><STRONG><a name="[96]"></a>APPL_AckErrorInd</STRONG> (Thumb, 2 bytes, Stack size 0 bytes, cia402appl.o(i.APPL_AckErrorInd))
<BR><BR>[Called By]<UL><LI><a href="#[81]">&gt;&gt;</a>&nbsp;&nbsp;&nbsp;AL_ControlInd
</UL>

<P><STRONG><a name="[9c]"></a>APPL_Application</STRONG> (Thumb, 52 bytes, Stack size 8 bytes, cia402appl.o(i.APPL_Application))
<BR><BR>[Stack]<UL><LI>Max Depth = 152<LI>Call Chain = APPL_Application &rArr; CiA402_Application &rArr; CiA402_DummyMotionControl &rArr; __aeabi_dmul &rArr; _double_epilogue &rArr; _double_round
</UL>
<BR>[Calls]<UL><LI><a href="#[9d]">&gt;&gt;</a>&nbsp;&nbsp;&nbsp;CiA402_Application
</UL>
<BR>[Called By]<UL><LI><a href="#[c9]">&gt;&gt;</a>&nbsp;&nbsp;&nbsp;ECAT_Application
</UL>

<P><STRONG><a name="[83]"></a>APPL_GenerateMapping</STRONG> (Thumb, 748 bytes, Stack size 40 bytes, cia402appl.o(i.APPL_GenerateMapping))
<BR><BR>[Stack]<UL><LI>Max Depth = 52<LI>Call Chain = APPL_GenerateMapping &rArr; COE_RemoveDicEntry
</UL>
<BR>[Calls]<UL><LI><a href="#[9f]">&gt;&gt;</a>&nbsp;&nbsp;&nbsp;COE_RemoveDicEntry
<LI><a href="#[9e]">&gt;&gt;</a>&nbsp;&nbsp;&nbsp;COE_AddObjectToDic
</UL>
<BR>[Called By]<UL><LI><a href="#[6c]">&gt;&gt;</a>&nbsp;&nbsp;&nbsp;main
<LI><a href="#[81]">&gt;&gt;</a>&nbsp;&nbsp;&nbsp;AL_ControlInd
</UL>

<P><STRONG><a name="[107]"></a>APPL_InputMapping</STRONG> (Thumb, 266 bytes, Stack size 16 bytes, cia402appl.o(i.APPL_InputMapping))
<BR><BR>[Stack]<UL><LI>Max Depth = 16<LI>Call Chain = APPL_InputMapping
</UL>
<BR>[Called By]<UL><LI><a href="#[f8]">&gt;&gt;</a>&nbsp;&nbsp;&nbsp;PDO_InputMapping
</UL>

<P><STRONG><a name="[108]"></a>APPL_OutputMapping</STRONG> (Thumb, 266 bytes, Stack size 20 bytes, cia402appl.o(i.APPL_OutputMapping))
<BR><BR>[Stack]<UL><LI>Max Depth = 20<LI>Call Chain = APPL_OutputMapping
</UL>
<BR>[Called By]<UL><LI><a href="#[f7]">&gt;&gt;</a>&nbsp;&nbsp;&nbsp;PDO_OutputMapping
</UL>

<P><STRONG><a name="[8e]"></a>APPL_StartInputHandler</STRONG> (Thumb, 214 bytes, Stack size 16 bytes, cia402appl.o(i.APPL_StartInputHandler))
<BR><BR>[Stack]<UL><LI>Max Depth = 88<LI>Call Chain = APPL_StartInputHandler &rArr; HW_EscRead &rArr; CF11xx_SPI_EscRead &rArr; AddressingEsc &rArr; WR_CMD
</UL>
<BR>[Calls]<UL><LI><a href="#[a0]">&gt;&gt;</a>&nbsp;&nbsp;&nbsp;HW_EscRead
</UL>
<BR>[Called By]<UL><LI><a href="#[9b]">&gt;&gt;</a>&nbsp;&nbsp;&nbsp;AL_ControlRes
<LI><a href="#[81]">&gt;&gt;</a>&nbsp;&nbsp;&nbsp;AL_ControlInd
</UL>

<P><STRONG><a name="[86]"></a>APPL_StartMailboxHandler</STRONG> (Thumb, 4 bytes, Stack size 0 bytes, cia402appl.o(i.APPL_StartMailboxHandler))
<BR><BR>[Called By]<UL><LI><a href="#[9b]">&gt;&gt;</a>&nbsp;&nbsp;&nbsp;AL_ControlRes
<LI><a href="#[81]">&gt;&gt;</a>&nbsp;&nbsp;&nbsp;AL_ControlInd
</UL>

<P><STRONG><a name="[93]"></a>APPL_StartOutputHandler</STRONG> (Thumb, 4 bytes, Stack size 0 bytes, cia402appl.o(i.APPL_StartOutputHandler))
<BR><BR>[Called By]<UL><LI><a href="#[9b]">&gt;&gt;</a>&nbsp;&nbsp;&nbsp;AL_ControlRes
<LI><a href="#[81]">&gt;&gt;</a>&nbsp;&nbsp;&nbsp;AL_ControlInd
</UL>

<P><STRONG><a name="[90]"></a>APPL_StopInputHandler</STRONG> (Thumb, 4 bytes, Stack size 0 bytes, cia402appl.o(i.APPL_StopInputHandler))
<BR><BR>[Called By]<UL><LI><a href="#[9b]">&gt;&gt;</a>&nbsp;&nbsp;&nbsp;AL_ControlRes
<LI><a href="#[81]">&gt;&gt;</a>&nbsp;&nbsp;&nbsp;AL_ControlInd
</UL>

<P><STRONG><a name="[87]"></a>APPL_StopMailboxHandler</STRONG> (Thumb, 4 bytes, Stack size 0 bytes, cia402appl.o(i.APPL_StopMailboxHandler))
<BR><BR>[Called By]<UL><LI><a href="#[9b]">&gt;&gt;</a>&nbsp;&nbsp;&nbsp;AL_ControlRes
<LI><a href="#[81]">&gt;&gt;</a>&nbsp;&nbsp;&nbsp;AL_ControlInd
</UL>

<P><STRONG><a name="[94]"></a>APPL_StopOutputHandler</STRONG> (Thumb, 4 bytes, Stack size 0 bytes, cia402appl.o(i.APPL_StopOutputHandler))
<BR><BR>[Called By]<UL><LI><a href="#[9b]">&gt;&gt;</a>&nbsp;&nbsp;&nbsp;AL_ControlRes
<LI><a href="#[81]">&gt;&gt;</a>&nbsp;&nbsp;&nbsp;AL_ControlInd
</UL>

<P><STRONG><a name="[a1]"></a>AddObjectsToObjDictionary</STRONG> (Thumb, 40 bytes, Stack size 16 bytes, coeappl.o(i.AddObjectsToObjDictionary))
<BR><BR>[Stack]<UL><LI>Max Depth = 16<LI>Call Chain = AddObjectsToObjDictionary
</UL>
<BR>[Calls]<UL><LI><a href="#[9e]">&gt;&gt;</a>&nbsp;&nbsp;&nbsp;COE_AddObjectToDic
</UL>
<BR>[Called By]<UL><LI><a href="#[b8]">&gt;&gt;</a>&nbsp;&nbsp;&nbsp;COE_ObjDictionaryInit
</UL>

<P><STRONG><a name="[a2]"></a>AddressingEsc</STRONG> (Thumb, 50 bytes, Stack size 16 bytes, at32_hw.o(i.AddressingEsc))
<BR><BR>[Stack]<UL><LI>Max Depth = 32<LI>Call Chain = AddressingEsc &rArr; WR_CMD
</UL>
<BR>[Calls]<UL><LI><a href="#[a3]">&gt;&gt;</a>&nbsp;&nbsp;&nbsp;gpio_bits_reset
<LI><a href="#[a4]">&gt;&gt;</a>&nbsp;&nbsp;&nbsp;WR_CMD
</UL>
<BR>[Called By]<UL><LI><a href="#[ae]">&gt;&gt;</a>&nbsp;&nbsp;&nbsp;CF11xx_SPI_EscWriteIsr
<LI><a href="#[ad]">&gt;&gt;</a>&nbsp;&nbsp;&nbsp;CF11xx_SPI_EscWrite
<LI><a href="#[ac]">&gt;&gt;</a>&nbsp;&nbsp;&nbsp;CF11xx_SPI_EscReadIsr
<LI><a href="#[aa]">&gt;&gt;</a>&nbsp;&nbsp;&nbsp;CF11xx_SPI_EscRead
</UL>

<P><STRONG><a name="[89]"></a>BL_Start</STRONG> (Thumb, 2 bytes, Stack size 0 bytes, bootmode.o(i.BL_Start))
<BR><BR>[Called By]<UL><LI><a href="#[81]">&gt;&gt;</a>&nbsp;&nbsp;&nbsp;AL_ControlInd
</UL>

<P><STRONG><a name="[8a]"></a>BL_Stop</STRONG> (Thumb, 2 bytes, Stack size 0 bytes, bootmode.o(i.BL_Stop))
<BR><BR>[Called By]<UL><LI><a href="#[81]">&gt;&gt;</a>&nbsp;&nbsp;&nbsp;AL_ControlInd
</UL>

<P><STRONG><a name="[8b]"></a>BackToInitTransition</STRONG> (Thumb, 8 bytes, Stack size 0 bytes, ecatslv.o(i.BackToInitTransition))
<BR><BR>[Called By]<UL><LI><a href="#[81]">&gt;&gt;</a>&nbsp;&nbsp;&nbsp;AL_ControlInd
</UL>

<P><STRONG><a name="[6]"></a>BusFault_Handler</STRONG> (Thumb, 4 bytes, Stack size 0 bytes, at32f435_437_int.o(i.BusFault_Handler))
<BR>[Address Reference Count : 1]<UL><LI> startup_at32f435_437.o(RESET)
</UL>
<P><STRONG><a name="[a5]"></a>CF11XX_HW_Init</STRONG> (Thumb, 82 bytes, Stack size 8 bytes, at32_hw.o(i.CF11XX_HW_Init))
<BR><BR>[Stack]<UL><LI>Max Depth = 88<LI>Call Chain = CF11XX_HW_Init &rArr; HW_EscWrite &rArr; CF11xx_SPI_EscWrite &rArr; AddressingEsc &rArr; WR_CMD
</UL>
<BR>[Calls]<UL><LI><a href="#[a6]">&gt;&gt;</a>&nbsp;&nbsp;&nbsp;HW_EscWrite
<LI><a href="#[a0]">&gt;&gt;</a>&nbsp;&nbsp;&nbsp;HW_EscRead
<LI><a href="#[a8]">&gt;&gt;</a>&nbsp;&nbsp;&nbsp;wk_tmr7_init
<LI><a href="#[a7]">&gt;&gt;</a>&nbsp;&nbsp;&nbsp;wk_exint_config
<LI><a href="#[a9]">&gt;&gt;</a>&nbsp;&nbsp;&nbsp;wk_nvic_config
</UL>
<BR>[Called By]<UL><LI><a href="#[e9]">&gt;&gt;</a>&nbsp;&nbsp;&nbsp;HW_Init
</UL>

<P><STRONG><a name="[aa]"></a>CF11xx_SPI_EscRead</STRONG> (Thumb, 70 bytes, Stack size 24 bytes, at32_hw.o(i.CF11xx_SPI_EscRead))
<BR><BR>[Stack]<UL><LI>Max Depth = 56<LI>Call Chain = CF11xx_SPI_EscRead &rArr; AddressingEsc &rArr; WR_CMD
</UL>
<BR>[Calls]<UL><LI><a href="#[a4]">&gt;&gt;</a>&nbsp;&nbsp;&nbsp;WR_CMD
<LI><a href="#[a2]">&gt;&gt;</a>&nbsp;&nbsp;&nbsp;AddressingEsc
<LI><a href="#[ab]">&gt;&gt;</a>&nbsp;&nbsp;&nbsp;gpio_bits_set
</UL>
<BR>[Called By]<UL><LI><a href="#[a0]">&gt;&gt;</a>&nbsp;&nbsp;&nbsp;HW_EscRead
</UL>

<P><STRONG><a name="[ac]"></a>CF11xx_SPI_EscReadIsr</STRONG> (Thumb, 76 bytes, Stack size 32 bytes, at32_hw.o(i.CF11xx_SPI_EscReadIsr))
<BR><BR>[Stack]<UL><LI>Max Depth = 64<LI>Call Chain = CF11xx_SPI_EscReadIsr &rArr; AddressingEsc &rArr; WR_CMD
</UL>
<BR>[Calls]<UL><LI><a href="#[a4]">&gt;&gt;</a>&nbsp;&nbsp;&nbsp;WR_CMD
<LI><a href="#[a2]">&gt;&gt;</a>&nbsp;&nbsp;&nbsp;AddressingEsc
<LI><a href="#[ab]">&gt;&gt;</a>&nbsp;&nbsp;&nbsp;gpio_bits_set
</UL>
<BR>[Called By]<UL><LI><a href="#[e5]">&gt;&gt;</a>&nbsp;&nbsp;&nbsp;HW_EscReadIsr
</UL>

<P><STRONG><a name="[ad]"></a>CF11xx_SPI_EscWrite</STRONG> (Thumb, 70 bytes, Stack size 32 bytes, at32_hw.o(i.CF11xx_SPI_EscWrite))
<BR><BR>[Stack]<UL><LI>Max Depth = 64<LI>Call Chain = CF11xx_SPI_EscWrite &rArr; AddressingEsc &rArr; WR_CMD
</UL>
<BR>[Calls]<UL><LI><a href="#[a4]">&gt;&gt;</a>&nbsp;&nbsp;&nbsp;WR_CMD
<LI><a href="#[a2]">&gt;&gt;</a>&nbsp;&nbsp;&nbsp;AddressingEsc
<LI><a href="#[ab]">&gt;&gt;</a>&nbsp;&nbsp;&nbsp;gpio_bits_set
</UL>
<BR>[Called By]<UL><LI><a href="#[a6]">&gt;&gt;</a>&nbsp;&nbsp;&nbsp;HW_EscWrite
</UL>

<P><STRONG><a name="[ae]"></a>CF11xx_SPI_EscWriteIsr</STRONG> (Thumb, 62 bytes, Stack size 32 bytes, at32_hw.o(i.CF11xx_SPI_EscWriteIsr))
<BR><BR>[Stack]<UL><LI>Max Depth = 64<LI>Call Chain = CF11xx_SPI_EscWriteIsr &rArr; AddressingEsc &rArr; WR_CMD
</UL>
<BR>[Calls]<UL><LI><a href="#[a4]">&gt;&gt;</a>&nbsp;&nbsp;&nbsp;WR_CMD
<LI><a href="#[a2]">&gt;&gt;</a>&nbsp;&nbsp;&nbsp;AddressingEsc
<LI><a href="#[ab]">&gt;&gt;</a>&nbsp;&nbsp;&nbsp;gpio_bits_set
</UL>
<BR>[Called By]<UL><LI><a href="#[e6]">&gt;&gt;</a>&nbsp;&nbsp;&nbsp;HW_EscWriteIsr
</UL>

<P><STRONG><a name="[9e]"></a>COE_AddObjectToDic</STRONG> (Thumb, 140 bytes, Stack size 0 bytes, coeappl.o(i.COE_AddObjectToDic))
<BR><BR>[Called By]<UL><LI><a href="#[83]">&gt;&gt;</a>&nbsp;&nbsp;&nbsp;APPL_GenerateMapping
<LI><a href="#[a1]">&gt;&gt;</a>&nbsp;&nbsp;&nbsp;AddObjectsToObjDictionary
</UL>

<P><STRONG><a name="[af]"></a>COE_ClearObjDictionary</STRONG> (Thumb, 32 bytes, Stack size 12 bytes, coeappl.o(i.COE_ClearObjDictionary))
<BR><BR>[Stack]<UL><LI>Max Depth = 24<LI>Call Chain = COE_ClearObjDictionary &rArr; COE_RemoveDicEntry
</UL>
<BR>[Calls]<UL><LI><a href="#[9f]">&gt;&gt;</a>&nbsp;&nbsp;&nbsp;COE_RemoveDicEntry
</UL>
<BR>[Called By]<UL><LI><a href="#[b9]">&gt;&gt;</a>&nbsp;&nbsp;&nbsp;COE_ObjInit
</UL>

<P><STRONG><a name="[b0]"></a>COE_ContinueInd</STRONG> (Thumb, 64 bytes, Stack size 8 bytes, ecatcoe.o(i.COE_ContinueInd))
<BR><BR>[Stack]<UL><LI>Max Depth = 176<LI>Call Chain = COE_ContinueInd &rArr; SDOS_SdoInfoInd &rArr; MBX_MailboxSendReq &rArr; MBX_CopyToSendMailbox &rArr; HW_EscWrite &rArr; CF11xx_SPI_EscWrite &rArr; AddressingEsc &rArr; WR_CMD
</UL>
<BR>[Calls]<UL><LI><a href="#[b4]">&gt;&gt;</a>&nbsp;&nbsp;&nbsp;SDOS_SdoInfoInd
<LI><a href="#[b1]">&gt;&gt;</a>&nbsp;&nbsp;&nbsp;MBX_MailboxSendReq
<LI><a href="#[b2]">&gt;&gt;</a>&nbsp;&nbsp;&nbsp;malloc
<LI><a href="#[b3]">&gt;&gt;</a>&nbsp;&nbsp;&nbsp;__aeabi_memcpy
</UL>
<BR>[Called By]<UL><LI><a href="#[d2]">&gt;&gt;</a>&nbsp;&nbsp;&nbsp;MBX_MailboxReadInd
</UL>

<P><STRONG><a name="[fe]"></a>COE_GetObjectDictionary</STRONG> (Thumb, 6 bytes, Stack size 0 bytes, coeappl.o(i.COE_GetObjectDictionary))
<BR><BR>[Called By]<UL><LI><a href="#[101]">&gt;&gt;</a>&nbsp;&nbsp;&nbsp;OBJ_GetObjectList
<LI><a href="#[100]">&gt;&gt;</a>&nbsp;&nbsp;&nbsp;OBJ_GetObjectHandle
<LI><a href="#[fd]">&gt;&gt;</a>&nbsp;&nbsp;&nbsp;OBJ_GetNoOfObjects
</UL>

<P><STRONG><a name="[ce]"></a>COE_Init</STRONG> (Thumb, 12 bytes, Stack size 0 bytes, ecatcoe.o(i.COE_Init))
<BR><BR>[Called By]<UL><LI><a href="#[cc]">&gt;&gt;</a>&nbsp;&nbsp;&nbsp;ECAT_Init
</UL>

<P><STRONG><a name="[b5]"></a>COE_Main</STRONG> (Thumb, 154 bytes, Stack size 16 bytes, coeappl.o(i.COE_Main))
<BR><BR>[Stack]<UL><LI>Max Depth = 208<LI>Call Chain = COE_Main &rArr; SDOS_SdoRes &rArr; SdoRes &rArr; MBX_MailboxSendReq &rArr; MBX_CopyToSendMailbox &rArr; HW_EscWrite &rArr; CF11xx_SPI_EscWrite &rArr; AddressingEsc &rArr; WR_CMD
</UL>
<BR>[Calls]<UL><LI><a href="#[b7]">&gt;&gt;</a>&nbsp;&nbsp;&nbsp;SDOS_SdoRes
<LI><a href="#[b6]">&gt;&gt;</a>&nbsp;&nbsp;&nbsp;free
</UL>
<BR>[Called By]<UL><LI><a href="#[f6]">&gt;&gt;</a>&nbsp;&nbsp;&nbsp;MainLoop
</UL>

<P><STRONG><a name="[b8]"></a>COE_ObjDictionaryInit</STRONG> (Thumb, 38 bytes, Stack size 8 bytes, coeappl.o(i.COE_ObjDictionaryInit))
<BR><BR>[Stack]<UL><LI>Max Depth = 24<LI>Call Chain = COE_ObjDictionaryInit &rArr; AddObjectsToObjDictionary
</UL>
<BR>[Calls]<UL><LI><a href="#[a1]">&gt;&gt;</a>&nbsp;&nbsp;&nbsp;AddObjectsToObjDictionary
</UL>
<BR>[Called By]<UL><LI><a href="#[b9]">&gt;&gt;</a>&nbsp;&nbsp;&nbsp;COE_ObjInit
</UL>

<P><STRONG><a name="[b9]"></a>COE_ObjInit</STRONG> (Thumb, 192 bytes, Stack size 16 bytes, coeappl.o(i.COE_ObjInit))
<BR><BR>[Stack]<UL><LI>Max Depth = 88<LI>Call Chain = COE_ObjInit &rArr; HW_EscRead &rArr; CF11xx_SPI_EscRead &rArr; AddressingEsc &rArr; WR_CMD
</UL>
<BR>[Calls]<UL><LI><a href="#[a0]">&gt;&gt;</a>&nbsp;&nbsp;&nbsp;HW_EscRead
<LI><a href="#[b8]">&gt;&gt;</a>&nbsp;&nbsp;&nbsp;COE_ObjDictionaryInit
<LI><a href="#[af]">&gt;&gt;</a>&nbsp;&nbsp;&nbsp;COE_ClearObjDictionary
</UL>
<BR>[Called By]<UL><LI><a href="#[f5]">&gt;&gt;</a>&nbsp;&nbsp;&nbsp;MainInit
</UL>

<P><STRONG><a name="[9f]"></a>COE_RemoveDicEntry</STRONG> (Thumb, 62 bytes, Stack size 12 bytes, coeappl.o(i.COE_RemoveDicEntry))
<BR><BR>[Stack]<UL><LI>Max Depth = 12<LI>Call Chain = COE_RemoveDicEntry
</UL>
<BR>[Called By]<UL><LI><a href="#[c1]">&gt;&gt;</a>&nbsp;&nbsp;&nbsp;CiA402_DeallocateAxis
<LI><a href="#[83]">&gt;&gt;</a>&nbsp;&nbsp;&nbsp;APPL_GenerateMapping
<LI><a href="#[af]">&gt;&gt;</a>&nbsp;&nbsp;&nbsp;COE_ClearObjDictionary
</UL>

<P><STRONG><a name="[ba]"></a>COE_ServiceInd</STRONG> (Thumb, 72 bytes, Stack size 16 bytes, ecatcoe.o(i.COE_ServiceInd))
<BR><BR>[Stack]<UL><LI>Max Depth = 240<LI>Call Chain = COE_ServiceInd &rArr; SDOS_SdoInd &rArr; SdoRes &rArr; MBX_MailboxSendReq &rArr; MBX_CopyToSendMailbox &rArr; HW_EscWrite &rArr; CF11xx_SPI_EscWrite &rArr; AddressingEsc &rArr; WR_CMD
</UL>
<BR>[Calls]<UL><LI><a href="#[b4]">&gt;&gt;</a>&nbsp;&nbsp;&nbsp;SDOS_SdoInfoInd
<LI><a href="#[bb]">&gt;&gt;</a>&nbsp;&nbsp;&nbsp;SDOS_SdoInd
</UL>
<BR>[Called By]<UL><LI><a href="#[f2]">&gt;&gt;</a>&nbsp;&nbsp;&nbsp;MailboxServiceInd
</UL>

<P><STRONG><a name="[bc]"></a>COE_SyncTimeStamp</STRONG> (Thumb, 104 bytes, Stack size 8 bytes, coeappl.o(i.COE_SyncTimeStamp))
<BR><BR>[Stack]<UL><LI>Max Depth = 80<LI>Call Chain = COE_SyncTimeStamp &rArr; HW_EscRead &rArr; CF11xx_SPI_EscRead &rArr; AddressingEsc &rArr; WR_CMD
</UL>
<BR>[Calls]<UL><LI><a href="#[a0]">&gt;&gt;</a>&nbsp;&nbsp;&nbsp;HW_EscRead
</UL>
<BR>[Called By]<UL><LI><a href="#[f6]">&gt;&gt;</a>&nbsp;&nbsp;&nbsp;MainLoop
<LI><a href="#[1]">&gt;&gt;</a>&nbsp;&nbsp;&nbsp;Read0x10F8
</UL>

<P><STRONG><a name="[106]"></a>COE_UpdateSyncErrorStatus</STRONG> (Thumb, 78 bytes, Stack size 0 bytes, coeappl.o(i.COE_UpdateSyncErrorStatus))
<BR><BR>[Called By]<UL><LI><a href="#[d7]">&gt;&gt;</a>&nbsp;&nbsp;&nbsp;Sync0_Isr
<LI><a href="#[d9]">&gt;&gt;</a>&nbsp;&nbsp;&nbsp;PDI_Isr
</UL>

<P><STRONG><a name="[bd]"></a>CheckIfEcatError</STRONG> (Thumb, 120 bytes, Stack size 8 bytes, ecatslv.o(i.CheckIfEcatError))
<BR><BR>[Stack]<UL><LI>Max Depth = 200<LI>Call Chain = CheckIfEcatError &rArr; AL_ControlInd &rArr; StartInputHandler &rArr; PDO_InputMapping &rArr; HW_GetALEventRegister_Isr &rArr; ISR_GetInterruptRegister &rArr; HW_EscReadIsr &rArr; CF11xx_SPI_EscReadIsr &rArr; AddressingEsc &rArr; WR_CMD
</UL>
<BR>[Calls]<UL><LI><a href="#[a0]">&gt;&gt;</a>&nbsp;&nbsp;&nbsp;HW_EscRead
<LI><a href="#[81]">&gt;&gt;</a>&nbsp;&nbsp;&nbsp;AL_ControlInd
</UL>
<BR>[Called By]<UL><LI><a href="#[f6]">&gt;&gt;</a>&nbsp;&nbsp;&nbsp;MainLoop
</UL>

<P><STRONG><a name="[82]"></a>CheckSmSettings</STRONG> (Thumb, 604 bytes, Stack size 32 bytes, ecatslv.o(i.CheckSmSettings))
<BR><BR>[Stack]<UL><LI>Max Depth = 112<LI>Call Chain = CheckSmSettings &rArr; GetSyncMan &rArr; HW_EscRead &rArr; CF11xx_SPI_EscRead &rArr; AddressingEsc &rArr; WR_CMD
</UL>
<BR>[Calls]<UL><LI><a href="#[be]">&gt;&gt;</a>&nbsp;&nbsp;&nbsp;GetSyncMan
</UL>
<BR>[Called By]<UL><LI><a href="#[81]">&gt;&gt;</a>&nbsp;&nbsp;&nbsp;AL_ControlInd
</UL>

<P><STRONG><a name="[105]"></a>CheckSyncTypeValue</STRONG> (Thumb, 242 bytes, Stack size 0 bytes, objdef.o(i.CheckSyncTypeValue))
<BR><BR>[Called By]<UL><LI><a href="#[104]">&gt;&gt;</a>&nbsp;&nbsp;&nbsp;OBJ_Write
</UL>

<P><STRONG><a name="[9d]"></a>CiA402_Application</STRONG> (Thumb, 320 bytes, Stack size 8 bytes, cia402appl.o(i.CiA402_Application))
<BR><BR>[Stack]<UL><LI>Max Depth = 144<LI>Call Chain = CiA402_Application &rArr; CiA402_DummyMotionControl &rArr; __aeabi_dmul &rArr; _double_epilogue &rArr; _double_round
</UL>
<BR>[Calls]<UL><LI><a href="#[bf]">&gt;&gt;</a>&nbsp;&nbsp;&nbsp;CiA402_TransitionAction
<LI><a href="#[c0]">&gt;&gt;</a>&nbsp;&nbsp;&nbsp;CiA402_DummyMotionControl
</UL>
<BR>[Called By]<UL><LI><a href="#[9c]">&gt;&gt;</a>&nbsp;&nbsp;&nbsp;APPL_Application
</UL>

<P><STRONG><a name="[c1]"></a>CiA402_DeallocateAxis</STRONG> (Thumb, 108 bytes, Stack size 16 bytes, cia402appl.o(i.CiA402_DeallocateAxis))
<BR><BR>[Stack]<UL><LI>Max Depth = 28<LI>Call Chain = CiA402_DeallocateAxis &rArr; COE_RemoveDicEntry
</UL>
<BR>[Calls]<UL><LI><a href="#[9f]">&gt;&gt;</a>&nbsp;&nbsp;&nbsp;COE_RemoveDicEntry
<LI><a href="#[b6]">&gt;&gt;</a>&nbsp;&nbsp;&nbsp;free
</UL>
<BR>[Called By]<UL><LI><a href="#[6c]">&gt;&gt;</a>&nbsp;&nbsp;&nbsp;main
</UL>

<P><STRONG><a name="[c0]"></a>CiA402_DummyMotionControl</STRONG> (Thumb, 300 bytes, Stack size 48 bytes, cia402appl.o(i.CiA402_DummyMotionControl))
<BR><BR>[Stack]<UL><LI>Max Depth = 136<LI>Call Chain = CiA402_DummyMotionControl &rArr; __aeabi_dmul &rArr; _double_epilogue &rArr; _double_round
</UL>
<BR>[Calls]<UL><LI><a href="#[7e]">&gt;&gt;</a>&nbsp;&nbsp;&nbsp;__aeabi_i2d
<LI><a href="#[c2]">&gt;&gt;</a>&nbsp;&nbsp;&nbsp;__aeabi_f2d
<LI><a href="#[7d]">&gt;&gt;</a>&nbsp;&nbsp;&nbsp;__aeabi_dmul
<LI><a href="#[77]">&gt;&gt;</a>&nbsp;&nbsp;&nbsp;__aeabi_dadd
<LI><a href="#[7f]">&gt;&gt;</a>&nbsp;&nbsp;&nbsp;__aeabi_d2iz
</UL>
<BR>[Called By]<UL><LI><a href="#[9d]">&gt;&gt;</a>&nbsp;&nbsp;&nbsp;CiA402_Application
</UL>

<P><STRONG><a name="[c3]"></a>CiA402_Init</STRONG> (Thumb, 1516 bytes, Stack size 24 bytes, cia402appl.o(i.CiA402_Init))
<BR><BR>[Stack]<UL><LI>Max Depth = 44<LI>Call Chain = CiA402_Init &rArr; malloc
</UL>
<BR>[Calls]<UL><LI><a href="#[b2]">&gt;&gt;</a>&nbsp;&nbsp;&nbsp;malloc
<LI><a href="#[c4]">&gt;&gt;</a>&nbsp;&nbsp;&nbsp;__aeabi_memclr4
<LI><a href="#[c5]">&gt;&gt;</a>&nbsp;&nbsp;&nbsp;__aeabi_memcpy4
</UL>
<BR>[Called By]<UL><LI><a href="#[6c]">&gt;&gt;</a>&nbsp;&nbsp;&nbsp;main
</UL>

<P><STRONG><a name="[9a]"></a>CiA402_LocalError</STRONG> (Thumb, 74 bytes, Stack size 8 bytes, cia402appl.o(i.CiA402_LocalError))
<BR><BR>[Stack]<UL><LI>Max Depth = 8<LI>Call Chain = CiA402_LocalError
</UL>
<BR>[Called By]<UL><LI><a href="#[81]">&gt;&gt;</a>&nbsp;&nbsp;&nbsp;AL_ControlInd
</UL>

<P><STRONG><a name="[f9]"></a>CiA402_StateMachine</STRONG> (Thumb, 618 bytes, Stack size 12 bytes, cia402appl.o(i.CiA402_StateMachine))
<BR><BR>[Stack]<UL><LI>Max Depth = 12<LI>Call Chain = CiA402_StateMachine
</UL>
<BR>[Called By]<UL><LI><a href="#[f6]">&gt;&gt;</a>&nbsp;&nbsp;&nbsp;MainLoop
</UL>

<P><STRONG><a name="[bf]"></a>CiA402_TransitionAction</STRONG> (Thumb, 44 bytes, Stack size 0 bytes, cia402appl.o(i.CiA402_TransitionAction))
<BR><BR>[Called By]<UL><LI><a href="#[9d]">&gt;&gt;</a>&nbsp;&nbsp;&nbsp;CiA402_Application
</UL>

<P><STRONG><a name="[c6]"></a>DC_CheckWatchdog</STRONG> (Thumb, 226 bytes, Stack size 8 bytes, ecatslv.o(i.DC_CheckWatchdog))
<BR><BR>[Stack]<UL><LI>Max Depth = 40<LI>Call Chain = DC_CheckWatchdog &rArr; nvic_irq_enable
</UL>
<BR>[Calls]<UL><LI><a href="#[c8]">&gt;&gt;</a>&nbsp;&nbsp;&nbsp;nvic_irq_enable
<LI><a href="#[c7]">&gt;&gt;</a>&nbsp;&nbsp;&nbsp;nvic_irq_disable
</UL>
<BR>[Called By]<UL><LI><a href="#[cb]">&gt;&gt;</a>&nbsp;&nbsp;&nbsp;ECAT_CheckTimer
</UL>

<P><STRONG><a name="[9]"></a>DebugMon_Handler</STRONG> (Thumb, 2 bytes, Stack size 0 bytes, at32f435_437_int.o(i.DebugMon_Handler))
<BR>[Address Reference Count : 1]<UL><LI> startup_at32f435_437.o(RESET)
</UL>
<P><STRONG><a name="[98]"></a>DisableSyncManChannel</STRONG> (Thumb, 52 bytes, Stack size 16 bytes, ecatslv.o(i.DisableSyncManChannel))
<BR><BR>[Stack]<UL><LI>Max Depth = 96<LI>Call Chain = DisableSyncManChannel &rArr; HW_EscWrite &rArr; CF11xx_SPI_EscWrite &rArr; AddressingEsc &rArr; WR_CMD
</UL>
<BR>[Calls]<UL><LI><a href="#[a6]">&gt;&gt;</a>&nbsp;&nbsp;&nbsp;HW_EscWrite
<LI><a href="#[a0]">&gt;&gt;</a>&nbsp;&nbsp;&nbsp;HW_EscRead
</UL>
<BR>[Called By]<UL><LI><a href="#[88]">&gt;&gt;</a>&nbsp;&nbsp;&nbsp;MBX_StopMailboxHandler
<LI><a href="#[d3]">&gt;&gt;</a>&nbsp;&nbsp;&nbsp;MBX_MailboxRepeatReq
<LI><a href="#[91]">&gt;&gt;</a>&nbsp;&nbsp;&nbsp;StopInputHandler
<LI><a href="#[81]">&gt;&gt;</a>&nbsp;&nbsp;&nbsp;AL_ControlInd
<LI><a href="#[cc]">&gt;&gt;</a>&nbsp;&nbsp;&nbsp;ECAT_Init
</UL>

<P><STRONG><a name="[c9]"></a>ECAT_Application</STRONG> (Thumb, 44 bytes, Stack size 8 bytes, ecatappl.o(i.ECAT_Application))
<BR><BR>[Stack]<UL><LI>Max Depth = 160<LI>Call Chain = ECAT_Application &rArr; APPL_Application &rArr; CiA402_Application &rArr; CiA402_DummyMotionControl &rArr; __aeabi_dmul &rArr; _double_epilogue &rArr; _double_round
</UL>
<BR>[Calls]<UL><LI><a href="#[9c]">&gt;&gt;</a>&nbsp;&nbsp;&nbsp;APPL_Application
<LI><a href="#[ca]">&gt;&gt;</a>&nbsp;&nbsp;&nbsp;HandleCycleTimeMeasurement
</UL>
<BR>[Called By]<UL><LI><a href="#[d7]">&gt;&gt;</a>&nbsp;&nbsp;&nbsp;Sync0_Isr
<LI><a href="#[d9]">&gt;&gt;</a>&nbsp;&nbsp;&nbsp;PDI_Isr
<LI><a href="#[f6]">&gt;&gt;</a>&nbsp;&nbsp;&nbsp;MainLoop
</UL>

<P><STRONG><a name="[cb]"></a>ECAT_CheckTimer</STRONG> (Thumb, 104 bytes, Stack size 8 bytes, ecatappl.o(i.ECAT_CheckTimer))
<BR><BR>[Stack]<UL><LI>Max Depth = 48<LI>Call Chain = ECAT_CheckTimer &rArr; DC_CheckWatchdog &rArr; nvic_irq_enable
</UL>
<BR>[Calls]<UL><LI><a href="#[c6]">&gt;&gt;</a>&nbsp;&nbsp;&nbsp;DC_CheckWatchdog
</UL>
<BR>[Called By]<UL><LI><a href="#[f6]">&gt;&gt;</a>&nbsp;&nbsp;&nbsp;MainLoop
</UL>

<P><STRONG><a name="[cc]"></a>ECAT_Init</STRONG> (Thumb, 210 bytes, Stack size 16 bytes, ecatslv.o(i.ECAT_Init))
<BR><BR>[Stack]<UL><LI>Max Depth = 120<LI>Call Chain = ECAT_Init &rArr; SetALStatus &rArr; HW_EscWrite &rArr; CF11xx_SPI_EscWrite &rArr; AddressingEsc &rArr; WR_CMD
</UL>
<BR>[Calls]<UL><LI><a href="#[a0]">&gt;&gt;</a>&nbsp;&nbsp;&nbsp;HW_EscRead
<LI><a href="#[cd]">&gt;&gt;</a>&nbsp;&nbsp;&nbsp;MBX_Init
<LI><a href="#[8c]">&gt;&gt;</a>&nbsp;&nbsp;&nbsp;UpdateEEPROMLoadedState
<LI><a href="#[99]">&gt;&gt;</a>&nbsp;&nbsp;&nbsp;SetALStatus
<LI><a href="#[84]">&gt;&gt;</a>&nbsp;&nbsp;&nbsp;ResetALEventMask
<LI><a href="#[98]">&gt;&gt;</a>&nbsp;&nbsp;&nbsp;DisableSyncManChannel
<LI><a href="#[ce]">&gt;&gt;</a>&nbsp;&nbsp;&nbsp;COE_Init
</UL>
<BR>[Called By]<UL><LI><a href="#[f5]">&gt;&gt;</a>&nbsp;&nbsp;&nbsp;MainInit
</UL>

<P><STRONG><a name="[cf]"></a>ECAT_Main</STRONG> (Thumb, 324 bytes, Stack size 16 bytes, ecatslv.o(i.ECAT_Main))
<BR><BR>[Stack]<UL><LI>Max Depth = 288<LI>Call Chain = ECAT_Main &rArr; MBX_Main &rArr; MailboxServiceInd &rArr; COE_ServiceInd &rArr; SDOS_SdoInd &rArr; SdoRes &rArr; MBX_MailboxSendReq &rArr; MBX_CopyToSendMailbox &rArr; HW_EscWrite &rArr; CF11xx_SPI_EscWrite &rArr; AddressingEsc &rArr; WR_CMD
</UL>
<BR>[Calls]<UL><LI><a href="#[d1]">&gt;&gt;</a>&nbsp;&nbsp;&nbsp;HW_GetALEventRegister
<LI><a href="#[a6]">&gt;&gt;</a>&nbsp;&nbsp;&nbsp;HW_EscWrite
<LI><a href="#[a0]">&gt;&gt;</a>&nbsp;&nbsp;&nbsp;HW_EscRead
<LI><a href="#[d0]">&gt;&gt;</a>&nbsp;&nbsp;&nbsp;MBX_Main
<LI><a href="#[d3]">&gt;&gt;</a>&nbsp;&nbsp;&nbsp;MBX_MailboxRepeatReq
<LI><a href="#[d2]">&gt;&gt;</a>&nbsp;&nbsp;&nbsp;MBX_MailboxReadInd
<LI><a href="#[d4]">&gt;&gt;</a>&nbsp;&nbsp;&nbsp;MBX_CheckAndCopyMailbox
<LI><a href="#[9b]">&gt;&gt;</a>&nbsp;&nbsp;&nbsp;AL_ControlRes
<LI><a href="#[81]">&gt;&gt;</a>&nbsp;&nbsp;&nbsp;AL_ControlInd
</UL>
<BR>[Called By]<UL><LI><a href="#[f6]">&gt;&gt;</a>&nbsp;&nbsp;&nbsp;MainLoop
</UL>

<P><STRONG><a name="[12]"></a>EXINT0_IRQHandler</STRONG> (Thumb, 22 bytes, Stack size 8 bytes, at32f435_437_int.o(i.EXINT0_IRQHandler))
<BR><BR>[Stack]<UL><LI>Max Depth = 176<LI>Call Chain = EXINT0_IRQHandler &rArr; Sync0_Isr &rArr; ECAT_Application &rArr; APPL_Application &rArr; CiA402_Application &rArr; CiA402_DummyMotionControl &rArr; __aeabi_dmul &rArr; _double_epilogue &rArr; _double_round
</UL>
<BR>[Calls]<UL><LI><a href="#[d5]">&gt;&gt;</a>&nbsp;&nbsp;&nbsp;exint_interrupt_flag_get
<LI><a href="#[d6]">&gt;&gt;</a>&nbsp;&nbsp;&nbsp;exint_flag_clear
<LI><a href="#[d7]">&gt;&gt;</a>&nbsp;&nbsp;&nbsp;Sync0_Isr
</UL>
<BR>[Address Reference Count : 1]<UL><LI> startup_at32f435_437.o(RESET)
</UL>
<P><STRONG><a name="[13]"></a>EXINT1_IRQHandler</STRONG> (Thumb, 22 bytes, Stack size 8 bytes, at32f435_437_int.o(i.EXINT1_IRQHandler))
<BR><BR>[Stack]<UL><LI>Max Depth = 128<LI>Call Chain = EXINT1_IRQHandler &rArr; Sync1_Isr &rArr; PDO_InputMapping &rArr; HW_GetALEventRegister_Isr &rArr; ISR_GetInterruptRegister &rArr; HW_EscReadIsr &rArr; CF11xx_SPI_EscReadIsr &rArr; AddressingEsc &rArr; WR_CMD
</UL>
<BR>[Calls]<UL><LI><a href="#[d5]">&gt;&gt;</a>&nbsp;&nbsp;&nbsp;exint_interrupt_flag_get
<LI><a href="#[d6]">&gt;&gt;</a>&nbsp;&nbsp;&nbsp;exint_flag_clear
<LI><a href="#[d8]">&gt;&gt;</a>&nbsp;&nbsp;&nbsp;Sync1_Isr
</UL>
<BR>[Address Reference Count : 1]<UL><LI> startup_at32f435_437.o(RESET)
</UL>
<P><STRONG><a name="[23]"></a>EXINT9_5_IRQHandler</STRONG> (Thumb, 22 bytes, Stack size 8 bytes, at32f435_437_int.o(i.EXINT9_5_IRQHandler))
<BR><BR>[Stack]<UL><LI>Max Depth = 176<LI>Call Chain = EXINT9_5_IRQHandler &rArr; PDI_Isr &rArr; ECAT_Application &rArr; APPL_Application &rArr; CiA402_Application &rArr; CiA402_DummyMotionControl &rArr; __aeabi_dmul &rArr; _double_epilogue &rArr; _double_round
</UL>
<BR>[Calls]<UL><LI><a href="#[d5]">&gt;&gt;</a>&nbsp;&nbsp;&nbsp;exint_interrupt_flag_get
<LI><a href="#[d6]">&gt;&gt;</a>&nbsp;&nbsp;&nbsp;exint_flag_clear
<LI><a href="#[d9]">&gt;&gt;</a>&nbsp;&nbsp;&nbsp;PDI_Isr
</UL>
<BR>[Address Reference Count : 1]<UL><LI> startup_at32f435_437.o(RESET)
</UL>
<P><STRONG><a name="[97]"></a>EnableSyncManChannel</STRONG> (Thumb, 50 bytes, Stack size 16 bytes, ecatslv.o(i.EnableSyncManChannel))
<BR><BR>[Stack]<UL><LI>Max Depth = 96<LI>Call Chain = EnableSyncManChannel &rArr; HW_EscWrite &rArr; CF11xx_SPI_EscWrite &rArr; AddressingEsc &rArr; WR_CMD
</UL>
<BR>[Calls]<UL><LI><a href="#[a6]">&gt;&gt;</a>&nbsp;&nbsp;&nbsp;HW_EscWrite
<LI><a href="#[a0]">&gt;&gt;</a>&nbsp;&nbsp;&nbsp;HW_EscRead
</UL>
<BR>[Called By]<UL><LI><a href="#[85]">&gt;&gt;</a>&nbsp;&nbsp;&nbsp;MBX_StartMailboxHandler
<LI><a href="#[d3]">&gt;&gt;</a>&nbsp;&nbsp;&nbsp;MBX_MailboxRepeatReq
<LI><a href="#[8d]">&gt;&gt;</a>&nbsp;&nbsp;&nbsp;StartInputHandler
<LI><a href="#[81]">&gt;&gt;</a>&nbsp;&nbsp;&nbsp;AL_ControlInd
</UL>

<P><STRONG><a name="[db]"></a>FOE_Ack</STRONG> (Thumb, 34 bytes, Stack size 16 bytes, foeappl.o(i.FOE_Ack))
<BR><BR>[Stack]<UL><LI>Max Depth = 16<LI>Call Chain = FOE_Ack
</UL>
<BR>[Called By]<UL><LI><a href="#[da]">&gt;&gt;</a>&nbsp;&nbsp;&nbsp;FOE_Busy
<LI><a href="#[dd]">&gt;&gt;</a>&nbsp;&nbsp;&nbsp;FOE_ServiceInd
</UL>

<P><STRONG><a name="[da]"></a>FOE_Busy</STRONG> (Thumb, 18 bytes, Stack size 16 bytes, foeappl.o(i.FOE_Busy))
<BR><BR>[Stack]<UL><LI>Max Depth = 32<LI>Call Chain = FOE_Busy &rArr; FOE_Ack
</UL>
<BR>[Calls]<UL><LI><a href="#[db]">&gt;&gt;</a>&nbsp;&nbsp;&nbsp;FOE_Ack
</UL>
<BR>[Called By]<UL><LI><a href="#[dd]">&gt;&gt;</a>&nbsp;&nbsp;&nbsp;FOE_ServiceInd
</UL>

<P><STRONG><a name="[dc]"></a>FOE_ContinueInd</STRONG> (Thumb, 28 bytes, Stack size 8 bytes, ecatfoe.o(i.FOE_ContinueInd))
<BR><BR>[Stack]<UL><LI>Max Depth = 128<LI>Call Chain = FOE_ContinueInd &rArr; MBX_MailboxSendReq &rArr; MBX_CopyToSendMailbox &rArr; HW_EscWrite &rArr; CF11xx_SPI_EscWrite &rArr; AddressingEsc &rArr; WR_CMD
</UL>
<BR>[Calls]<UL><LI><a href="#[b1]">&gt;&gt;</a>&nbsp;&nbsp;&nbsp;MBX_MailboxSendReq
</UL>
<BR>[Called By]<UL><LI><a href="#[d2]">&gt;&gt;</a>&nbsp;&nbsp;&nbsp;MBX_MailboxReadInd
</UL>

<P><STRONG><a name="[e0]"></a>FOE_Data</STRONG> (Thumb, 72 bytes, Stack size 24 bytes, foeappl.o(i.FOE_Data))
<BR><BR>[Stack]<UL><LI>Max Depth = 24<LI>Call Chain = FOE_Data
</UL>
<BR>[Called By]<UL><LI><a href="#[dd]">&gt;&gt;</a>&nbsp;&nbsp;&nbsp;FOE_ServiceInd
</UL>

<P><STRONG><a name="[e1]"></a>FOE_Error</STRONG> (Thumb, 20 bytes, Stack size 8 bytes, foeappl.o(i.FOE_Error))
<BR><BR>[Stack]<UL><LI>Max Depth = 8<LI>Call Chain = FOE_Error
</UL>
<BR>[Called By]<UL><LI><a href="#[dd]">&gt;&gt;</a>&nbsp;&nbsp;&nbsp;FOE_ServiceInd
</UL>

<P><STRONG><a name="[f4]"></a>FOE_Init</STRONG> (Thumb, 16 bytes, Stack size 0 bytes, ecatfoe.o(i.FOE_Init))
<BR><BR>[Called By]<UL><LI><a href="#[88]">&gt;&gt;</a>&nbsp;&nbsp;&nbsp;MBX_StopMailboxHandler
</UL>

<P><STRONG><a name="[de]"></a>FOE_Read</STRONG> (Thumb, 46 bytes, Stack size 24 bytes, foeappl.o(i.FOE_Read))
<BR><BR>[Stack]<UL><LI>Max Depth = 24<LI>Call Chain = FOE_Read
</UL>
<BR>[Called By]<UL><LI><a href="#[dd]">&gt;&gt;</a>&nbsp;&nbsp;&nbsp;FOE_ServiceInd
</UL>

<P><STRONG><a name="[dd]"></a>FOE_ServiceInd</STRONG> (Thumb, 698 bytes, Stack size 24 bytes, ecatfoe.o(i.FOE_ServiceInd))
<BR><BR>[Stack]<UL><LI>Max Depth = 144<LI>Call Chain = FOE_ServiceInd &rArr; MBX_MailboxSendReq &rArr; MBX_CopyToSendMailbox &rArr; HW_EscWrite &rArr; CF11xx_SPI_EscWrite &rArr; AddressingEsc &rArr; WR_CMD
</UL>
<BR>[Calls]<UL><LI><a href="#[e2]">&gt;&gt;</a>&nbsp;&nbsp;&nbsp;MBX_CopyToSendMailbox
<LI><a href="#[df]">&gt;&gt;</a>&nbsp;&nbsp;&nbsp;FOE_Write
<LI><a href="#[de]">&gt;&gt;</a>&nbsp;&nbsp;&nbsp;FOE_Read
<LI><a href="#[e1]">&gt;&gt;</a>&nbsp;&nbsp;&nbsp;FOE_Error
<LI><a href="#[e0]">&gt;&gt;</a>&nbsp;&nbsp;&nbsp;FOE_Data
<LI><a href="#[da]">&gt;&gt;</a>&nbsp;&nbsp;&nbsp;FOE_Busy
<LI><a href="#[db]">&gt;&gt;</a>&nbsp;&nbsp;&nbsp;FOE_Ack
<LI><a href="#[b1]">&gt;&gt;</a>&nbsp;&nbsp;&nbsp;MBX_MailboxSendReq
<LI><a href="#[b6]">&gt;&gt;</a>&nbsp;&nbsp;&nbsp;free
</UL>
<BR>[Called By]<UL><LI><a href="#[f2]">&gt;&gt;</a>&nbsp;&nbsp;&nbsp;MailboxServiceInd
</UL>

<P><STRONG><a name="[df]"></a>FOE_Write</STRONG> (Thumb, 34 bytes, Stack size 16 bytes, foeappl.o(i.FOE_Write))
<BR><BR>[Stack]<UL><LI>Max Depth = 16<LI>Call Chain = FOE_Write
</UL>
<BR>[Called By]<UL><LI><a href="#[dd]">&gt;&gt;</a>&nbsp;&nbsp;&nbsp;FOE_ServiceInd
</UL>

<P><STRONG><a name="[f0]"></a>GetOutOfMbxQueue</STRONG> (Thumb, 46 bytes, Stack size 8 bytes, mailbox.o(i.GetOutOfMbxQueue))
<BR><BR>[Stack]<UL><LI>Max Depth = 8<LI>Call Chain = GetOutOfMbxQueue
</UL>
<BR>[Called By]<UL><LI><a href="#[88]">&gt;&gt;</a>&nbsp;&nbsp;&nbsp;MBX_StopMailboxHandler
<LI><a href="#[d0]">&gt;&gt;</a>&nbsp;&nbsp;&nbsp;MBX_Main
<LI><a href="#[d2]">&gt;&gt;</a>&nbsp;&nbsp;&nbsp;MBX_MailboxReadInd
</UL>

<P><STRONG><a name="[be]"></a>GetSyncMan</STRONG> (Thumb, 24 bytes, Stack size 8 bytes, ecatslv.o(i.GetSyncMan))
<BR><BR>[Stack]<UL><LI>Max Depth = 80<LI>Call Chain = GetSyncMan &rArr; HW_EscRead &rArr; CF11xx_SPI_EscRead &rArr; AddressingEsc &rArr; WR_CMD
</UL>
<BR>[Calls]<UL><LI><a href="#[a0]">&gt;&gt;</a>&nbsp;&nbsp;&nbsp;HW_EscRead
</UL>
<BR>[Called By]<UL><LI><a href="#[85]">&gt;&gt;</a>&nbsp;&nbsp;&nbsp;MBX_StartMailboxHandler
<LI><a href="#[8d]">&gt;&gt;</a>&nbsp;&nbsp;&nbsp;StartInputHandler
<LI><a href="#[82]">&gt;&gt;</a>&nbsp;&nbsp;&nbsp;CheckSmSettings
</UL>

<P><STRONG><a name="[e4]"></a>GetSystemTimeDelay</STRONG> (Thumb, 70 bytes, Stack size 16 bytes, ecatappl.o(i.GetSystemTimeDelay))
<BR><BR>[Stack]<UL><LI>Max Depth = 96<LI>Call Chain = GetSystemTimeDelay &rArr; HW_EscReadIsr &rArr; CF11xx_SPI_EscReadIsr &rArr; AddressingEsc &rArr; WR_CMD
</UL>
<BR>[Calls]<UL><LI><a href="#[e5]">&gt;&gt;</a>&nbsp;&nbsp;&nbsp;HW_EscReadIsr
</UL>
<BR>[Called By]<UL><LI><a href="#[f7]">&gt;&gt;</a>&nbsp;&nbsp;&nbsp;PDO_OutputMapping
<LI><a href="#[f8]">&gt;&gt;</a>&nbsp;&nbsp;&nbsp;PDO_InputMapping
<LI><a href="#[ca]">&gt;&gt;</a>&nbsp;&nbsp;&nbsp;HandleCycleTimeMeasurement
</UL>

<P><STRONG><a name="[a0]"></a>HW_EscRead</STRONG> (Thumb, 20 bytes, Stack size 16 bytes, at32_hw.o(i.HW_EscRead))
<BR><BR>[Stack]<UL><LI>Max Depth = 72<LI>Call Chain = HW_EscRead &rArr; CF11xx_SPI_EscRead &rArr; AddressingEsc &rArr; WR_CMD
</UL>
<BR>[Calls]<UL><LI><a href="#[aa]">&gt;&gt;</a>&nbsp;&nbsp;&nbsp;CF11xx_SPI_EscRead
</UL>
<BR>[Called By]<UL><LI><a href="#[a5]">&gt;&gt;</a>&nbsp;&nbsp;&nbsp;CF11XX_HW_Init
<LI><a href="#[e3]">&gt;&gt;</a>&nbsp;&nbsp;&nbsp;GetInterruptRegister
<LI><a href="#[8e]">&gt;&gt;</a>&nbsp;&nbsp;&nbsp;APPL_StartInputHandler
<LI><a href="#[88]">&gt;&gt;</a>&nbsp;&nbsp;&nbsp;MBX_StopMailboxHandler
<LI><a href="#[cd]">&gt;&gt;</a>&nbsp;&nbsp;&nbsp;MBX_Init
<LI><a href="#[d4]">&gt;&gt;</a>&nbsp;&nbsp;&nbsp;MBX_CheckAndCopyMailbox
[...]
<BR><BR>[Called By]<UL><LI><a href="#[a7]">&gt;&gt;</a>&nbsp;&nbsp;&nbsp;wk_exint_config
</UL>

<P><STRONG><a name="[d6]"></a>exint_flag_clear</STRONG> (Thumb, 6 bytes, Stack size 0 bytes, at32f435_437_exint.o(i.exint_flag_clear))
<BR><BR>[Called By]<UL><LI><a href="#[23]">&gt;&gt;</a>&nbsp;&nbsp;&nbsp;EXINT9_5_IRQHandler
<LI><a href="#[13]">&gt;&gt;</a>&nbsp;&nbsp;&nbsp;EXINT1_IRQHandler
<LI><a href="#[12]">&gt;&gt;</a>&nbsp;&nbsp;&nbsp;EXINT0_IRQHandler
</UL>

<P><STRONG><a name="[11c]"></a>exint_init</STRONG> (Thumb, 148 bytes, Stack size 0 bytes, at32f435_437_exint.o(i.exint_init))
<BR><BR>[Called By]<UL><LI><a href="#[a7]">&gt;&gt;</a>&nbsp;&nbsp;&nbsp;wk_exint_config
</UL>

<P><STRONG><a name="[d5]"></a>exint_interrupt_flag_get</STRONG> (Thumb, 32 bytes, Stack size 0 bytes, at32f435_437_exint.o(i.exint_interrupt_flag_get))
<BR><BR>[Called By]<UL><LI><a href="#[23]">&gt;&gt;</a>&nbsp;&nbsp;&nbsp;EXINT9_5_IRQHandler
<LI><a href="#[13]">&gt;&gt;</a>&nbsp;&nbsp;&nbsp;EXINT1_IRQHandler
<LI><a href="#[12]">&gt;&gt;</a>&nbsp;&nbsp;&nbsp;EXINT0_IRQHandler
</UL>

<P><STRONG><a name="[b6]"></a>free</STRONG> (Thumb, 76 bytes, Stack size 8 bytes, malloc.o(i.free))
<BR><BR>[Stack]<UL><LI>Max Depth = 8<LI>Call Chain = free
</UL>
<BR>[Called By]<UL><LI><a href="#[c1]">&gt;&gt;</a>&nbsp;&nbsp;&nbsp;CiA402_DeallocateAxis
<LI><a href="#[f3]">&gt;&gt;</a>&nbsp;&nbsp;&nbsp;SODS_ClearPendingResponse
<LI><a href="#[ef]">&gt;&gt;</a>&nbsp;&nbsp;&nbsp;MBX_MailboxWriteInd
<LI><a href="#[88]">&gt;&gt;</a>&nbsp;&nbsp;&nbsp;MBX_StopMailboxHandler
<LI><a href="#[85]">&gt;&gt;</a>&nbsp;&nbsp;&nbsp;MBX_StartMailboxHandler
<LI><a href="#[d2]">&gt;&gt;</a>&nbsp;&nbsp;&nbsp;MBX_MailboxReadInd
<LI><a href="#[d4]">&gt;&gt;</a>&nbsp;&nbsp;&nbsp;MBX_CheckAndCopyMailbox
<LI><a href="#[dd]">&gt;&gt;</a>&nbsp;&nbsp;&nbsp;FOE_ServiceInd
<LI><a href="#[bb]">&gt;&gt;</a>&nbsp;&nbsp;&nbsp;SDOS_SdoInd
<LI><a href="#[b5]">&gt;&gt;</a>&nbsp;&nbsp;&nbsp;COE_Main
<LI><a href="#[10b]">&gt;&gt;</a>&nbsp;&nbsp;&nbsp;SdoUploadSegmentInd
<LI><a href="#[10a]">&gt;&gt;</a>&nbsp;&nbsp;&nbsp;SdoDownloadSegmentInd
</UL>

<P><STRONG><a name="[a3]"></a>gpio_bits_reset</STRONG> (Thumb, 4 bytes, Stack size 0 bytes, at32f435_437_gpio.o(i.gpio_bits_reset))
<BR><BR>[Called By]<UL><LI><a href="#[a2]">&gt;&gt;</a>&nbsp;&nbsp;&nbsp;AddressingEsc
</UL>

<P><STRONG><a name="[ab]"></a>gpio_bits_set</STRONG> (Thumb, 4 bytes, Stack size 0 bytes, at32f435_437_gpio.o(i.gpio_bits_set))
<BR><BR>[Called By]<UL><LI><a href="#[ae]">&gt;&gt;</a>&nbsp;&nbsp;&nbsp;CF11xx_SPI_EscWriteIsr
<LI><a href="#[ad]">&gt;&gt;</a>&nbsp;&nbsp;&nbsp;CF11xx_SPI_EscWrite
<LI><a href="#[ac]">&gt;&gt;</a>&nbsp;&nbsp;&nbsp;CF11xx_SPI_EscReadIsr
<LI><a href="#[aa]">&gt;&gt;</a>&nbsp;&nbsp;&nbsp;CF11xx_SPI_EscRead
<LI><a href="#[ed]">&gt;&gt;</a>&nbsp;&nbsp;&nbsp;wk_gpio_config
</UL>

<P><STRONG><a name="[115]"></a>gpio_bits_toggle</STRONG> (Thumb, 20 bytes, Stack size 8 bytes, at32f435_437_gpio.o(i.gpio_bits_toggle))
<BR><BR>[Stack]<UL><LI>Max Depth = 8<LI>Call Chain = gpio_bits_toggle
</UL>
<BR>[Called By]<UL><LI><a href="#[6c]">&gt;&gt;</a>&nbsp;&nbsp;&nbsp;main
</UL>

<P><STRONG><a name="[118]"></a>gpio_default_para_init</STRONG> (Thumb, 20 bytes, Stack size 0 bytes, at32f435_437_gpio.o(i.gpio_default_para_init))
<BR><BR>[Called By]<UL><LI><a href="#[ed]">&gt;&gt;</a>&nbsp;&nbsp;&nbsp;wk_gpio_config
<LI><a href="#[ee]">&gt;&gt;</a>&nbsp;&nbsp;&nbsp;wk_spi2_init
<LI><a href="#[a7]">&gt;&gt;</a>&nbsp;&nbsp;&nbsp;wk_exint_config
</UL>

<P><STRONG><a name="[119]"></a>gpio_init</STRONG> (Thumb, 122 bytes, Stack size 16 bytes, at32f435_437_gpio.o(i.gpio_init))
<BR><BR>[Stack]<UL><LI>Max Depth = 16<LI>Call Chain = gpio_init
</UL>
<BR>[Called By]<UL><LI><a href="#[ed]">&gt;&gt;</a>&nbsp;&nbsp;&nbsp;wk_gpio_config
<LI><a href="#[ee]">&gt;&gt;</a>&nbsp;&nbsp;&nbsp;wk_spi2_init
<LI><a href="#[a7]">&gt;&gt;</a>&nbsp;&nbsp;&nbsp;wk_exint_config
</UL>

<P><STRONG><a name="[123]"></a>gpio_pin_mux_config</STRONG> (Thumb, 66 bytes, Stack size 20 bytes, at32f435_437_gpio.o(i.gpio_pin_mux_config))
<BR><BR>[Stack]<UL><LI>Max Depth = 20<LI>Call Chain = gpio_pin_mux_config
</UL>
<BR>[Called By]<UL><LI><a href="#[ee]">&gt;&gt;</a>&nbsp;&nbsp;&nbsp;wk_spi2_init
</UL>

<P><STRONG><a name="[6c]"></a>main</STRONG> (Thumb, 80 bytes, Stack size 8 bytes, cia402appl.o(i.main))
<BR><BR>[Stack]<UL><LI>Max Depth = 304<LI>Call Chain = main &rArr; MainLoop &rArr; ECAT_Main &rArr; MBX_Main &rArr; MailboxServiceInd &rArr; COE_ServiceInd &rArr; SDOS_SdoInd &rArr; SdoRes &rArr; MBX_MailboxSendReq &rArr; MBX_CopyToSendMailbox &rArr; HW_EscWrite &rArr; CF11xx_SPI_EscWrite &rArr; AddressingEsc &rArr; WR_CMD
</UL>
<BR>[Calls]<UL><LI><a href="#[116]">&gt;&gt;</a>&nbsp;&nbsp;&nbsp;HW_Release
<LI><a href="#[e9]">&gt;&gt;</a>&nbsp;&nbsp;&nbsp;HW_Init
<LI><a href="#[115]">&gt;&gt;</a>&nbsp;&nbsp;&nbsp;gpio_bits_toggle
<LI><a href="#[f6]">&gt;&gt;</a>&nbsp;&nbsp;&nbsp;MainLoop
<LI><a href="#[f5]">&gt;&gt;</a>&nbsp;&nbsp;&nbsp;MainInit
<LI><a href="#[c3]">&gt;&gt;</a>&nbsp;&nbsp;&nbsp;CiA402_Init
<LI><a href="#[c1]">&gt;&gt;</a>&nbsp;&nbsp;&nbsp;CiA402_DeallocateAxis
<LI><a href="#[83]">&gt;&gt;</a>&nbsp;&nbsp;&nbsp;APPL_GenerateMapping
</UL>
<BR>[Address Reference Count : 1]<UL><LI> entry9a.o(.ARM.Collect$$$$0000000B)
</UL>
<P><STRONG><a name="[b2]"></a>malloc</STRONG> (Thumb, 92 bytes, Stack size 20 bytes, malloc.o(i.malloc))
<BR><BR>[Stack]<UL><LI>Max Depth = 20<LI>Call Chain = malloc
</UL>
<BR>[Called By]<UL><LI><a href="#[c3]">&gt;&gt;</a>&nbsp;&nbsp;&nbsp;CiA402_Init
<LI><a href="#[85]">&gt;&gt;</a>&nbsp;&nbsp;&nbsp;MBX_StartMailboxHandler
<LI><a href="#[d4]">&gt;&gt;</a>&nbsp;&nbsp;&nbsp;MBX_CheckAndCopyMailbox
<LI><a href="#[bb]">&gt;&gt;</a>&nbsp;&nbsp;&nbsp;SDOS_SdoInd
<LI><a href="#[b0]">&gt;&gt;</a>&nbsp;&nbsp;&nbsp;COE_ContinueInd
</UL>

<P><STRONG><a name="[c7]"></a>nvic_irq_disable</STRONG> (Thumb, 38 bytes, Stack size 8 bytes, at32f435_437_misc.o(i.nvic_irq_disable))
<BR><BR>[Stack]<UL><LI>Max Depth = 8<LI>Call Chain = nvic_irq_disable
</UL>
<BR>[Called By]<UL><LI><a href="#[f6]">&gt;&gt;</a>&nbsp;&nbsp;&nbsp;MainLoop
<LI><a href="#[8f]">&gt;&gt;</a>&nbsp;&nbsp;&nbsp;SetALEventMask
<LI><a href="#[84]">&gt;&gt;</a>&nbsp;&nbsp;&nbsp;ResetALEventMask
<LI><a href="#[c6]">&gt;&gt;</a>&nbsp;&nbsp;&nbsp;DC_CheckWatchdog
</UL>

<P><STRONG><a name="[c8]"></a>nvic_irq_enable</STRONG> (Thumb, 190 bytes, Stack size 32 bytes, at32f435_437_misc.o(i.nvic_irq_enable))
<BR><BR>[Stack]<UL><LI>Max Depth = 32<LI>Call Chain = nvic_irq_enable
</UL>
<BR>[Called By]<UL><LI><a href="#[a9]">&gt;&gt;</a>&nbsp;&nbsp;&nbsp;wk_nvic_config
<LI><a href="#[f6]">&gt;&gt;</a>&nbsp;&nbsp;&nbsp;MainLoop
<LI><a href="#[8f]">&gt;&gt;</a>&nbsp;&nbsp;&nbsp;SetALEventMask
<LI><a href="#[84]">&gt;&gt;</a>&nbsp;&nbsp;&nbsp;ResetALEventMask
<LI><a href="#[c6]">&gt;&gt;</a>&nbsp;&nbsp;&nbsp;DC_CheckWatchdog
</UL>

<P><STRONG><a name="[11d]"></a>nvic_priority_group_config</STRONG> (Thumb, 32 bytes, Stack size 0 bytes, at32f435_437_misc.o(i.nvic_priority_group_config))
<BR><BR>[Called By]<UL><LI><a href="#[a9]">&gt;&gt;</a>&nbsp;&nbsp;&nbsp;wk_nvic_config
</UL>

<P><STRONG><a name="[11a]"></a>scfg_exint_line_config</STRONG> (Thumb, 176 bytes, Stack size 8 bytes, at32f435_437_scfg.o(i.scfg_exint_line_config))
<BR><BR>[Stack]<UL><LI>Max Depth = 8<LI>Call Chain = scfg_exint_line_config
</UL>
<BR>[Called By]<UL><LI><a href="#[a7]">&gt;&gt;</a>&nbsp;&nbsp;&nbsp;wk_exint_config
</UL>

<P><STRONG><a name="[122]"></a>spi_default_para_init</STRONG> (Thumb, 22 bytes, Stack size 0 bytes, at32f435_437_spi.o(i.spi_default_para_init))
<BR><BR>[Called By]<UL><LI><a href="#[ee]">&gt;&gt;</a>&nbsp;&nbsp;&nbsp;wk_spi2_init
</UL>

<P><STRONG><a name="[125]"></a>spi_enable</STRONG> (Thumb, 10 bytes, Stack size 0 bytes, at32f435_437_spi.o(i.spi_enable))
<BR><BR>[Called By]<UL><LI><a href="#[ee]">&gt;&gt;</a>&nbsp;&nbsp;&nbsp;wk_spi2_init
</UL>

<P><STRONG><a name="[112]"></a>spi_i2s_data_receive</STRONG> (Thumb, 8 bytes, Stack size 0 bytes, at32f435_437_spi.o(i.spi_i2s_data_receive))
<BR><BR>[Called By]<UL><LI><a href="#[a4]">&gt;&gt;</a>&nbsp;&nbsp;&nbsp;WR_CMD
</UL>

<P><STRONG><a name="[111]"></a>spi_i2s_data_transmit</STRONG> (Thumb, 4 bytes, Stack size 0 bytes, at32f435_437_spi.o(i.spi_i2s_data_transmit))
<BR><BR>[Called By]<UL><LI><a href="#[a4]">&gt;&gt;</a>&nbsp;&nbsp;&nbsp;WR_CMD
</UL>

<P><STRONG><a name="[110]"></a>spi_i2s_flag_get</STRONG> (Thumb, 16 bytes, Stack size 0 bytes, at32f435_437_spi.o(i.spi_i2s_flag_get))
<BR><BR>[Called By]<UL><LI><a href="#[a4]">&gt;&gt;</a>&nbsp;&nbsp;&nbsp;WR_CMD
</UL>

<P><STRONG><a name="[124]"></a>spi_init</STRONG> (Thumb, 344 bytes, Stack size 0 bytes, at32f435_437_spi.o(i.spi_init))
<BR><BR>[Called By]<UL><LI><a href="#[ee]">&gt;&gt;</a>&nbsp;&nbsp;&nbsp;wk_spi2_init
</UL>

<P><STRONG><a name="[117]"></a>system_core_clock_update</STRONG> (Thumb, 214 bytes, Stack size 48 bytes, system_at32f435_437.o(i.system_core_clock_update))
<BR><BR>[Stack]<UL><LI>Max Depth = 88<LI>Call Chain = system_core_clock_update &rArr; __aeabi_uldivmod
</UL>
<BR>[Calls]<UL><LI><a href="#[114]">&gt;&gt;</a>&nbsp;&nbsp;&nbsp;crm_sysclk_switch_status_get
<LI><a href="#[71]">&gt;&gt;</a>&nbsp;&nbsp;&nbsp;__aeabi_uldivmod
</UL>
<BR>[Called By]<UL><LI><a href="#[ea]">&gt;&gt;</a>&nbsp;&nbsp;&nbsp;wk_system_clock_config
</UL>

<P><STRONG><a name="[12f]"></a>systick_clock_source_config</STRONG> (Thumb, 40 bytes, Stack size 0 bytes, at32f435_437_misc.o(i.systick_clock_source_config))
<BR><BR>[Called By]<UL><LI><a href="#[ec]">&gt;&gt;</a>&nbsp;&nbsp;&nbsp;wk_timebase_init
</UL>

<P><STRONG><a name="[132]"></a>tmr_base_init</STRONG> (Thumb, 16 bytes, Stack size 0 bytes, at32f435_437_tmr.o(i.tmr_base_init))
<BR><BR>[Called By]<UL><LI><a href="#[a8]">&gt;&gt;</a>&nbsp;&nbsp;&nbsp;wk_tmr7_init
</UL>

<P><STRONG><a name="[130]"></a>tmr_cnt_dir_set</STRONG> (Thumb, 10 bytes, Stack size 0 bytes, at32f435_437_tmr.o(i.tmr_cnt_dir_set))
<BR><BR>[Called By]<UL><LI><a href="#[a8]">&gt;&gt;</a>&nbsp;&nbsp;&nbsp;wk_tmr7_init
</UL>

<P><STRONG><a name="[134]"></a>tmr_counter_enable</STRONG> (Thumb, 10 bytes, Stack size 0 bytes, at32f435_437_tmr.o(i.tmr_counter_enable))
<BR><BR>[Called By]<UL><LI><a href="#[a8]">&gt;&gt;</a>&nbsp;&nbsp;&nbsp;wk_tmr7_init
</UL>

<P><STRONG><a name="[10f]"></a>tmr_flag_clear</STRONG> (Thumb, 6 bytes, Stack size 0 bytes, at32f435_437_tmr.o(i.tmr_flag_clear))
<BR><BR>[Called By]<UL><LI><a href="#[43]">&gt;&gt;</a>&nbsp;&nbsp;&nbsp;TMR7_GLOBAL_IRQHandler
</UL>

<P><STRONG><a name="[135]"></a>tmr_interrupt_enable</STRONG> (Thumb, 22 bytes, Stack size 0 bytes, at32f435_437_tmr.o(i.tmr_interrupt_enable))
<BR><BR>[Called By]<UL><LI><a href="#[a8]">&gt;&gt;</a>&nbsp;&nbsp;&nbsp;wk_tmr7_init
</UL>

<P><STRONG><a name="[10e]"></a>tmr_interrupt_flag_get</STRONG> (Thumb, 24 bytes, Stack size 0 bytes, at32f435_437_tmr.o(i.tmr_interrupt_flag_get))
<BR><BR>[Called By]<UL><LI><a href="#[43]">&gt;&gt;</a>&nbsp;&nbsp;&nbsp;TMR7_GLOBAL_IRQHandler
</UL>

<P><STRONG><a name="[131]"></a>tmr_period_buffer_enable</STRONG> (Thumb, 10 bytes, Stack size 0 bytes, at32f435_437_tmr.o(i.tmr_period_buffer_enable))
<BR><BR>[Called By]<UL><LI><a href="#[a8]">&gt;&gt;</a>&nbsp;&nbsp;&nbsp;wk_tmr7_init
</UL>

<P><STRONG><a name="[133]"></a>tmr_primary_mode_select</STRONG> (Thumb, 10 bytes, Stack size 0 bytes, at32f435_437_tmr.o(i.tmr_primary_mode_select))
<BR><BR>[Called By]<UL><LI><a href="#[a8]">&gt;&gt;</a>&nbsp;&nbsp;&nbsp;wk_tmr7_init
</UL>

<P><STRONG><a name="[a7]"></a>wk_exint_config</STRONG> (Thumb, 220 bytes, Stack size 24 bytes, wk_exint.o(i.wk_exint_config))
<BR><BR>[Stack]<UL><LI>Max Depth = 40<LI>Call Chain = wk_exint_config &rArr; gpio_init
</UL>
<BR>[Calls]<UL><LI><a href="#[11a]">&gt;&gt;</a>&nbsp;&nbsp;&nbsp;scfg_exint_line_config
<LI><a href="#[119]">&gt;&gt;</a>&nbsp;&nbsp;&nbsp;gpio_init
<LI><a href="#[118]">&gt;&gt;</a>&nbsp;&nbsp;&nbsp;gpio_default_para_init
<LI><a href="#[11c]">&gt;&gt;</a>&nbsp;&nbsp;&nbsp;exint_init
<LI><a href="#[11b]">&gt;&gt;</a>&nbsp;&nbsp;&nbsp;exint_default_para_init
</UL>
<BR>[Called By]<UL><LI><a href="#[a5]">&gt;&gt;</a>&nbsp;&nbsp;&nbsp;CF11XX_HW_Init
</UL>

<P><STRONG><a name="[ed]"></a>wk_gpio_config</STRONG> (Thumb, 200 bytes, Stack size 16 bytes, wk_gpio.o(i.wk_gpio_config))
<BR><BR>[Stack]<UL><LI>Max Depth = 32<LI>Call Chain = wk_gpio_config &rArr; gpio_init
</UL>
<BR>[Calls]<UL><LI><a href="#[ab]">&gt;&gt;</a>&nbsp;&nbsp;&nbsp;gpio_bits_set
<LI><a href="#[119]">&gt;&gt;</a>&nbsp;&nbsp;&nbsp;gpio_init
<LI><a href="#[118]">&gt;&gt;</a>&nbsp;&nbsp;&nbsp;gpio_default_para_init
</UL>
<BR>[Called By]<UL><LI><a href="#[e9]">&gt;&gt;</a>&nbsp;&nbsp;&nbsp;HW_Init
</UL>

<P><STRONG><a name="[a9]"></a>wk_nvic_config</STRONG> (Thumb, 232 bytes, Stack size 16 bytes, at32f435_437_wk_config.o(i.wk_nvic_config))
<BR><BR>[Stack]<UL><LI>Max Depth = 48<LI>Call Chain = wk_nvic_config &rArr; nvic_irq_enable
</UL>
<BR>[Calls]<UL><LI><a href="#[11d]">&gt;&gt;</a>&nbsp;&nbsp;&nbsp;nvic_priority_group_config
<LI><a href="#[c8]">&gt;&gt;</a>&nbsp;&nbsp;&nbsp;nvic_irq_enable
<LI><a href="#[120]">&gt;&gt;</a>&nbsp;&nbsp;&nbsp;__NVIC_SetPriority
<LI><a href="#[11e]">&gt;&gt;</a>&nbsp;&nbsp;&nbsp;__NVIC_GetPriorityGrouping
<LI><a href="#[11f]">&gt;&gt;</a>&nbsp;&nbsp;&nbsp;NVIC_EncodePriority
</UL>
<BR>[Called By]<UL><LI><a href="#[a5]">&gt;&gt;</a>&nbsp;&nbsp;&nbsp;CF11XX_HW_Init
</UL>

<P><STRONG><a name="[eb]"></a>wk_periph_clock_config</STRONG> (Thumb, 68 bytes, Stack size 8 bytes, at32f435_437_wk_config.o(i.wk_periph_clock_config))
<BR><BR>[Stack]<UL><LI>Max Depth = 16<LI>Call Chain = wk_periph_clock_config &rArr; crm_periph_clock_enable
</UL>
<BR>[Calls]<UL><LI><a href="#[121]">&gt;&gt;</a>&nbsp;&nbsp;&nbsp;crm_periph_clock_enable
</UL>
<BR>[Called By]<UL><LI><a href="#[e9]">&gt;&gt;</a>&nbsp;&nbsp;&nbsp;HW_Init
</UL>

<P><STRONG><a name="[ee]"></a>wk_spi2_init</STRONG> (Thumb, 214 bytes, Stack size 24 bytes, wk_spi.o(i.wk_spi2_init))
<BR><BR>[Stack]<UL><LI>Max Depth = 44<LI>Call Chain = wk_spi2_init &rArr; gpio_pin_mux_config
</UL>
<BR>[Calls]<UL><LI><a href="#[124]">&gt;&gt;</a>&nbsp;&nbsp;&nbsp;spi_init
<LI><a href="#[125]">&gt;&gt;</a>&nbsp;&nbsp;&nbsp;spi_enable
<LI><a href="#[122]">&gt;&gt;</a>&nbsp;&nbsp;&nbsp;spi_default_para_init
<LI><a href="#[123]">&gt;&gt;</a>&nbsp;&nbsp;&nbsp;gpio_pin_mux_config
<LI><a href="#[119]">&gt;&gt;</a>&nbsp;&nbsp;&nbsp;gpio_init
<LI><a href="#[118]">&gt;&gt;</a>&nbsp;&nbsp;&nbsp;gpio_default_para_init
</UL>
<BR>[Called By]<UL><LI><a href="#[e9]">&gt;&gt;</a>&nbsp;&nbsp;&nbsp;HW_Init
</UL>

<P><STRONG><a name="[ea]"></a>wk_system_clock_config</STRONG> (Thumb, 166 bytes, Stack size 8 bytes, at32f435_437_wk_config.o(i.wk_system_clock_config))
<BR><BR>[Stack]<UL><LI>Max Depth = 96<LI>Call Chain = wk_system_clock_config &rArr; system_core_clock_update &rArr; __aeabi_uldivmod
</UL>
<BR>[Calls]<UL><LI><a href="#[117]">&gt;&gt;</a>&nbsp;&nbsp;&nbsp;system_core_clock_update
<LI><a href="#[114]">&gt;&gt;</a>&nbsp;&nbsp;&nbsp;crm_sysclk_switch_status_get
<LI><a href="#[12e]">&gt;&gt;</a>&nbsp;&nbsp;&nbsp;crm_sysclk_switch
<LI><a href="#[126]">&gt;&gt;</a>&nbsp;&nbsp;&nbsp;crm_reset
<LI><a href="#[129]">&gt;&gt;</a>&nbsp;&nbsp;&nbsp;crm_pll_config
<LI><a href="#[121]">&gt;&gt;</a>&nbsp;&nbsp;&nbsp;crm_periph_clock_enable
<LI><a href="#[128]">&gt;&gt;</a>&nbsp;&nbsp;&nbsp;crm_flag_get
<LI><a href="#[127]">&gt;&gt;</a>&nbsp;&nbsp;&nbsp;crm_clock_source_enable
<LI><a href="#[12d]">&gt;&gt;</a>&nbsp;&nbsp;&nbsp;crm_auto_step_mode_enable
<LI><a href="#[12b]">&gt;&gt;</a>&nbsp;&nbsp;&nbsp;crm_apb2_div_set
<LI><a href="#[12c]">&gt;&gt;</a>&nbsp;&nbsp;&nbsp;crm_apb1_div_set
<LI><a href="#[12a]">&gt;&gt;</a>&nbsp;&nbsp;&nbsp;crm_ahb_div_set
</UL>
<BR>[Called By]<UL><LI><a href="#[e9]">&gt;&gt;</a>&nbsp;&nbsp;&nbsp;HW_Init
</UL>

<P><STRONG><a name="[ec]"></a>wk_timebase_init</STRONG> (Thumb, 56 bytes, Stack size 24 bytes, wk_system.o(i.wk_timebase_init))
<BR><BR>[Stack]<UL><LI>Max Depth = 112<LI>Call Chain = wk_timebase_init &rArr; crm_clocks_freq_get &rArr; __aeabi_uldivmod
</UL>
<BR>[Calls]<UL><LI><a href="#[12f]">&gt;&gt;</a>&nbsp;&nbsp;&nbsp;systick_clock_source_config
<LI><a href="#[113]">&gt;&gt;</a>&nbsp;&nbsp;&nbsp;crm_clocks_freq_get
</UL>
<BR>[Called By]<UL><LI><a href="#[e9]">&gt;&gt;</a>&nbsp;&nbsp;&nbsp;HW_Init
</UL>

<P><STRONG><a name="[a8]"></a>wk_tmr7_init</STRONG> (Thumb, 58 bytes, Stack size 8 bytes, wk_tmr.o(i.wk_tmr7_init))
<BR><BR>[Stack]<UL><LI>Max Depth = 8<LI>Call Chain = wk_tmr7_init
</UL>
<BR>[Calls]<UL><LI><a href="#[133]">&gt;&gt;</a>&nbsp;&nbsp;&nbsp;tmr_primary_mode_select
<LI><a href="#[131]">&gt;&gt;</a>&nbsp;&nbsp;&nbsp;tmr_period_buffer_enable
<LI><a href="#[135]">&gt;&gt;</a>&nbsp;&nbsp;&nbsp;tmr_interrupt_enable
<LI><a href="#[134]">&gt;&gt;</a>&nbsp;&nbsp;&nbsp;tmr_counter_enable
<LI><a href="#[130]">&gt;&gt;</a>&nbsp;&nbsp;&nbsp;tmr_cnt_dir_set
<LI><a href="#[132]">&gt;&gt;</a>&nbsp;&nbsp;&nbsp;tmr_base_init
</UL>
<BR>[Called By]<UL><LI><a href="#[a5]">&gt;&gt;</a>&nbsp;&nbsp;&nbsp;CF11XX_HW_Init
</UL>
<P>
<H3>
Local Symbols
</H3>
<P><STRONG><a name="[11f]"></a>NVIC_EncodePriority</STRONG> (Thumb, 64 bytes, Stack size 20 bytes, at32f435_437_wk_config.o(i.NVIC_EncodePriority))
<BR><BR>[Stack]<UL><LI>Max Depth = 20<LI>Call Chain = NVIC_EncodePriority
</UL>
<BR>[Called By]<UL><LI><a href="#[a9]">&gt;&gt;</a>&nbsp;&nbsp;&nbsp;wk_nvic_config
</UL>

<P><STRONG><a name="[11e]"></a>__NVIC_GetPriorityGrouping</STRONG> (Thumb, 10 bytes, Stack size 0 bytes, at32f435_437_wk_config.o(i.__NVIC_GetPriorityGrouping))
<BR><BR>[Called By]<UL><LI><a href="#[a9]">&gt;&gt;</a>&nbsp;&nbsp;&nbsp;wk_nvic_config
</UL>

<P><STRONG><a name="[120]"></a>__NVIC_SetPriority</STRONG> (Thumb, 32 bytes, Stack size 8 bytes, at32f435_437_wk_config.o(i.__NVIC_SetPriority))
<BR><BR>[Stack]<UL><LI>Max Depth = 8<LI>Call Chain = __NVIC_SetPriority
</UL>
<BR>[Called By]<UL><LI><a href="#[a9]">&gt;&gt;</a>&nbsp;&nbsp;&nbsp;wk_nvic_config
</UL>

<P><STRONG><a name="[e3]"></a>GetInterruptRegister</STRONG> (Thumb, 20 bytes, Stack size 8 bytes, at32_hw.o(i.GetInterruptRegister))
<BR><BR>[Stack]<UL><LI>Max Depth = 80<LI>Call Chain = GetInterruptRegister &rArr; HW_EscRead &rArr; CF11xx_SPI_EscRead &rArr; AddressingEsc &rArr; WR_CMD
</UL>
<BR>[Calls]<UL><LI><a href="#[a0]">&gt;&gt;</a>&nbsp;&nbsp;&nbsp;HW_EscRead
</UL>
<BR>[Called By]<UL><LI><a href="#[d1]">&gt;&gt;</a>&nbsp;&nbsp;&nbsp;HW_GetALEventRegister
</UL>

<P><STRONG><a name="[e8]"></a>ISR_GetInterruptRegister</STRONG> (Thumb, 16 bytes, Stack size 8 bytes, at32_hw.o(i.ISR_GetInterruptRegister))
<BR><BR>[Stack]<UL><LI>Max Depth = 88<LI>Call Chain = ISR_GetInterruptRegister &rArr; HW_EscReadIsr &rArr; CF11xx_SPI_EscReadIsr &rArr; AddressingEsc &rArr; WR_CMD
</UL>
<BR>[Calls]<UL><LI><a href="#[e5]">&gt;&gt;</a>&nbsp;&nbsp;&nbsp;HW_EscReadIsr
</UL>
<BR>[Called By]<UL><LI><a href="#[e7]">&gt;&gt;</a>&nbsp;&nbsp;&nbsp;HW_GetALEventRegister_Isr
</UL>

<P><STRONG><a name="[10a]"></a>SdoDownloadSegmentInd</STRONG> (Thumb, 596 bytes, Stack size 32 bytes, sdoserv.o(i.SdoDownloadSegmentInd))
<BR><BR>[Stack]<UL><LI>Max Depth = 140<LI>Call Chain = SdoDownloadSegmentInd &rArr; OBJ_Write &rArr; OBJ_GetEntryOffset
</UL>
<BR>[Calls]<UL><LI><a href="#[b6]">&gt;&gt;</a>&nbsp;&nbsp;&nbsp;free
<LI><a href="#[b3]">&gt;&gt;</a>&nbsp;&nbsp;&nbsp;__aeabi_memcpy
<LI><a href="#[104]">&gt;&gt;</a>&nbsp;&nbsp;&nbsp;OBJ_Write
</UL>
<BR>[Called By]<UL><LI><a href="#[bb]">&gt;&gt;</a>&nbsp;&nbsp;&nbsp;SDOS_SdoInd
</UL>

<P><STRONG><a name="[10b]"></a>SdoUploadSegmentInd</STRONG> (Thumb, 388 bytes, Stack size 24 bytes, sdoserv.o(i.SdoUploadSegmentInd))
<BR><BR>[Stack]<UL><LI>Max Depth = 32<LI>Call Chain = SdoUploadSegmentInd &rArr; free
</UL>
<BR>[Calls]<UL><LI><a href="#[b6]">&gt;&gt;</a>&nbsp;&nbsp;&nbsp;free
<LI><a href="#[b3]">&gt;&gt;</a>&nbsp;&nbsp;&nbsp;__aeabi_memcpy
</UL>
<BR>[Called By]<UL><LI><a href="#[bb]">&gt;&gt;</a>&nbsp;&nbsp;&nbsp;SDOS_SdoInd
</UL>
<P>
<H3>
Undefined Global Symbols
</H3><HR></body></html>
