Component: ARM Compiler 5.06 update 6 (build 750) Tool: armlink [4d35ed]

==============================================================================

Section Cross References

    at32f435_437_int.o(i.EXINT0_IRQHandler) refers to at32f435_437_exint.o(i.exint_interrupt_flag_get) for exint_interrupt_flag_get
    at32f435_437_int.o(i.EXINT0_IRQHandler) refers to at32f435_437_exint.o(i.exint_flag_clear) for exint_flag_clear
    at32f435_437_int.o(i.EXINT0_IRQHandler) refers to ecatappl.o(i.Sync0_Isr) for Sync0_Isr
    at32f435_437_int.o(i.EXINT1_IRQHandler) refers to at32f435_437_exint.o(i.exint_interrupt_flag_get) for exint_interrupt_flag_get
    at32f435_437_int.o(i.EXINT1_IRQHandler) refers to at32f435_437_exint.o(i.exint_flag_clear) for exint_flag_clear
    at32f435_437_int.o(i.EXINT1_IRQHandler) refers to ecatappl.o(i.Sync1_Isr) for Sync1_Isr
    at32f435_437_int.o(i.EXINT9_5_IRQHandler) refers to at32f435_437_exint.o(i.exint_interrupt_flag_get) for exint_interrupt_flag_get
    at32f435_437_int.o(i.EXINT9_5_IRQHandler) refers to at32f435_437_exint.o(i.exint_flag_clear) for exint_flag_clear
    at32f435_437_int.o(i.EXINT9_5_IRQHandler) refers to ecatappl.o(i.PDI_Isr) for PDI_Isr
    at32f435_437_int.o(i.TMR7_GLOBAL_IRQHandler) refers to at32f435_437_tmr.o(i.tmr_interrupt_flag_get) for tmr_interrupt_flag_get
    at32f435_437_int.o(i.TMR7_GLOBAL_IRQHandler) refers to at32f435_437_tmr.o(i.tmr_flag_clear) for tmr_flag_clear
    at32f435_437_wk_config.o(i.wk_nvic_config) refers to at32f435_437_misc.o(i.nvic_priority_group_config) for nvic_priority_group_config
    at32f435_437_wk_config.o(i.wk_nvic_config) refers to at32f435_437_wk_config.o(i.__NVIC_GetPriorityGrouping) for __NVIC_GetPriorityGrouping
    at32f435_437_wk_config.o(i.wk_nvic_config) refers to at32f435_437_wk_config.o(i.NVIC_EncodePriority) for NVIC_EncodePriority
    at32f435_437_wk_config.o(i.wk_nvic_config) refers to at32f435_437_wk_config.o(i.__NVIC_SetPriority) for __NVIC_SetPriority
    at32f435_437_wk_config.o(i.wk_nvic_config) refers to at32f435_437_misc.o(i.nvic_irq_enable) for nvic_irq_enable
    at32f435_437_wk_config.o(i.wk_periph_clock_config) refers to at32f435_437_crm.o(i.crm_periph_clock_enable) for crm_periph_clock_enable
    at32f435_437_wk_config.o(i.wk_system_clock_config) refers to at32f435_437_crm.o(i.crm_reset) for crm_reset
    at32f435_437_wk_config.o(i.wk_system_clock_config) refers to at32f435_437_crm.o(i.crm_periph_clock_enable) for crm_periph_clock_enable
    at32f435_437_wk_config.o(i.wk_system_clock_config) refers to at32f435_437_crm.o(i.crm_clock_source_enable) for crm_clock_source_enable
    at32f435_437_wk_config.o(i.wk_system_clock_config) refers to at32f435_437_crm.o(i.crm_flag_get) for crm_flag_get
    at32f435_437_wk_config.o(i.wk_system_clock_config) refers to at32f435_437_crm.o(i.crm_pll_config) for crm_pll_config
    at32f435_437_wk_config.o(i.wk_system_clock_config) refers to at32f435_437_crm.o(i.crm_ahb_div_set) for crm_ahb_div_set
    at32f435_437_wk_config.o(i.wk_system_clock_config) refers to at32f435_437_crm.o(i.crm_apb2_div_set) for crm_apb2_div_set
    at32f435_437_wk_config.o(i.wk_system_clock_config) refers to at32f435_437_crm.o(i.crm_apb1_div_set) for crm_apb1_div_set
    at32f435_437_wk_config.o(i.wk_system_clock_config) refers to at32f435_437_crm.o(i.crm_auto_step_mode_enable) for crm_auto_step_mode_enable
    at32f435_437_wk_config.o(i.wk_system_clock_config) refers to at32f435_437_crm.o(i.crm_sysclk_switch) for crm_sysclk_switch
    at32f435_437_wk_config.o(i.wk_system_clock_config) refers to at32f435_437_crm.o(i.crm_sysclk_switch_status_get) for crm_sysclk_switch_status_get
    at32f435_437_wk_config.o(i.wk_system_clock_config) refers to system_at32f435_437.o(i.system_core_clock_update) for system_core_clock_update
    wk_system.o(i.wk_delay_ms) refers to wk_system.o(i.wk_delay_us) for wk_delay_us
    wk_system.o(i.wk_delay_us) refers to wk_system.o(.data) for ticks_count_us
    wk_system.o(i.wk_timebase_init) refers to at32f435_437_crm.o(i.crm_clocks_freq_get) for crm_clocks_freq_get
    wk_system.o(i.wk_timebase_init) refers to at32f435_437_misc.o(i.systick_clock_source_config) for systick_clock_source_config
    wk_system.o(i.wk_timebase_init) refers to wk_system.o(.data) for ticks_count_us
    wk_exint.o(i.wk_exint_config) refers to at32f435_437_gpio.o(i.gpio_default_para_init) for gpio_default_para_init
    wk_exint.o(i.wk_exint_config) refers to at32f435_437_gpio.o(i.gpio_init) for gpio_init
    wk_exint.o(i.wk_exint_config) refers to at32f435_437_scfg.o(i.scfg_exint_line_config) for scfg_exint_line_config
    wk_exint.o(i.wk_exint_config) refers to at32f435_437_exint.o(i.exint_default_para_init) for exint_default_para_init
    wk_exint.o(i.wk_exint_config) refers to at32f435_437_exint.o(i.exint_init) for exint_init
    wk_spi.o(i.wk_spi2_init) refers to at32f435_437_gpio.o(i.gpio_default_para_init) for gpio_default_para_init
[...]
    sys_ahb_div_table                        0x08007c6e   Data          16  system_at32f435_437.o(.constdata)
    pll_fr_table                             0x08007c7e   Data           6  system_at32f435_437.o(.constdata)
    .constdata                               0x08007c84   Section     1081  cia402appl.o(.constdata)
    .constdata                               0x080080be   Section     1041  coeappl.o(.constdata)
    .constdata                               0x080084d0   Section       32  objdef.o(.constdata)
    .constdata                               0x080084f0   Section      120  sdoserv.o(.constdata)
    .data                                    0x20000000   Section        4  wk_system.o(.data)
    .data                                    0x20000004   Section        2  at32_hw.o(.data)
    .data                                    0x20000008   Section        4  system_at32f435_437.o(.data)
    .data                                    0x2000000c   Section     1512  cia402appl.o(.data)
    .data                                    0x200005f8   Section      552  coeappl.o(.data)
    .data                                    0x20000820   Section       49  ecatappl.o(.data)
    .data                                    0x20000854   Section        4  ecatcoe.o(.data)
    .data                                    0x20000858   Section       22  ecatfoe.o(.data)
    .data                                    0x2000086e   Section       75  ecatslv.o(.data)
    .data                                    0x200008bc   Section       33  mailbox.o(.data)
    .data                                    0x200008e0   Section       29  objdef.o(.data)
    .data                                    0x20000900   Section       60  sdoserv.o(.data)
    .data                                    0x2000093c   Section        4  mvars.o(.data)
    .data                                    0x20000940   Section        4  mvars.o(.data)
    .bss                                     0x20000948   Section      416  cia402appl.o(.bss)
    .bss                                     0x20000ae8   Section      136  ecatappl.o(.bss)
    .bss                                     0x20000b70   Section      104  mailbox.o(.bss)
    .bss                                     0x20000bd8   Section      136  objdef.o(.bss)
    .bss                                     0x20000c60   Section       14  sdoserv.o(.bss)
    HEAP                                     0x20000c70   Section    30720  startup_at32f435_437.o(HEAP)
    STACK                                    0x20008470   Section    30720  startup_at32f435_437.o(STACK)

    Global Symbols

    Symbol Name                              Value     Ov Type        Size  Object(Section)

    BuildAttributes$$THM_ISAv4$E$P$D$K$B$S$7EM$VFPi3$EXTD16$VFPS$VFMA$PE$A:L22UL41UL21$X:L11$S22US41US21$IEEE1$IW$USESV6$~STKCKD$USESV7$~SHL$OSPACE$ROPI$EBA8$MICROLIB$REQ8$PRES8$EABIv2 0x00000000   Number         0  anon$$obj.o ABSOLUTE
    __ARM_use_no_argv                        0x00000000   Number         0  cia402appl.o ABSOLUTE
    __cpp_initialize__aeabi_                  - Undefined Weak Reference
    __cxa_finalize                            - Undefined Weak Reference
    _clock_init                               - Undefined Weak Reference
    _microlib_exit                            - Undefined Weak Reference
    __Vectors_Size                           0x0000020c   Number         0  startup_at32f435_437.o ABSOLUTE
    __Vectors                                0x08000000   Data           4  startup_at32f435_437.o(RESET)
    __Vectors_End                            0x0800020c   Data           0  startup_at32f435_437.o(RESET)
    __main                                   0x0800020d   Thumb Code     0  entry.o(.ARM.Collect$$$$00000000)
    _main_stk                                0x0800020d   Thumb Code     0  entry2.o(.ARM.Collect$$$$00000001)
    _main_scatterload                        0x08000211   Thumb Code     0  entry5.o(.ARM.Collect$$$$00000004)
    __main_after_scatterload                 0x08000215   Thumb Code     0  entry5.o(.ARM.Collect$$$$00000004)
    _main_clock                              0x08000215   Thumb Code     0  entry7b.o(.ARM.Collect$$$$00000008)
    _main_cpp_init                           0x08000215   Thumb Code     0  entry8b.o(.ARM.Collect$$$$0000000A)
    _main_init                               0x08000215   Thumb Code     0  entry9a.o(.ARM.Collect$$$$0000000B)
    __rt_final_cpp                           0x0800021d   Thumb Code     0  entry10a.o(.ARM.Collect$$$$0000000D)
    __rt_final_exit                          0x0800021d   Thumb Code     0  entry11a.o(.ARM.Collect$$$$0000000F)
    Reset_Handler                            0x08000221   Thumb Code     8  startup_at32f435_437.o(.text)
    ACC_IRQHandler                           0x0800023b   Thumb Code     0  startup_at32f435_437.o(.text)
    ADC1_2_3_IRQHandler                      0x0800023b   Thumb Code     0  startup_at32f435_437.o(.text)
    CAN1_RX0_IRQHandler                      0x0800023b   Thumb Code     0  startup_at32f435_437.o(.text)
    CAN1_RX1_IRQHandler                      0x0800023b   Thumb Code     0  startup_at32f435_437.o(.text)
    CAN1_SE_IRQHandler                       0x0800023b   Thumb Code     0  startup_at32f435_437.o(.text)
    CAN1_TX_IRQHandler                       0x0800023b   Thumb Code     0  startup_at32f435_437.o(.text)
    CAN2_RX0_IRQHandler                      0x0800023b   Thumb Code     0  startup_at32f435_437.o(.text)
    CAN2_RX1_IRQHandler                      0x0800023b   Thumb Code     0  startup_at32f435_437.o(.text)
    CAN2_SE_IRQHandler                       0x0800023b   Thumb Code     0  startup_at32f435_437.o(.text)
    CAN2_TX_IRQHandler                       0x0800023b   Thumb Code     0  startup_at32f435_437.o(.text)
    CRM_IRQHandler                           0x0800023b   Thumb Code     0  startup_at32f435_437.o(.text)
    DMA1_Channel1_IRQHandler                 0x0800023b   Thumb Code     0  startup_at32f435_437.o(.text)
    DMA1_Channel2_IRQHandler                 0x0800023b   Thumb Code     0  startup_at32f435_437.o(.text)
    DMA1_Channel3_IRQHandler                 0x0800023b   Thumb Code     0  startup_at32f435_437.o(.text)
    DMA1_Channel4_IRQHandler                 0x0800023b   Thumb Code     0  startup_at32f435_437.o(.text)
    DMA1_Channel5_IRQHandler                 0x0800023b   Thumb Code     0  startup_at32f435_437.o(.text)
    DMA1_Channel6_IRQHandler                 0x0800023b   Thumb Code     0  startup_at32f435_437.o(.text)
    DMA1_Channel7_IRQHandler                 0x0800023b   Thumb Code     0  startup_at32f435_437.o(.text)
    DMA2_Channel1_IRQHandler                 0x0800023b   Thumb Code     0  startup_at32f435_437.o(.text)
    DMA2_Channel2_IRQHandler                 0x0800023b   Thumb Code     0  startup_at32f435_437.o(.text)
    DMA2_Channel3_IRQHandler                 0x0800023b   Thumb Code     0  startup_at32f435_437.o(.text)
    DMA2_Channel4_IRQHandler                 0x0800023b   Thumb Code     0  startup_at32f435_437.o(.text)
    DMA2_Channel5_IRQHandler                 0x0800023b   Thumb Code     0  startup_at32f435_437.o(.text)
    DMA2_Channel6_IRQHandler                 0x0800023b   Thumb Code     0  startup_at32f435_437.o(.text)
    DMA2_Channel7_IRQHandler                 0x0800023b   Thumb Code     0  startup_at32f435_437.o(.text)
    DMAMUX_IRQHandler                        0x0800023b   Thumb Code     0  startup_at32f435_437.o(.text)
    DVP_IRQHandler                           0x0800023b   Thumb Code     0  startup_at32f435_437.o(.text)
    EDMA_Stream1_IRQHandler                  0x0800023b   Thumb Code     0  startup_at32f435_437.o(.text)
    EDMA_Stream2_IRQHandler                  0x0800023b   Thumb Code     0  startup_at32f435_437.o(.text)
    EDMA_Stream3_IRQHandler                  0x0800023b   Thumb Code     0  startup_at32f435_437.o(.text)
    EDMA_Stream4_IRQHandler                  0x0800023b   Thumb Code     0  startup_at32f435_437.o(.text)
    EDMA_Stream5_IRQHandler                  0x0800023b   Thumb Code     0  startup_at32f435_437.o(.text)
    EDMA_Stream6_IRQHandler                  0x0800023b   Thumb Code     0  startup_at32f435_437.o(.text)
    EDMA_Stream7_IRQHandler                  0x0800023b   Thumb Code     0  startup_at32f435_437.o(.text)
    EDMA_Stream8_IRQHandler                  0x0800023b   Thumb Code     0  startup_at32f435_437.o(.text)
    EMAC_IRQHandler                          0x0800023b   Thumb Code     0  startup_at32f435_437.o(.text)
    EMAC_WKUP_IRQHandler                     0x0800023b   Thumb Code     0  startup_at32f435_437.o(.text)
    ERTCAlarm_IRQHandler                     0x0800023b   Thumb Code     0  startup_at32f435_437.o(.text)
    ERTC_WKUP_IRQHandler                     0x0800023b   Thumb Code     0  startup_at32f435_437.o(.text)
    EXINT15_10_IRQHandler                    0x0800023b   Thumb Code     0  startup_at32f435_437.o(.text)
    EXINT2_IRQHandler                        0x0800023b   Thumb Code     0  startup_at32f435_437.o(.text)
    EXINT3_IRQHandler                        0x0800023b   Thumb Code     0  startup_at32f435_437.o(.text)
    EXINT4_IRQHandler                        0x0800023b   Thumb Code     0  startup_at32f435_437.o(.text)
    FLASH_IRQHandler                         0x0800023b   Thumb Code     0  startup_at32f435_437.o(.text)
    FPU_IRQHandler                           0x0800023b   Thumb Code     0  startup_at32f435_437.o(.text)
    I2C1_ERR_IRQHandler                      0x0800023b   Thumb Code     0  startup_at32f435_437.o(.text)
    I2C1_EVT_IRQHandler                      0x0800023b   Thumb Code     0  startup_at32f435_437.o(.text)
    I2C2_ERR_IRQHandler                      0x0800023b   Thumb Code     0  startup_at32f435_437.o(.text)
    I2C2_EVT_IRQHandler                      0x0800023b   Thumb Code     0  startup_at32f435_437.o(.text)
    I2C3_ERR_IRQHandler                      0x0800023b   Thumb Code     0  startup_at32f435_437.o(.text)
    I2C3_EVT_IRQHandler                      0x0800023b   Thumb Code     0  startup_at32f435_437.o(.text)
    OTGFS1_IRQHandler                        0x0800023b   Thumb Code     0  startup_at32f435_437.o(.text)
    OTGFS1_WKUP_IRQHandler                   0x0800023b   Thumb Code     0  startup_at32f435_437.o(.text)
    OTGFS2_IRQHandler                        0x0800023b   Thumb Code     0  startup_at32f435_437.o(.text)
    OTGFS2_WKUP_IRQHandler                   0x0800023b   Thumb Code     0  startup_at32f435_437.o(.text)
    PVM_IRQHandler                           0x0800023b   Thumb Code     0  startup_at32f435_437.o(.text)
    QSPI1_IRQHandler                         0x0800023b   Thumb Code     0  startup_at32f435_437.o(.text)
    QSPI2_IRQHandler                         0x0800023b   Thumb Code     0  startup_at32f435_437.o(.text)
    SDIO1_IRQHandler                         0x0800023b   Thumb Code     0  startup_at32f435_437.o(.text)
    SDIO2_IRQHandler                         0x0800023b   Thumb Code     0  startup_at32f435_437.o(.text)
    SPI1_IRQHandler                          0x0800023b   Thumb Code     0  startup_at32f435_437.o(.text)
    SPI2_I2S2EXT_IRQHandler                  0x0800023b   Thumb Code     0  startup_at32f435_437.o(.text)
    SPI3_I2S3EXT_IRQHandler                  0x0800023b   Thumb Code     0  startup_at32f435_437.o(.text)
    SPI4_IRQHandler                          0x0800023b   Thumb Code     0  startup_at32f435_437.o(.text)
    TAMP_STAMP_IRQHandler                    0x0800023b   Thumb Code     0  startup_at32f435_437.o(.text)
    TMR1_BRK_TMR9_IRQHandler                 0x0800023b   Thumb Code     0  startup_at32f435_437.o(.text)
    TMR1_CH_IRQHandler                       0x0800023b   Thumb Code     0  startup_at32f435_437.o(.text)
    TMR1_OVF_TMR10_IRQHandler                0x0800023b   Thumb Code     0  startup_at32f435_437.o(.text)
    TMR1_TRG_HALL_TMR11_IRQHandler           0x0800023b   Thumb Code     0  startup_at32f435_437.o(.text)
    TMR20_BRK_IRQHandler                     0x0800023b   Thumb Code     0  startup_at32f435_437.o(.text)
    TMR20_CH_IRQHandler                      0x0800023b   Thumb Code     0  startup_at32f435_437.o(.text)
    TMR20_OVF_IRQHandler                     0x0800023b   Thumb Code     0  startup_at32f435_437.o(.text)
    TMR20_TRG_HALL_IRQHandler                0x0800023b   Thumb Code     0  startup_at32f435_437.o(.text)
    TMR2_GLOBAL_IRQHandler                   0x0800023b   Thumb Code     0  startup_at32f435_437.o(.text)
    TMR3_GLOBAL_IRQHandler                   0x0800023b   Thumb Code     0  startup_at32f435_437.o(.text)
    TMR4_GLOBAL_IRQHandler                   0x0800023b   Thumb Code     0  startup_at32f435_437.o(.text)
    TMR5_GLOBAL_IRQHandler                   0x0800023b   Thumb Code     0  startup_at32f435_437.o(.text)
    TMR6_DAC_GLOBAL_IRQHandler               0x0800023b   Thumb Code     0  startup_at32f435_437.o(.text)
    TMR8_BRK_TMR12_IRQHandler                0x0800023b   Thumb Code     0  startup_at32f435_437.o(.text)
    TMR8_CH_IRQHandler                       0x0800023b   Thumb Code     0  startup_at32f435_437.o(.text)
    TMR8_OVF_TMR13_IRQHandler                0x0800023b   Thumb Code     0  startup_at32f435_437.o(.text)
    TMR8_TRG_HALL_TMR14_IRQHandler           0x0800023b   Thumb Code     0  startup_at32f435_437.o(.text)
    UART4_IRQHandler                         0x0800023b   Thumb Code     0  startup_at32f435_437.o(.text)
    UART5_IRQHandler                         0x0800023b   Thumb Code     0  startup_at32f435_437.o(.text)
    UART7_IRQHandler                         0x0800023b   Thumb Code     0  startup_at32f435_437.o(.text)
    UART8_IRQHandler                         0x0800023b   Thumb Code     0  startup_at32f435_437.o(.text)
    USART1_IRQHandler                        0x0800023b   Thumb Code     0  startup_at32f435_437.o(.text)
    USART2_IRQHandler                        0x0800023b   Thumb Code     0  startup_at32f435_437.o(.text)
    USART3_IRQHandler                        0x0800023b   Thumb Code     0  startup_at32f435_437.o(.text)
    USART6_IRQHandler                        0x0800023b   Thumb Code     0  startup_at32f435_437.o(.text)
    WWDT_IRQHandler                          0x0800023b   Thumb Code     0  startup_at32f435_437.o(.text)
    XMC_IRQHandler                           0x0800023b   Thumb Code     0  startup_at32f435_437.o(.text)
    __aeabi_uldivmod                         0x08000245   Thumb Code    98  uldiv.o(.text)
    __aeabi_memcpy                           0x080002a7   Thumb Code    36  memcpya.o(.text)
    __aeabi_memcpy4                          0x080002a7   Thumb Code     0  memcpya.o(.text)
    __aeabi_memcpy8                          0x080002a7   Thumb Code     0  memcpya.o(.text)
    __aeabi_memset                           0x080002cb   Thumb Code    14  memseta.o(.text)
    __aeabi_memset4                          0x080002cb   Thumb Code     0  memseta.o(.text)
    __aeabi_memset8                          0x080002cb   Thumb Code     0  memseta.o(.text)
    __aeabi_memclr                           0x080002d9   Thumb Code     4  memseta.o(.text)
    __aeabi_memclr4                          0x080002d9   Thumb Code     0  memseta.o(.text)
    __aeabi_memclr8                          0x080002d9   Thumb Code     0  memseta.o(.text)
    _memset$wrapper                          0x080002dd   Thumb Code    18  memseta.o(.text)
    strlen                                   0x080002ef   Thumb Code    14  strlen.o(.text)
    __aeabi_dadd                             0x080002fd   Thumb Code   322  dadd.o(.text)
    __aeabi_dsub                             0x0800043f   Thumb Code     6  dadd.o(.text)
    __aeabi_drsub                            0x08000445   Thumb Code     6  dadd.o(.text)
    __aeabi_dmul                             0x0800044b   Thumb Code   228  dmul.o(.text)
    __aeabi_i2d                              0x0800052f   Thumb Code    34  dflti.o(.text)
    __aeabi_d2iz                             0x08000551   Thumb Code    62  dfixi.o(.text)
    __aeabi_f2d                              0x0800058f   Thumb Code    38  f2d.o(.text)
    __aeabi_llsl                             0x080005b5   Thumb Code    30  llshl.o(.text)
    _ll_shift_l                              0x080005b5   Thumb Code     0  llshl.o(.text)
    __aeabi_llsr                             0x080005d3   Thumb Code    32  llushr.o(.text)
    _ll_ushift_r                             0x080005d3   Thumb Code     0  llushr.o(.text)
    __aeabi_lasr                             0x080005f3   Thumb Code    36  llsshr.o(.text)
    _ll_sshift_r                             0x080005f3   Thumb Code     0  llsshr.o(.text)
    __I$use$fp                               0x08000617   Thumb Code     0  iusefp.o(.text)
    _double_round                            0x08000617   Thumb Code    30  depilogue.o(.text)
    _double_epilogue                         0x08000635   Thumb Code   156  depilogue.o(.text)
    __scatterload                            0x080006d1   Thumb Code    28  init.o(.text)
    __scatterload_rt2                        0x080006d1   Thumb Code     0  init.o(.text)
    __decompress                             0x080006f5   Thumb Code     0  __dczerorl2.o(.text)
    __decompress1                            0x080006f5   Thumb Code    86  __dczerorl2.o(.text)
    AL_ControlInd                            0x0800074d   Thumb Code  1272  ecatslv.o(i.AL_ControlInd)
    AL_ControlRes                            0x08000c5d   Thumb Code   480  ecatslv.o(i.AL_ControlRes)
    APPL_AckErrorInd                         0x08000e7d   Thumb Code     2  cia402appl.o(i.APPL_AckErrorInd)
    APPL_Application                         0x08000e81   Thumb Code    52  cia402appl.o(i.APPL_Application)
    APPL_GenerateMapping                     0x08000eb9   Thumb Code   748  cia402appl.o(i.APPL_GenerateMapping)
    APPL_InputMapping                        0x080011b1   Thumb Code   266  cia402appl.o(i.APPL_InputMapping)
    APPL_OutputMapping                       0x080012c5   Thumb Code   266  cia402appl.o(i.APPL_OutputMapping)
    APPL_StartInputHandler                   0x080013d9   Thumb Code   214  cia402appl.o(i.APPL_StartInputHandler)
    APPL_StartMailboxHandler                 0x080014d5   Thumb Code     4  cia402appl.o(i.APPL_StartMailboxHandler)
    APPL_StartOutputHandler                  0x080014d9   Thumb Code     4  cia402appl.o(i.APPL_StartOutputHandler)
    APPL_StopInputHandler                    0x080014dd   Thumb Code     4  cia402appl.o(i.APPL_StopInputHandler)
    APPL_StopMailboxHandler                  0x080014e1   Thumb Code     4  cia402appl.o(i.APPL_StopMailboxHandler)
    APPL_StopOutputHandler                   0x080014e5   Thumb Code     4  cia402appl.o(i.APPL_StopOutputHandler)
    AddObjectsToObjDictionary                0x080014e9   Thumb Code    40  coeappl.o(i.AddObjectsToObjDictionary)
    AddressingEsc                            0x08001511   Thumb Code    50  at32_hw.o(i.AddressingEsc)
    BL_Start                                 0x0800154d   Thumb Code     2  bootmode.o(i.BL_Start)
    BL_Stop                                  0x0800154f   Thumb Code     2  bootmode.o(i.BL_Stop)
    BackToInitTransition                     0x08001551   Thumb Code     8  ecatslv.o(i.BackToInitTransition)
    BusFault_Handler                         0x0800155d   Thumb Code     4  at32f435_437_int.o(i.BusFault_Handler)
    CF11XX_HW_Init                           0x08001561   Thumb Code    82  at32_hw.o(i.CF11XX_HW_Init)
    CF11xx_SPI_EscRead                       0x080015b5   Thumb Code    70  at32_hw.o(i.CF11xx_SPI_EscRead)
    CF11xx_SPI_EscReadIsr                    0x08001601   Thumb Code    76  at32_hw.o(i.CF11xx_SPI_EscReadIsr)
    CF11xx_SPI_EscWrite                      0x08001651   Thumb Code    70  at32_hw.o(i.CF11xx_SPI_EscWrite)
    CF11xx_SPI_EscWriteIsr                   0x0800169d   Thumb Code    62  at32_hw.o(i.CF11xx_SPI_EscWriteIsr)
    COE_AddObjectToDic                       0x080016e1   Thumb Code   140  coeappl.o(i.COE_AddObjectToDic)
    COE_ClearObjDictionary                   0x08001771   Thumb Code    32  coeappl.o(i.COE_ClearObjDictionary)
    COE_ContinueInd                          0x08001795   Thumb Code    64  ecatcoe.o(i.COE_ContinueInd)
    COE_GetObjectDictionary                  0x080017dd   Thumb Code     6  coeappl.o(i.COE_GetObjectDictionary)
    COE_Init                                 0x080017e9   Thumb Code    12  ecatcoe.o(i.COE_Init)
    COE_Main                                 0x080017fd   Thumb Code   154  coeappl.o(i.COE_Main)
    COE_ObjDictionaryInit                    0x080018b9   Thumb Code    38  coeappl.o(i.COE_ObjDictionaryInit)
    COE_ObjInit                              0x080018ed   Thumb Code   192  coeappl.o(i.COE_ObjInit)
    COE_RemoveDicEntry                       0x080019e9   Thumb Code    62  coeappl.o(i.COE_RemoveDicEntry)
    COE_ServiceInd                           0x08001a2d   Thumb Code    72  ecatcoe.o(i.COE_ServiceInd)
    COE_SyncTimeStamp                        0x08001a75   Thumb Code   104  coeappl.o(i.COE_SyncTimeStamp)
    COE_UpdateSyncErrorStatus                0x08001aed   Thumb Code    78  coeappl.o(i.COE_UpdateSyncErrorStatus)
    CheckIfEcatError                         0x08001b49   Thumb Code   120  ecatslv.o(i.CheckIfEcatError)
    CheckSmSettings                          0x08001bdd   Thumb Code   604  ecatslv.o(i.CheckSmSettings)
    CheckSyncTypeValue                       0x08001e61   Thumb Code   242  objdef.o(i.CheckSyncTypeValue)
    CiA402_Application                       0x08001f65   Thumb Code   320  cia402appl.o(i.CiA402_Application)
    CiA402_DeallocateAxis                    0x080020a9   Thumb Code   108  cia402appl.o(i.CiA402_DeallocateAxis)
    CiA402_DummyMotionControl                0x08002121   Thumb Code   300  cia402appl.o(i.CiA402_DummyMotionControl)
    CiA402_Init                              0x08002251   Thumb Code  1516  cia402appl.o(i.CiA402_Init)
    CiA402_LocalError                        0x08002841   Thumb Code    74  cia402appl.o(i.CiA402_LocalError)
    CiA402_StateMachine                      0x08002891   Thumb Code   618  cia402appl.o(i.CiA402_StateMachine)
    CiA402_TransitionAction                  0x08002b05   Thumb Code    44  cia402appl.o(i.CiA402_TransitionAction)
    DC_CheckWatchdog                         0x08002b31   Thumb Code   226  ecatslv.o(i.DC_CheckWatchdog)
    DebugMon_Handler                         0x08002c45   Thumb Code     2  at32f435_437_int.o(i.DebugMon_Handler)
    DisableSyncManChannel                    0x08002c47   Thumb Code    52  ecatslv.o(i.DisableSyncManChannel)
    ECAT_Application                         0x08002c7d   Thumb Code    44  ecatappl.o(i.ECAT_Application)
    ECAT_CheckTimer                          0x08002cb9   Thumb Code   104  ecatappl.o(i.ECAT_CheckTimer)
    ECAT_Init                                0x08002d3d   Thumb Code   210  ecatslv.o(i.ECAT_Init)
    ECAT_Main                                0x08002e71   Thumb Code   324  ecatslv.o(i.ECAT_Main)
    EXINT0_IRQHandler                        0x08002fcd   Thumb Code    22  at32f435_437_int.o(i.EXINT0_IRQHandler)
    EXINT1_IRQHandler                        0x08002fe3   Thumb Code    22  at32f435_437_int.o(i.EXINT1_IRQHandler)
    EXINT9_5_IRQHandler                      0x08002ff9   Thumb Code    22  at32f435_437_int.o(i.EXINT9_5_IRQHandler)
    EnableSyncManChannel                     0x0800300f   Thumb Code    50  ecatslv.o(i.EnableSyncManChannel)
    FOE_Ack                                  0x08003041   Thumb Code    34  foeappl.o(i.FOE_Ack)
    FOE_Busy                                 0x0800306d   Thumb Code    18  foeappl.o(i.FOE_Busy)
    FOE_ContinueInd                          0x08003081   Thumb Code    28  ecatfoe.o(i.FOE_ContinueInd)
    FOE_Data                                 0x080030a1   Thumb Code    72  foeappl.o(i.FOE_Data)
    FOE_Error                                0x080030f1   Thumb Code    20  foeappl.o(i.FOE_Error)
    FOE_Init                                 0x08003109   Thumb Code    16  ecatfoe.o(i.FOE_Init)
    FOE_Read                                 0x08003125   Thumb Code    46  foeappl.o(i.FOE_Read)
    FOE_ServiceInd                           0x0800315d   Thumb Code   698  ecatfoe.o(i.FOE_ServiceInd)
    FOE_Write                                0x08003439   Thumb Code    34  foeappl.o(i.FOE_Write)
    GetOutOfMbxQueue                         0x08003479   Thumb Code    46  mailbox.o(i.GetOutOfMbxQueue)
    GetSyncMan                               0x080034a9   Thumb Code    24  ecatslv.o(i.GetSyncMan)
    GetSystemTimeDelay                       0x080034c5   Thumb Code    70  ecatappl.o(i.GetSystemTimeDelay)
    HW_EscRead                               0x08003511   Thumb Code    20  at32_hw.o(i.HW_EscRead)
    HW_EscReadIsr                            0x08003525   Thumb Code    20  at32_hw.o(i.HW_EscReadIsr)
    HW_EscWrite                              0x08003539   Thumb Code    20  at32_hw.o(i.HW_EscWrite)
    HW_EscWriteIsr                           0x0800354d   Thumb Code    20  at32_hw.o(i.HW_EscWriteIsr)
    HW_GetALEventRegister                    0x08003561   Thumb Code    12  at32_hw.o(i.HW_GetALEventRegister)
    HW_GetALEventRegister_Isr                0x08003571   Thumb Code    12  at32_hw.o(i.HW_GetALEventRegister_Isr)
    HW_Init                                  0x08003581   Thumb Code    28  at32_hw.o(i.HW_Init)
    HW_Release                               0x0800359d   Thumb Code     2  at32_hw.o(i.HW_Release)
    HandleCycleTimeMeasurement               0x080035a1   Thumb Code    88  ecatappl.o(i.HandleCycleTimeMeasurement)
    HardFault_Handler                        0x08003609   Thumb Code     4  at32f435_437_int.o(i.HardFault_Handler)
    MBX_CheckAndCopyMailbox                  0x08003621   Thumb Code   250  mailbox.o(i.MBX_CheckAndCopyMailbox)
    MBX_CopyToSendMailbox                    0x0800373d   Thumb Code   182  mailbox.o(i.MBX_CopyToSendMailbox)
    MBX_Init                                 0x08003815   Thumb Code   140  mailbox.o(i.MBX_Init)
    MBX_MailboxReadInd                       0x080038e5   Thumb Code   170  mailbox.o(i.MBX_MailboxReadInd)
    MBX_MailboxRepeatReq                     0x080039ad   Thumb Code    82  mailbox.o(i.MBX_MailboxRepeatReq)
    MBX_MailboxSendReq                       0x08003a15   Thumb Code   132  mailbox.o(i.MBX_MailboxSendReq)
    MBX_MailboxWriteInd                      0x08003aa9   Thumb Code   116  mailbox.o(i.MBX_MailboxWriteInd)
    MBX_Main                                 0x08003b25   Thumb Code    70  mailbox.o(i.MBX_Main)
    MBX_StartMailboxHandler                  0x08003b75   Thumb Code   188  mailbox.o(i.MBX_StartMailboxHandler)
    MBX_StopMailboxHandler                   0x08003c4d   Thumb Code   230  mailbox.o(i.MBX_StopMailboxHandler)
    MailboxServiceInd                        0x08003d69   Thumb Code    72  mailbox.o(i.MailboxServiceInd)
    MainInit                                 0x08003db5   Thumb Code   166  ecatappl.o(i.MainInit)
    MainLoop                                 0x08003e89   Thumb Code   186  ecatappl.o(i.MainLoop)
    MemManage_Handler                        0x08003f6d   Thumb Code     4  at32f435_437_int.o(i.MemManage_Handler)
    NMI_Handler                              0x08003f71   Thumb Code     2  at32f435_437_int.o(i.NMI_Handler)
    OBJ_CopyNumberToString                   0x08003fb3   Thumb Code    60  objdef.o(i.OBJ_CopyNumberToString)
    OBJ_GetDesc                              0x08003ff1   Thumb Code   212  objdef.o(i.OBJ_GetDesc)
    OBJ_GetEntryDesc                         0x080040c9   Thumb Code    38  objdef.o(i.OBJ_GetEntryDesc)
    OBJ_GetEntryOffset                       0x080040ef   Thumb Code   262  objdef.o(i.OBJ_GetEntryOffset)
    OBJ_GetNoOfObjects                       0x080041f5   Thumb Code   100  objdef.o(i.OBJ_GetNoOfObjects)
    OBJ_GetObjDesc                           0x08004259   Thumb Code     8  objdef.o(i.OBJ_GetObjDesc)
    OBJ_GetObjectHandle                      0x08004261   Thumb Code    32  objdef.o(i.OBJ_GetObjectHandle)
    OBJ_GetObjectLength                      0x08004281   Thumb Code   156  objdef.o(i.OBJ_GetObjectLength)
    OBJ_GetObjectList                        0x0800431d   Thumb Code   184  objdef.o(i.OBJ_GetObjectList)
    OBJ_Read                                 0x080043d9   Thumb Code  1140  objdef.o(i.OBJ_Read)
    OBJ_Write                                0x0800484d   Thumb Code  1310  objdef.o(i.OBJ_Write)
    PDI_Isr                                  0x08004d6d   Thumb Code   232  ecatappl.o(i.PDI_Isr)
    PDO_InputMapping                         0x08004e85   Thumb Code   102  ecatappl.o(i.PDO_InputMapping)
    PDO_OutputMapping                        0x08004f01   Thumb Code   114  ecatappl.o(i.PDO_OutputMapping)
    PendSV_Handler                           0x08004f95   Thumb Code     2  at32f435_437_int.o(i.PendSV_Handler)
    PutInMbxQueue                            0x08004f97   Thumb Code    44  mailbox.o(i.PutInMbxQueue)
    Read0x10F8                               0x08004fc5   Thumb Code    74  coeappl.o(i.Read0x10F8)
    ResetALEventMask                         0x08005015   Thumb Code    54  ecatslv.o(i.ResetALEventMask)
    SDOS_SdoInd                              0x0800504d   Thumb Code  1112  sdoserv.o(i.SDOS_SdoInd)
    SDOS_SdoInfoInd                          0x080054a5   Thumb Code   712  sdoserv.o(i.SDOS_SdoInfoInd)
    SDOS_SdoRes                              0x08005789   Thumb Code   194  sdoserv.o(i.SDOS_SdoRes)
    SODS_ClearPendingResponse                0x08005875   Thumb Code   120  sdoserv.o(i.SODS_ClearPendingResponse)
    SVC_Handler                              0x08005925   Thumb Code     2  at32f435_437_int.o(i.SVC_Handler)
    SdoRes                                   0x08005bcd   Thumb Code   214  sdoserv.o(i.SdoRes)
    SetALEventMask                           0x08005e4d   Thumb Code    54  ecatslv.o(i.SetALEventMask)
    SetALStatus                              0x08005e85   Thumb Code   252  ecatslv.o(i.SetALStatus)
    StartInputHandler                        0x08005f91   Thumb Code  1502  ecatslv.o(i.StartInputHandler)
    StartOutputHandler                       0x080065b1   Thumb Code    54  ecatslv.o(i.StartOutputHandler)
    StopInputHandler                         0x08006605   Thumb Code   140  ecatslv.o(i.StopInputHandler)
    StopOutputHandler                        0x080066e5   Thumb Code    12  ecatslv.o(i.StopOutputHandler)
    Sync0_Isr                                0x080066f9   Thumb Code   258  ecatappl.o(i.Sync0_Isr)
    Sync1_Isr                                0x0800682d   Thumb Code    40  ecatappl.o(i.Sync1_Isr)
    SysTick_Handler                          0x08006869   Thumb Code     2  at32f435_437_int.o(i.SysTick_Handler)
    SystemInit                               0x0800686d   Thumb Code   128  system_at32f435_437.o(i.SystemInit)
    TMR7_GLOBAL_IRQHandler                   0x080068fd   Thumb Code    22  at32f435_437_int.o(i.TMR7_GLOBAL_IRQHandler)
    UpdateEEPROMLoadedState                  0x08006919   Thumb Code    64  ecatslv.o(i.UpdateEEPROMLoadedState)
    UsageFault_Handler                       0x0800695d   Thumb Code     4  at32f435_437_int.o(i.UsageFault_Handler)
    WR_CMD                                   0x08006961   Thumb Code    52  at32_hw.o(i.WR_CMD)
    Write0xF030                              0x08006999   Thumb Code   512  cia402appl.o(i.Write0xF030)
    __scatterload_copy                       0x08006bf5   Thumb Code    14  handlers.o(i.__scatterload_copy)
    __scatterload_null                       0x08006c03   Thumb Code     2  handlers.o(i.__scatterload_null)
    __scatterload_zeroinit                   0x08006c05   Thumb Code    14  handlers.o(i.__scatterload_zeroinit)
    crm_ahb_div_set                          0x08006c15   Thumb Code    14  at32f435_437_crm.o(i.crm_ahb_div_set)
    crm_apb1_div_set                         0x08006c29   Thumb Code    14  at32f435_437_crm.o(i.crm_apb1_div_set)
    crm_apb2_div_set                         0x08006c3d   Thumb Code    14  at32f435_437_crm.o(i.crm_apb2_div_set)
    crm_auto_step_mode_enable                0x08006c51   Thumb Code    34  at32f435_437_crm.o(i.crm_auto_step_mode_enable)
    crm_clock_source_enable                  0x08006c79   Thumb Code    98  at32f435_437_crm.o(i.crm_clock_source_enable)
    crm_clocks_freq_get                      0x08006ce1   Thumb Code   242  at32f435_437_crm.o(i.crm_clocks_freq_get)
    crm_flag_get                             0x08006df1   Thumb Code    44  at32f435_437_crm.o(i.crm_flag_get)
    crm_periph_clock_enable                  0x08006e21   Thumb Code    70  at32f435_437_crm.o(i.crm_periph_clock_enable)
    crm_pll_config                           0x08006e6d   Thumb Code    68  at32f435_437_crm.o(i.crm_pll_config)
    crm_reset                                0x08006eb5   Thumb Code   106  at32f435_437_crm.o(i.crm_reset)
    crm_sysclk_switch                        0x08006f2d   Thumb Code    54  at32f435_437_crm.o(i.crm_sysclk_switch)
    crm_sysclk_switch_status_get             0x08006f69   Thumb Code    10  at32f435_437_crm.o(i.crm_sysclk_switch_status_get)
    exint_default_para_init                  0x08006f79   Thumb Code    14  at32f435_437_exint.o(i.exint_default_para_init)
    exint_flag_clear                         0x08006f89   Thumb Code     6  at32f435_437_exint.o(i.exint_flag_clear)
    exint_init                               0x08006f95   Thumb Code   148  at32f435_437_exint.o(i.exint_init)
    exint_interrupt_flag_get                 0x0800702d   Thumb Code    32  at32f435_437_exint.o(i.exint_interrupt_flag_get)
    free                                     0x08007051   Thumb Code    76  malloc.o(i.free)
    gpio_bits_reset                          0x080070a1   Thumb Code     4  at32f435_437_gpio.o(i.gpio_bits_reset)
    gpio_bits_set                            0x080070a5   Thumb Code     4  at32f435_437_gpio.o(i.gpio_bits_set)
    gpio_bits_toggle                         0x080070a9   Thumb Code    20  at32f435_437_gpio.o(i.gpio_bits_toggle)
    gpio_default_para_init                   0x080070bd   Thumb Code    20  at32f435_437_gpio.o(i.gpio_default_para_init)
    gpio_init                                0x080070d1   Thumb Code   122  at32f435_437_gpio.o(i.gpio_init)
    gpio_pin_mux_config                      0x0800714b   Thumb Code    66  at32f435_437_gpio.o(i.gpio_pin_mux_config)
    main                                     0x0800718d   Thumb Code    80  cia402appl.o(i.main)
    malloc                                   0x080071ed   Thumb Code    92  malloc.o(i.malloc)
    nvic_irq_disable                         0x08007259   Thumb Code    38  at32f435_437_misc.o(i.nvic_irq_disable)
    nvic_irq_enable                          0x08007285   Thumb Code   190  at32f435_437_misc.o(i.nvic_irq_enable)
    nvic_priority_group_config               0x0800734d   Thumb Code    32  at32f435_437_misc.o(i.nvic_priority_group_config)
    scfg_exint_line_config                   0x08007375   Thumb Code   176  at32f435_437_scfg.o(i.scfg_exint_line_config)
    spi_default_para_init                    0x08007429   Thumb Code    22  at32f435_437_spi.o(i.spi_default_para_init)
    spi_enable                               0x0800743f   Thumb Code    10  at32f435_437_spi.o(i.spi_enable)
    spi_i2s_data_receive                     0x08007449   Thumb Code     8  at32f435_437_spi.o(i.spi_i2s_data_receive)
    spi_i2s_data_transmit                    0x08007451   Thumb Code     4  at32f435_437_spi.o(i.spi_i2s_data_transmit)
    spi_i2s_flag_get                         0x08007455   Thumb Code    16  at32f435_437_spi.o(i.spi_i2s_flag_get)
    spi_init                                 0x08007465   Thumb Code   344  at32f435_437_spi.o(i.spi_init)
    system_core_clock_update                 0x080075bd   Thumb Code   214  system_at32f435_437.o(i.system_core_clock_update)
    systick_clock_source_config              0x080076ad   Thumb Code    40  at32f435_437_misc.o(i.systick_clock_source_config)
    tmr_base_init                            0x080076d5   Thumb Code    16  at32f435_437_tmr.o(i.tmr_base_init)
    tmr_cnt_dir_set                          0x080076e5   Thumb Code    10  at32f435_437_tmr.o(i.tmr_cnt_dir_set)
    tmr_counter_enable                       0x080076ef   Thumb Code    10  at32f435_437_tmr.o(i.tmr_counter_enable)
    tmr_flag_clear                           0x080076f9   Thumb Code     6  at32f435_437_tmr.o(i.tmr_flag_clear)
    tmr_interrupt_enable                     0x080076ff   Thumb Code    22  at32f435_437_tmr.o(i.tmr_interrupt_enable)
    tmr_interrupt_flag_get                   0x08007715   Thumb Code    24  at32f435_437_tmr.o(i.tmr_interrupt_flag_get)
    tmr_period_buffer_enable                 0x0800772d   Thumb Code    10  at32f435_437_tmr.o(i.tmr_period_buffer_enable)
    tmr_primary_mode_select                  0x08007737   Thumb Code    10  at32f435_437_tmr.o(i.tmr_primary_mode_select)
    wk_exint_config                          0x08007741   Thumb Code   220  wk_exint.o(i.wk_exint_config)
    wk_gpio_config                           0x08007821   Thumb Code   200  wk_gpio.o(i.wk_gpio_config)
    wk_nvic_config                           0x080078f9   Thumb Code   232  at32f435_437_wk_config.o(i.wk_nvic_config)
    wk_periph_clock_config                   0x080079e1   Thumb Code    68  at32f435_437_wk_config.o(i.wk_periph_clock_config)
    wk_spi2_init                             0x08007a31   Thumb Code   214  wk_spi.o(i.wk_spi2_init)
    wk_system_clock_config                   0x08007b11   Thumb Code   166  at32f435_437_wk_config.o(i.wk_system_clock_config)
    wk_timebase_init                         0x08007bc9   Thumb Code    56  wk_system.o(i.wk_timebase_init)
    wk_tmr7_init                             0x08007c09   Thumb Code    58  wk_tmr.o(i.wk_tmr7_init)
    asPDOAssignEntryDesc                     0x08007c84   Data          12  cia402appl.o(.constdata)
    aName0x1C12                              0x08007c90   Data          13  cia402appl.o(.constdata)
    aName0x1C13                              0x08007c9d   Data          13  cia402appl.o(.constdata)
    asEntryDesc0x1600                        0x08007caa   Data          36  cia402appl.o(.constdata)
    aName0x1600                              0x08007cce   Data          16  cia402appl.o(.constdata)
    asEntryDesc0x1601                        0x08007cde   Data          24  cia402appl.o(.constdata)
    aName0x1601                              0x08007cf6   Data          12  cia402appl.o(.constdata)
    asEntryDesc0x1602                        0x08007d02   Data          24  cia402appl.o(.constdata)
    aName0x1602                              0x08007d1a   Data          12  cia402appl.o(.constdata)
    asEntryDesc0x1A00                        0x08007d26   Data          36  cia402appl.o(.constdata)
    aName0x1A00                              0x08007d4a   Data          16  cia402appl.o(.constdata)
    asEntryDesc0x1A01                        0x08007d5a   Data          24  cia402appl.o(.constdata)
    aName0x1A01                              0x08007d72   Data          12  cia402appl.o(.constdata)
    asEntryDesc0x1A02                        0x08007d7e   Data          24  cia402appl.o(.constdata)
    aName0x1A02                              0x08007d96   Data          12  cia402appl.o(.constdata)
    sEntryDesc0x603F                         0x08007da2   Data           6  cia402appl.o(.constdata)
    aName0x603F                              0x08007da8   Data          11  cia402appl.o(.constdata)
    sEntryDesc0x6040                         0x08007db4   Data           6  cia402appl.o(.constdata)
    aName0x6040                              0x08007dba   Data          13  cia402appl.o(.constdata)
    sEntryDesc0x6041                         0x08007dc8   Data           6  cia402appl.o(.constdata)
    aName0x6041                              0x08007dce   Data          12  cia402appl.o(.constdata)
    sEntryDesc0x605A                         0x08007dda   Data           6  cia402appl.o(.constdata)
    aName0x605A                              0x08007de0   Data          22  cia402appl.o(.constdata)
    sEntryDesc0x605B                         0x08007df6   Data           6  cia402appl.o(.constdata)
    aName0x605B                              0x08007dfc   Data          21  cia402appl.o(.constdata)
    sEntryDesc0x605C                         0x08007e12   Data           6  cia402appl.o(.constdata)
    aName0x605C                              0x08007e18   Data          30  cia402appl.o(.constdata)
    sEntryDesc0x605E                         0x08007e36   Data           6  cia402appl.o(.constdata)
    aName0x605E                              0x08007e3c   Data          20  cia402appl.o(.constdata)
    sEntryDesc0x6060                         0x08007e50   Data           6  cia402appl.o(.constdata)
    aName0x6060                              0x08007e56   Data          19  cia402appl.o(.constdata)
    sEntryDesc0x6061                         0x08007e6a   Data           6  cia402appl.o(.constdata)
    aName0x6061                              0x08007e70   Data          27  cia402appl.o(.constdata)
    sEntryDesc0x6064                         0x08007e8c   Data           6  cia402appl.o(.constdata)
    aName0x6064                              0x08007e92   Data          22  cia402appl.o(.constdata)
    sEntryDesc0x606C                         0x08007ea8   Data           6  cia402appl.o(.constdata)
    aName0x606C                              0x08007eae   Data          22  cia402appl.o(.constdata)
    sEntryDesc0x6077                         0x08007ec4   Data           6  cia402appl.o(.constdata)
    aName0x6077                              0x08007eca   Data          20  cia402appl.o(.constdata)
    sEntryDesc0x607A                         0x08007ede   Data           6  cia402appl.o(.constdata)
    aName0x607A                              0x08007ee4   Data          16  cia402appl.o(.constdata)
    asEntryDesc0x607D                        0x08007ef4   Data          18  cia402appl.o(.constdata)
    aName0x607D                              0x08007f06   Data          64  cia402appl.o(.constdata)
    sEntryDesc0x6085                         0x08007f46   Data           6  cia402appl.o(.constdata)
    aName0x6085                              0x08007f4c   Data          22  cia402appl.o(.constdata)
    asEntryDesc0x60C2                        0x08007f62   Data          18  cia402appl.o(.constdata)
    aName0x60C2                              0x08007f74   Data          70  cia402appl.o(.constdata)
    sEntryDesc0x60FF                         0x08007fba   Data           6  cia402appl.o(.constdata)
    aName0x60FF                              0x08007fc0   Data          16  cia402appl.o(.constdata)
    sEntryDesc0x6502                         0x08007fd0   Data           6  cia402appl.o(.constdata)
    aName0x6502                              0x08007fd6   Data          22  cia402appl.o(.constdata)
    asEntryDesc0xF000                        0x08007fec   Data          18  cia402appl.o(.constdata)
    aName0xF000                              0x08007ffe   Data          66  cia402appl.o(.constdata)
    asEntryDesc0xF010                        0x08008040   Data          18  cia402appl.o(.constdata)
    aName0xF010                              0x08008052   Data          20  cia402appl.o(.constdata)
    asEntryDesc0xF030                        0x08008066   Data          18  cia402appl.o(.constdata)
    aName0xF030                              0x08008078   Data          29  cia402appl.o(.constdata)
    asEntryDesc0xF050                        0x08008096   Data          18  cia402appl.o(.constdata)
    aName0xF050                              0x080080a8   Data          21  cia402appl.o(.constdata)
    sEntryDesc0x1000                         0x080080be   Data           6  coeappl.o(.constdata)
    aName0x1000                              0x080080c4   Data          12  coeappl.o(.constdata)
    sEntryDesc0x1001                         0x080080d0   Data           6  coeappl.o(.constdata)
    aName0x1001                              0x080080d6   Data          15  coeappl.o(.constdata)
    sEntryDesc0x1008                         0x080080e6   Data           6  coeappl.o(.constdata)
    aName0x1008                              0x080080ec   Data          12  coeappl.o(.constdata)
    sEntryDesc0x1009                         0x080080f8   Data           6  coeappl.o(.constdata)
    aName0x1009                              0x080080fe   Data          17  coeappl.o(.constdata)
    sEntryDesc0x100A                         0x08008110   Data           6  coeappl.o(.constdata)
    aName0x100A                              0x08008116   Data          17  coeappl.o(.constdata)
    asEntryDesc0x1018                        0x08008128   Data          30  coeappl.o(.constdata)
    aName0x1018                              0x08008146   Data          57  coeappl.o(.constdata)
    asEntryDesc0x10F1                        0x08008180   Data          18  coeappl.o(.constdata)
    aName0x10F1                              0x08008192   Data          63  coeappl.o(.constdata)
    sEntryDesc0x10F8                         0x080081d2   Data           6  coeappl.o(.constdata)
    aName0x10F8                              0x080081d8   Data          19  coeappl.o(.constdata)
    asEntryDesc0x1C00                        0x080081ec   Data          12  coeappl.o(.constdata)
    aName0x1C00                              0x080081f8   Data          18  coeappl.o(.constdata)
    asEntryDesc0x1C3x                        0x0800820a   Data         198  coeappl.o(.constdata)
    aName0x1C32                              0x080082d0   Data         256  coeappl.o(.constdata)
    aName0x1C33                              0x080083d0   Data         255  coeappl.o(.constdata)
    cBitMask                                 0x080084d0   Data          32  objdef.o(.constdata)
    cAbortCode                               0x080084f0   Data         120  sdoserv.o(.constdata)
    Region$$Table$$Base                      0x08008568   Number         0  anon$$obj.o(Region$$Table)
    Region$$Table$$Limit                     0x08008588   Number         0  anon$$obj.o(Region$$Table)
    ticks_count_us                           0x20000000   Data           4  wk_system.o(.data)
    EscALEvent                               0x20000004   Data           2  at32_hw.o(.data)
    system_core_clock                        0x20000008   Data           4  system_at32f435_437.o(.data)
    sRxPDOassign                             0x2000000c   Data           6  cia402appl.o(.data)
    sTxPDOassign                             0x20000012   Data           6  cia402appl.o(.data)
    sModulardeviceprofile                    0x20000018   Data           6  cia402appl.o(.data)
    sModuleProfileInfo                       0x20000020   Data          12  cia402appl.o(.data)
    sConfiguredModuleIdentList               0x2000002c   Data          12  cia402appl.o(.data)
    sDetectedModuleIdentList                 0x20000038   Data          12  cia402appl.o(.data)
    DefCiA402ObjectValues                    0x20000044   Data         176  cia402appl.o(.data)
    ApplicationObjDic                        0x200000f4   Data         280  cia402appl.o(.data)
    DefCiA402AxisObjDic                      0x2000020c   Data        1000  cia402appl.o(.data)
    u64Timestamp                             0x200005f8   Data           8  coeappl.o(.data)
    u32LastDc32Value                         0x20000600   Data           4  coeappl.o(.data)
    u32CheckForDcOverrunCnt                  0x20000604   Data           4  coeappl.o(.data)
    u32Devicetype                            0x20000608   Data           4  coeappl.o(.data)
    u16ErrorRegister                         0x2000060c   Data           2  coeappl.o(.data)
    acDevicename                             0x2000060e   Data           9  coeappl.o(.data)
    acHardwareversion                        0x20000617   Data           4  coeappl.o(.data)
    acSoftwareversion                        0x2000061b   Data           4  coeappl.o(.data)
    sIdentity                                0x20000620   Data          20  coeappl.o(.data)
    sSyncmanagertype                         0x20000634   Data           6  coeappl.o(.data)
    ObjDicList                               0x2000063c   Data           4  coeappl.o(.data)
    GenObjDic                                0x20000640   Data         480  coeappl.o(.data)
    bEcatWaitForInputUpdate                  0x20000820   Data           1  ecatappl.o(.data)
    bEtherCATRunLed                          0x20000821   Data           1  ecatappl.o(.data)
    bEtherCATErrorLed                        0x20000822   Data           1  ecatappl.o(.data)
    bRunApplication                          0x20000823   Data           1  ecatappl.o(.data)
    pAPPL_FoeRead                            0x20000824   Data           4  ecatappl.o(.data)
    pAPPL_FoeReadData                        0x20000828   Data           4  ecatappl.o(.data)
    pAPPL_FoeError                           0x2000082c   Data           4  ecatappl.o(.data)
    pAPPL_FoeWrite                           0x20000830   Data           4  ecatappl.o(.data)
    pAPPL_FoeWriteData                       0x20000834   Data           4  ecatappl.o(.data)
    pAPPL_MainLoop                           0x20000838   Data           4  ecatappl.o(.data)
    u32CycleTimeStartValue                   0x2000083c   Data           4  ecatappl.o(.data)
    u32MinCycleTimeStartValue                0x20000840   Data           4  ecatappl.o(.data)
    u32SystemTimeReadFailure                 0x20000844   Data           4  ecatappl.o(.data)
    bMinCycleTimeMeasurementStarted          0x20000848   Data           1  ecatappl.o(.data)
    u32MinCycleTimeValue                     0x2000084c   Data           4  ecatappl.o(.data)
    bInitFinished                            0x20000850   Data           1  ecatappl.o(.data)
    pCoeSendStored                           0x20000854   Data           4  ecatcoe.o(.data)
    u32PacketNo                              0x20000858   Data           4  ecatfoe.o(.data)
    u32FileOffset                            0x2000085c   Data           4  ecatfoe.o(.data)
    u32LastFileOffset                        0x20000860   Data           4  ecatfoe.o(.data)
    u16FileAccessState                       0x20000864   Data           2  ecatfoe.o(.data)
    pFoeSendStored                           0x20000868   Data           4  ecatfoe.o(.data)
    u16FoeMaxSendBlockSize                   0x2000086c   Data           2  ecatfoe.o(.data)
    bBootMode                                0x2000086e   Data           1  ecatslv.o(.data)
    bEcatOutputUpdateRunning                 0x2000086f   Data           1  ecatslv.o(.data)
    bEcatInputUpdateRunning                  0x20000870   Data           1  ecatslv.o(.data)
    bEcatFirstOutputsReceived                0x20000871   Data           1  ecatslv.o(.data)
    bWdTrigger                               0x20000872   Data           1  ecatslv.o(.data)
    bDcSyncActive                            0x20000873   Data           1  ecatslv.o(.data)
    EsmTimeoutCounter                        0x20000874   Data           2  ecatslv.o(.data)
    bDcRunning                               0x20000876   Data           1  ecatslv.o(.data)
    u16SmSync0Counter                        0x20000878   Data           2  ecatslv.o(.data)
    u16SmSync0Value                          0x2000087a   Data           2  ecatslv.o(.data)
    bSmSyncSequenceValid                     0x2000087c   Data           1  ecatslv.o(.data)
    i16WaitForPllRunningTimeout              0x2000087e   Data           2  ecatslv.o(.data)
    i16WaitForPllRunningCnt                  0x20000880   Data           2  ecatslv.o(.data)
    Sync0WdCounter                           0x20000882   Data           2  ecatslv.o(.data)
    Sync0WdValue                             0x20000884   Data           2  ecatslv.o(.data)
    Sync1WdCounter                           0x20000886   Data           2  ecatslv.o(.data)
    Sync1WdValue                             0x20000888   Data           2  ecatslv.o(.data)
    LatchInputSync0Value                     0x2000088a   Data           2  ecatslv.o(.data)
    LatchInputSync0Counter                   0x2000088c   Data           2  ecatslv.o(.data)
    b32BitDc                                 0x2000088e   Data           1  ecatslv.o(.data)
    bEscIntEnabled                           0x2000088f   Data           1  ecatslv.o(.data)
    b3BufferMode                             0x20000890   Data           1  ecatslv.o(.data)
    bLocalErrorFlag                          0x20000891   Data           1  ecatslv.o(.data)
    u16LocalErrorCode                        0x20000892   Data           2  ecatslv.o(.data)
    bApplEsmPending                          0x20000894   Data           1  ecatslv.o(.data)
    bEcatWaitForAlControlRes                 0x20000895   Data           1  ecatslv.o(.data)
    nEcatStateTrans                          0x20000896   Data           2  ecatslv.o(.data)
    u8EcatErrorLed                           0x20000898   Data           1  ecatslv.o(.data)
    u8EcatRunLed                             0x20000899   Data           1  ecatslv.o(.data)
    nPdInputSize                             0x2000089a   Data           2  ecatslv.o(.data)
    nPdOutputSize                            0x2000089c   Data           2  ecatslv.o(.data)
    nMaxSyncMan                              0x2000089e   Data           1  ecatslv.o(.data)
    nMaxEscAddress                           0x200008a0   Data           2  ecatslv.o(.data)
    nAlStatus                                0x200008a2   Data           1  ecatslv.o(.data)
    EcatWdValue                              0x200008a4   Data           2  ecatslv.o(.data)
    nEscAddrOutputData                       0x200008a6   Data           2  ecatslv.o(.data)
    nEscAddrInputData                        0x200008a8   Data           2  ecatslv.o(.data)
    u16ALEventMask                           0x200008aa   Data           2  ecatslv.o(.data)
    u16dummy                                 0x200008ac   Data           2  ecatslv.o(.data)
    SMActivate                               0x200008ae   Data           2  ecatslv.o(.data)
    SyncManInfo                              0x200008b0   Data           8  ecatslv.o(.data)
    EepromLoaded                             0x200008b8   Data           1  ecatslv.o(.data)
    bReceiveMbxIsLocked                      0x200008bc   Data           1  mailbox.o(.data)
    bSendMbxIsFull                           0x200008bd   Data           1  mailbox.o(.data)
    bMbxRunning                              0x200008be   Data           1  mailbox.o(.data)
    bMbxRepeatToggle                         0x200008bf   Data           1  mailbox.o(.data)
    u16SendMbxSize                           0x200008c0   Data           2  mailbox.o(.data)
    u16ReceiveMbxSize                        0x200008c2   Data           2  mailbox.o(.data)
    u16EscAddrReceiveMbx                     0x200008c4   Data           2  mailbox.o(.data)
    u16EscAddrSendMbx                        0x200008c6   Data           2  mailbox.o(.data)
    u8MbxWriteCounter                        0x200008c8   Data           1  mailbox.o(.data)
    u8MbxReadCounter                         0x200008c9   Data           1  mailbox.o(.data)
    u8MailboxSendReqStored                   0x200008ca   Data           1  mailbox.o(.data)
    psWriteMbx                               0x200008cc   Data           4  mailbox.o(.data)
    psReadMbx                                0x200008d0   Data           4  mailbox.o(.data)
    psRepeatMbx                              0x200008d4   Data           4  mailbox.o(.data)
    psStoreMbx                               0x200008d8   Data           4  mailbox.o(.data)
    bNoMbxMemoryAvailable                    0x200008dc   Data           1  mailbox.o(.data)
    bSyncSetByUser                           0x200008e0   Data           1  objdef.o(.data)
    sCycleDiag                               0x200008e2   Data           2  objdef.o(.data)
    sErrorSettings                           0x200008e4   Data          12  objdef.o(.data)
    aSubindexDesc                            0x200008f0   Data          13  objdef.o(.data)
    u8PendingSdo                             0x20000900   Data           1  sdoserv.o(.data)
    bStoreCompleteAccess                     0x20000901   Data           1  sdoserv.o(.data)
    u8StoreSubindex                          0x20000902   Data           1  sdoserv.o(.data)
    u16StoreIndex                            0x20000904   Data           2  sdoserv.o(.data)
    u32StoreDataSize                         0x20000908   Data           4  sdoserv.o(.data)
    pStoreData                               0x2000090c   Data           4  sdoserv.o(.data)
    pSdoPendFunc                             0x20000910   Data           4  sdoserv.o(.data)
    pSdoSegData                              0x20000914   Data           4  sdoserv.o(.data)
    nSdoInfoFragmentsLeft                    0x20000918   Data           2  sdoserv.o(.data)
    nSdoInfoIndex                            0x2000091a   Data           2  sdoserv.o(.data)
    pSdoInfoObjEntry                         0x2000091c   Data           4  sdoserv.o(.data)
    pSdoResStored                            0x20000920   Data           4  sdoserv.o(.data)
    bSdoInWork                               0x20000924   Data           1  sdoserv.o(.data)
    nSdoSegService                           0x20000925   Data           1  sdoserv.o(.data)
    bSdoSegFollows                           0x20000926   Data           1  sdoserv.o(.data)
    bSdoSegAccess                            0x20000927   Data           1  sdoserv.o(.data)
    nSdoSegIndex                             0x20000928   Data           2  sdoserv.o(.data)
    nSdoSegSubindex                          0x2000092a   Data           1  sdoserv.o(.data)
    nSdoSegBytesToHandle                     0x2000092c   Data           4  sdoserv.o(.data)
    bSdoSegLastToggle                        0x20000930   Data           1  sdoserv.o(.data)
    nSdoSegCompleteSize                      0x20000934   Data           4  sdoserv.o(.data)
    pSdoSegObjEntry                          0x20000938   Data           4  sdoserv.o(.data)
    __microlib_freelist                      0x2000093c   Data           4  mvars.o(.data)
    __microlib_freelist_initialised          0x20000940   Data           4  mvars.o(.data)
    LocalAxes                                0x20000948   Data         416  cia402appl.o(.bss)
    aPdOutputData                            0x20000ae8   Data          68  ecatappl.o(.bss)
    aPdInputData                             0x20000b2c   Data          68  ecatappl.o(.bss)
    sMbxSendQueue                            0x20000b70   Data          52  mailbox.o(.bss)
    sMbxReceiveQueue                         0x20000ba4   Data          52  mailbox.o(.bss)
    sSyncManOutPar                           0x20000bd8   Data          68  objdef.o(.bss)
    sSyncManInPar                            0x20000c1c   Data          68  objdef.o(.bss)
    aSdoInfoHeader                           0x20000c60   Data          14  sdoserv.o(.bss)
    __heap_base                              0x20000c70   Data           0  startup_at32f435_437.o(HEAP)
    __heap_limit                             0x20008470   Data           0  startup_at32f435_437.o(HEAP)
    __initial_sp                             0x2000fc70   Data           0  startup_at32f435_437.o(STACK)



==============================================================================

Memory Map of the image

  Image Entry point : 0x0800020d

  Load Region LR_IROM1 (Base: 0x08000000, Size: 0x00008ecc, Max: 0x00100000, ABSOLUTE, COMPRESSED[0x00008854])

    Execution Region ER_IROM1 (Exec base: 0x08000000, Load base: 0x08000000, Size: 0x00008588, Max: 0x00100000, ABSOLUTE)

    Exec Addr    Load Addr    Size         Type   Attr      Idx    E Section Name        Object

    0x08000000   0x08000000   0x0000020c   Data   RO         5293    RESET               startup_at32f435_437.o
    0x0800020c   0x0800020c   0x00000000   Code   RO         6409  * .ARM.Collect$$$$00000000  mc_w.l(entry.o)
    0x0800020c   0x0800020c   0x00000004   Code   RO         6460    .ARM.Collect$$$$00000001  mc_w.l(entry2.o)
    0x08000210   0x08000210   0x00000004   Code   RO         6463    .ARM.Collect$$$$00000004  mc_w.l(entry5.o)
    0x08000214   0x08000214   0x00000000   Code   RO         6465    .ARM.Collect$$$$00000008  mc_w.l(entry7b.o)
    0x08000214   0x08000214   0x00000000   Code   RO         6467    .ARM.Collect$$$$0000000A  mc_w.l(entry8b.o)
    0x08000214   0x08000214   0x00000008   Code   RO         6468    .ARM.Collect$$$$0000000B  mc_w.l(entry9a.o)
    0x0800021c   0x0800021c   0x00000000   Code   RO         6470    .ARM.Collect$$$$0000000D  mc_w.l(entry10a.o)
    0x0800021c   0x0800021c   0x00000000   Code   RO         6472    .ARM.Collect$$$$0000000F  mc_w.l(entry11a.o)
    0x0800021c   0x0800021c   0x00000004   Code   RO         6461    .ARM.Collect$$$$00002712  mc_w.l(entry2.o)
    0x08000220   0x08000220   0x00000024   Code   RO         5294    .text               startup_at32f435_437.o
    0x08000244   0x08000244   0x00000062   Code   RO         6412    .text               mc_w.l(uldiv.o)
    0x080002a6   0x080002a6   0x00000024   Code   RO         6414    .text               mc_w.l(memcpya.o)
    0x080002ca   0x080002ca   0x00000024   Code   RO         6416    .text               mc_w.l(memseta.o)
    0x080002ee   0x080002ee   0x0000000e   Code   RO         6418    .text               mc_w.l(strlen.o)
    0x080002fc   0x080002fc   0x0000014e   Code   RO         6450    .text               mf_w.l(dadd.o)
    0x0800044a   0x0800044a   0x000000e4   Code   RO         6452    .text               mf_w.l(dmul.o)
    0x0800052e   0x0800052e   0x00000022   Code   RO         6454    .text               mf_w.l(dflti.o)
    0x08000550   0x08000550   0x0000003e   Code   RO         6456    .text               mf_w.l(dfixi.o)
    0x0800058e   0x0800058e   0x00000026   Code   RO         6458    .text               mf_w.l(f2d.o)
    0x080005b4   0x080005b4   0x0000001e   Code   RO         6474    .text               mc_w.l(llshl.o)
    0x080005d2   0x080005d2   0x00000020   Code   RO         6476    .text               mc_w.l(llushr.o)
    0x080005f2   0x080005f2   0x00000024   Code   RO         6478    .text               mc_w.l(llsshr.o)
    0x08000616   0x08000616   0x00000000   Code   RO         6482    .text               mc_w.l(iusefp.o)
    0x08000616   0x08000616   0x000000ba   Code   RO         6483    .text               mf_w.l(depilogue.o)
    0x080006d0   0x080006d0   0x00000024   Code   RO         6485    .text               mc_w.l(init.o)
    0x080006f4   0x080006f4   0x00000056   Code   RO         6495    .text               mc_w.l(__dczerorl2.o)
    0x0800074a   0x0800074a   0x00000002   PAD
    0x0800074c   0x0800074c   0x00000510   Code   RO         5879    i.AL_ControlInd     ecatslv.o
    0x08000c5c   0x08000c5c   0x00000220   Code   RO         5880    i.AL_ControlRes     ecatslv.o
    0x08000e7c   0x08000e7c   0x00000002   Code   RO         5391    i.APPL_AckErrorInd  cia402appl.o
    0x08000e7e   0x08000e7e   0x00000002   PAD
    0x08000e80   0x08000e80   0x00000038   Code   RO         5392    i.APPL_Application  cia402appl.o
    0x08000eb8   0x08000eb8   0x000002f8   Code   RO         5393    i.APPL_GenerateMapping  cia402appl.o
    0x080011b0   0x080011b0   0x00000114   Code   RO         5394    i.APPL_InputMapping  cia402appl.o
    0x080012c4   0x080012c4   0x00000114   Code   RO         5395    i.APPL_OutputMapping  cia402appl.o
    0x080013d8   0x080013d8   0x000000fc   Code   RO         5396    i.APPL_StartInputHandler  cia402appl.o
    0x080014d4   0x080014d4   0x00000004   Code   RO         5397    i.APPL_StartMailboxHandler  cia402appl.o
    0x080014d8   0x080014d8   0x00000004   Code   RO         5398    i.APPL_StartOutputHandler  cia402appl.o
    0x080014dc   0x080014dc   0x00000004   Code   RO         5399    i.APPL_StopInputHandler  cia402appl.o
    0x080014e0   0x080014e0   0x00000004   Code   RO         5400    i.APPL_StopMailboxHandler  cia402appl.o
    0x080014e4   0x080014e4   0x00000004   Code   RO         5401    i.APPL_StopOutputHandler  cia402appl.o
    0x080014e8   0x080014e8   0x00000028   Code   RO         5571    i.AddObjectsToObjDictionary  coeappl.o
    0x08001510   0x08001510   0x0000003c   Code   RO          457    i.AddressingEsc     at32_hw.o
    0x0800154c   0x0800154c   0x00000002   Code   RO         5339    i.BL_Start          bootmode.o
    0x0800154e   0x0800154e   0x00000002   Code   RO         5341    i.BL_Stop           bootmode.o
    0x08001550   0x08001550   0x0000000c   Code   RO         5881    i.BackToInitTransition  ecatslv.o
    0x0800155c   0x0800155c   0x00000004   Code   RO            4    i.BusFault_Handler  at32f435_437_int.o
    0x08001560   0x08001560   0x00000052   Code   RO          458    i.CF11XX_HW_Init    at32_hw.o
    0x080015b2   0x080015b2   0x00000002   PAD
    0x080015b4   0x080015b4   0x0000004c   Code   RO          459    i.CF11xx_SPI_EscRead  at32_hw.o
    0x08001600   0x08001600   0x00000050   Code   RO          460    i.CF11xx_SPI_EscReadIsr  at32_hw.o
    0x08001650   0x08001650   0x0000004c   Code   RO          461    i.CF11xx_SPI_EscWrite  at32_hw.o
    0x0800169c   0x0800169c   0x00000044   Code   RO          462    i.CF11xx_SPI_EscWriteIsr  at32_hw.o
    0x080016e0   0x080016e0   0x00000090   Code   RO         5572    i.COE_AddObjectToDic  coeappl.o
    0x08001770   0x08001770   0x00000024   Code   RO         5573    i.COE_ClearObjDictionary  coeappl.o
    0x08001794   0x08001794   0x00000048   Code   RO         5791    i.COE_ContinueInd   ecatcoe.o
    0x080017dc   0x080017dc   0x0000000c   Code   RO         5574    i.COE_GetObjectDictionary  coeappl.o
    0x080017e8   0x080017e8   0x00000014   Code   RO         5792    i.COE_Init          ecatcoe.o
    0x080017fc   0x080017fc   0x000000bc   Code   RO         5575    i.COE_Main          coeappl.o
    0x080018b8   0x080018b8   0x00000034   Code   RO         5576    i.COE_ObjDictionaryInit  coeappl.o
    0x080018ec   0x080018ec   0x000000fc   Code   RO         5577    i.COE_ObjInit       coeappl.o
    0x080019e8   0x080019e8   0x00000044   Code   RO         5578    i.COE_RemoveDicEntry  coeappl.o
    0x08001a2c   0x08001a2c   0x00000048   Code   RO         5793    i.COE_ServiceInd    ecatcoe.o
    0x08001a74   0x08001a74   0x00000078   Code   RO         5579    i.COE_SyncTimeStamp  coeappl.o
    0x08001aec   0x08001aec   0x0000005c   Code   RO         5580    i.COE_UpdateSyncErrorStatus  coeappl.o
    0x08001b48   0x08001b48   0x00000094   Code   RO         5882    i.CheckIfEcatError  ecatslv.o
    0x08001bdc   0x08001bdc   0x00000284   Code   RO         5883    i.CheckSmSettings   ecatslv.o
    0x08001e60   0x08001e60   0x00000104   Code   RO         6238    i.CheckSyncTypeValue  objdef.o
    0x08001f64   0x08001f64   0x00000144   Code   RO         5402    i.CiA402_Application  cia402appl.o
    0x080020a8   0x080020a8   0x00000078   Code   RO         5403    i.CiA402_DeallocateAxis  cia402appl.o
    0x08002120   0x08002120   0x00000130   Code   RO         5404    i.CiA402_DummyMotionControl  cia402appl.o
    0x08002250   0x08002250   0x000005f0   Code   RO         5405    i.CiA402_Init       cia402appl.o
    0x08002840   0x08002840   0x00000050   Code   RO         5406    i.CiA402_LocalError  cia402appl.o
    0x08002890   0x08002890   0x00000274   Code   RO         5407    i.CiA402_StateMachine  cia402appl.o
    0x08002b04   0x08002b04   0x0000002c   Code   RO         5408    i.CiA402_TransitionAction  cia402appl.o
    0x08002b30   0x08002b30   0x00000114   Code   RO         5884    i.DC_CheckWatchdog  ecatslv.o
    0x08002c44   0x08002c44   0x00000002   Code   RO            5    i.DebugMon_Handler  at32f435_437_int.o
    0x08002c46   0x08002c46   0x00000034   Code   RO         5885    i.DisableSyncManChannel  ecatslv.o
    0x08002c7a   0x08002c7a   0x00000002   PAD
    0x08002c7c   0x08002c7c   0x0000003c   Code   RO         5685    i.ECAT_Application  ecatappl.o
    0x08002cb8   0x08002cb8   0x00000084   Code   RO         5686    i.ECAT_CheckTimer   ecatappl.o
    0x08002d3c   0x08002d3c   0x00000134   Code   RO         5886    i.ECAT_Init         ecatslv.o
    0x08002e70   0x08002e70   0x0000015c   Code   RO         5887    i.ECAT_Main         ecatslv.o
    0x08002fcc   0x08002fcc   0x00000016   Code   RO            6    i.EXINT0_IRQHandler  at32f435_437_int.o
    0x08002fe2   0x08002fe2   0x00000016   Code   RO            7    i.EXINT1_IRQHandler  at32f435_437_int.o
    0x08002ff8   0x08002ff8   0x00000016   Code   RO            8    i.EXINT9_5_IRQHandler  at32f435_437_int.o
    0x0800300e   0x0800300e   0x00000032   Code   RO         5889    i.EnableSyncManChannel  ecatslv.o
    0x08003040   0x08003040   0x0000002c   Code   RO         6046    i.FOE_Ack           foeappl.o
    0x0800306c   0x0800306c   0x00000012   Code   RO         6047    i.FOE_Busy          foeappl.o
    0x0800307e   0x0800307e   0x00000002   PAD
    0x08003080   0x08003080   0x00000020   Code   RO         5837    i.FOE_ContinueInd   ecatfoe.o
    0x080030a0   0x080030a0   0x00000050   Code   RO         6048    i.FOE_Data          foeappl.o
    0x080030f0   0x080030f0   0x00000018   Code   RO         6049    i.FOE_Error         foeappl.o
    0x08003108   0x08003108   0x0000001c   Code   RO         5838    i.FOE_Init          ecatfoe.o
    0x08003124   0x08003124   0x00000038   Code   RO         6050    i.FOE_Read          foeappl.o
    0x0800315c   0x0800315c   0x000002dc   Code   RO         5839    i.FOE_ServiceInd    ecatfoe.o
    0x08003438   0x08003438   0x00000028   Code   RO         6051    i.FOE_Write         foeappl.o
    0x08003460   0x08003460   0x00000018   Code   RO          463    i.GetInterruptRegister  at32_hw.o
    0x08003478   0x08003478   0x0000002e   Code   RO         6122    i.GetOutOfMbxQueue  mailbox.o
    0x080034a6   0x080034a6   0x00000002   PAD
    0x080034a8   0x080034a8   0x0000001c   Code   RO         5890    i.GetSyncMan        ecatslv.o
    0x080034c4   0x080034c4   0x0000004c   Code   RO         5687    i.GetSystemTimeDelay  ecatappl.o
    0x08003510   0x08003510   0x00000014   Code   RO          464    i.HW_EscRead        at32_hw.o
    0x08003524   0x08003524   0x00000014   Code   RO          465    i.HW_EscReadIsr     at32_hw.o
    0x08003538   0x08003538   0x00000014   Code   RO          466    i.HW_EscWrite       at32_hw.o
    0x0800354c   0x0800354c   0x00000014   Code   RO          467    i.HW_EscWriteIsr    at32_hw.o
    0x08003560   0x08003560   0x00000010   Code   RO          468    i.HW_GetALEventRegister  at32_hw.o
    0x08003570   0x08003570   0x00000010   Code   RO          469    i.HW_GetALEventRegister_Isr  at32_hw.o
    0x08003580   0x08003580   0x0000001c   Code   RO          470    i.HW_Init           at32_hw.o
    0x0800359c   0x0800359c   0x00000002   Code   RO          471    i.HW_Release        at32_hw.o
    0x0800359e   0x0800359e   0x00000002   PAD
    0x080035a0   0x080035a0   0x00000068   Code   RO         5688    i.HandleCycleTimeMeasurement  ecatappl.o
    0x08003608   0x08003608   0x00000004   Code   RO            9    i.HardFault_Handler  at32f435_437_int.o
    0x0800360c   0x0800360c   0x00000014   Code   RO          472    i.ISR_GetInterruptRegister  at32_hw.o
    0x08003620   0x08003620   0x0000011c   Code   RO         6123    i.MBX_CheckAndCopyMailbox  mailbox.o
    0x0800373c   0x0800373c   0x000000d8   Code   RO         6124    i.MBX_CopyToSendMailbox  mailbox.o
    0x08003814   0x08003814   0x000000d0   Code   RO         6125    i.MBX_Init          mailbox.o
    0x080038e4   0x080038e4   0x000000c8   Code   RO         6126    i.MBX_MailboxReadInd  mailbox.o
    0x080039ac   0x080039ac   0x00000068   Code   RO         6127    i.MBX_MailboxRepeatReq  mailbox.o
    0x08003a14   0x08003a14   0x00000094   Code   RO         6128    i.MBX_MailboxSendReq  mailbox.o
    0x08003aa8   0x08003aa8   0x0000007c   Code   RO         6129    i.MBX_MailboxWriteInd  mailbox.o
    0x08003b24   0x08003b24   0x00000050   Code   RO         6130    i.MBX_Main          mailbox.o
    0x08003b74   0x08003b74   0x000000d8   Code   RO         6131    i.MBX_StartMailboxHandler  mailbox.o
    0x08003c4c   0x08003c4c   0x0000011c   Code   RO         6132    i.MBX_StopMailboxHandler  mailbox.o
    0x08003d68   0x08003d68   0x0000004c   Code   RO         6133    i.MailboxServiceInd  mailbox.o
    0x08003db4   0x08003db4   0x000000d4   Code   RO         5689    i.MainInit          ecatappl.o
    0x08003e88   0x08003e88   0x000000e4   Code   RO         5690    i.MainLoop          ecatappl.o
    0x08003f6c   0x08003f6c   0x00000004   Code   RO           10    i.MemManage_Handler  at32f435_437_int.o
    0x08003f70   0x08003f70   0x00000002   Code   RO           11    i.NMI_Handler       at32f435_437_int.o
    0x08003f72   0x08003f72   0x00000040   Code   RO          263    i.NVIC_EncodePriority  at32f435_437_wk_config.o
    0x08003fb2   0x08003fb2   0x0000003c   Code   RO         6239    i.OBJ_CopyNumberToString  objdef.o
    0x08003fee   0x08003fee   0x00000002   PAD
    0x08003ff0   0x08003ff0   0x000000d8   Code   RO         6240    i.OBJ_GetDesc       objdef.o
    0x080040c8   0x080040c8   0x00000026   Code   RO         6241    i.OBJ_GetEntryDesc  objdef.o
    0x080040ee   0x080040ee   0x00000106   Code   RO         6242    i.OBJ_GetEntryOffset  objdef.o
    0x080041f4   0x080041f4   0x00000064   Code   RO         6243    i.OBJ_GetNoOfObjects  objdef.o
    0x08004258   0x08004258   0x00000008   Code   RO         6244    i.OBJ_GetObjDesc    objdef.o
    0x08004260   0x08004260   0x00000020   Code   RO         6245    i.OBJ_GetObjectHandle  objdef.o
    0x08004280   0x08004280   0x0000009c   Code   RO         6246    i.OBJ_GetObjectLength  objdef.o
    0x0800431c   0x0800431c   0x000000bc   Code   RO         6247    i.OBJ_GetObjectList  objdef.o
    0x080043d8   0x080043d8   0x00000474   Code   RO         6248    i.OBJ_Read          objdef.o
    0x0800484c   0x0800484c   0x0000051e   Code   RO         6249    i.OBJ_Write         objdef.o
    0x08004d6a   0x08004d6a   0x00000002   PAD
    0x08004d6c   0x08004d6c   0x00000118   Code   RO         5691    i.PDI_Isr           ecatappl.o
    0x08004e84   0x08004e84   0x0000007c   Code   RO         5692    i.PDO_InputMapping  ecatappl.o
    0x08004f00   0x08004f00   0x00000094   Code   RO         5693    i.PDO_OutputMapping  ecatappl.o
    0x08004f94   0x08004f94   0x00000002   Code   RO           12    i.PendSV_Handler    at32f435_437_int.o
    0x08004f96   0x08004f96   0x0000002c   Code   RO         6134    i.PutInMbxQueue     mailbox.o
    0x08004fc2   0x08004fc2   0x00000002   PAD
    0x08004fc4   0x08004fc4   0x00000050   Code   RO         5581    i.Read0x10F8        coeappl.o
    0x08005014   0x08005014   0x00000036   Code   RO         5891    i.ResetALEventMask  ecatslv.o
    0x0800504a   0x0800504a   0x00000002   PAD
    0x0800504c   0x0800504c   0x00000458   Code   RO         6337    i.SDOS_SdoInd       sdoserv.o
    0x080054a4   0x080054a4   0x000002e4   Code   RO         6338    i.SDOS_SdoInfoInd   sdoserv.o
    0x08005788   0x08005788   0x000000ec   Code   RO         6339    i.SDOS_SdoRes       sdoserv.o
    0x08005874   0x08005874   0x000000b0   Code   RO         6340    i.SODS_ClearPendingResponse  sdoserv.o
    0x08005924   0x08005924   0x00000002   Code   RO           13    i.SVC_Handler       at32f435_437_int.o
    0x08005926   0x08005926   0x00000002   PAD
    0x08005928   0x08005928   0x000002a4   Code   RO         6341    i.SdoDownloadSegmentInd  sdoserv.o
    0x08005bcc   0x08005bcc   0x000000e0   Code   RO         6342    i.SdoRes            sdoserv.o
    0x08005cac   0x08005cac   0x000001a0   Code   RO         6343    i.SdoUploadSegmentInd  sdoserv.o
    0x08005e4c   0x08005e4c   0x00000036   Code   RO         5892    i.SetALEventMask    ecatslv.o
    0x08005e82   0x08005e82   0x00000002   PAD
    0x08005e84   0x08005e84   0x0000010c   Code   RO         5893    i.SetALStatus       ecatslv.o
    0x08005f90   0x08005f90   0x00000620   Code   RO         5894    i.StartInputHandler  ecatslv.o
    0x080065b0   0x080065b0   0x00000054   Code   RO         5895    i.StartOutputHandler  ecatslv.o
    0x08006604   0x08006604   0x000000e0   Code   RO         5896    i.StopInputHandler  ecatslv.o
    0x080066e4   0x080066e4   0x00000014   Code   RO         5897    i.StopOutputHandler  ecatslv.o
    0x080066f8   0x080066f8   0x00000134   Code   RO         5694    i.Sync0_Isr         ecatappl.o
    0x0800682c   0x0800682c   0x0000003c   Code   RO         5695    i.Sync1_Isr         ecatappl.o
    0x08006868   0x08006868   0x00000002   Code   RO           14    i.SysTick_Handler   at32f435_437_int.o
    0x0800686a   0x0800686a   0x00000002   PAD
    0x0800686c   0x0800686c   0x00000090   Code   RO         5301    i.SystemInit        system_at32f435_437.o
    0x080068fc   0x080068fc   0x0000001c   Code   RO           15    i.TMR7_GLOBAL_IRQHandler  at32f435_437_int.o
    0x08006918   0x08006918   0x00000044   Code   RO         5898    i.UpdateEEPROMLoadedState  ecatslv.o
    0x0800695c   0x0800695c   0x00000004   Code   RO           16    i.UsageFault_Handler  at32f435_437_int.o
    0x08006960   0x08006960   0x00000038   Code   RO          473    i.WR_CMD            at32_hw.o
    0x08006998   0x08006998   0x00000224   Code   RO         5409    i.Write0xF030       cia402appl.o
    0x08006bbc   0x08006bbc   0x00000010   Code   RO          264    i.__NVIC_GetPriorityGrouping  at32f435_437_wk_config.o
    0x08006bcc   0x08006bcc   0x00000028   Code   RO          265    i.__NVIC_SetPriority  at32f435_437_wk_config.o
    0x08006bf4   0x08006bf4   0x0000000e   Code   RO         6489    i.__scatterload_copy  mc_w.l(handlers.o)
    0x08006c02   0x08006c02   0x00000002   Code   RO         6490    i.__scatterload_null  mc_w.l(handlers.o)
    0x08006c04   0x08006c04   0x0000000e   Code   RO         6491    i.__scatterload_zeroinit  mc_w.l(handlers.o)
    0x08006c12   0x08006c12   0x00000002   PAD
    0x08006c14   0x08006c14   0x00000014   Code   RO          578    i.crm_ahb_div_set   at32f435_437_crm.o
    0x08006c28   0x08006c28   0x00000014   Code   RO          579    i.crm_apb1_div_set  at32f435_437_crm.o
    0x08006c3c   0x08006c3c   0x00000014   Code   RO          580    i.crm_apb2_div_set  at32f435_437_crm.o
    0x08006c50   0x08006c50   0x00000028   Code   RO          581    i.crm_auto_step_mode_enable  at32f435_437_crm.o
    0x08006c78   0x08006c78   0x00000068   Code   RO          588    i.crm_clock_source_enable  at32f435_437_crm.o
    0x08006ce0   0x08006ce0   0x00000110   Code   RO          589    i.crm_clocks_freq_get  at32f435_437_crm.o
    0x08006df0   0x08006df0   0x00000030   Code   RO          594    i.crm_flag_get      at32f435_437_crm.o
    0x08006e20   0x08006e20   0x0000004c   Code   RO          604    i.crm_periph_clock_enable  at32f435_437_crm.o
    0x08006e6c   0x08006e6c   0x00000048   Code   RO          607    i.crm_pll_config    at32f435_437_crm.o
    0x08006eb4   0x08006eb4   0x00000078   Code   RO          609    i.crm_reset         at32f435_437_crm.o
    0x08006f2c   0x08006f2c   0x0000003c   Code   RO          610    i.crm_sysclk_switch  at32f435_437_crm.o
    0x08006f68   0x08006f68   0x00000010   Code   RO          611    i.crm_sysclk_switch_status_get  at32f435_437_crm.o
    0x08006f78   0x08006f78   0x0000000e   Code   RO         3646    i.exint_default_para_init  at32f435_437_exint.o
    0x08006f86   0x08006f86   0x00000002   PAD
    0x08006f88   0x08006f88   0x0000000c   Code   RO         3648    i.exint_flag_clear  at32f435_437_exint.o
    0x08006f94   0x08006f94   0x00000098   Code   RO         3650    i.exint_init        at32f435_437_exint.o
    0x0800702c   0x0800702c   0x00000024   Code   RO         3652    i.exint_interrupt_flag_get  at32f435_437_exint.o
    0x08007050   0x08007050   0x00000050   Code   RO         6422    i.free              mc_w.l(malloc.o)
    0x080070a0   0x080070a0   0x00000004   Code   RO         1539    i.gpio_bits_reset   at32f435_437_gpio.o
    0x080070a4   0x080070a4   0x00000004   Code   RO         1540    i.gpio_bits_set     at32f435_437_gpio.o
    0x080070a8   0x080070a8   0x00000014   Code   RO         1541    i.gpio_bits_toggle  at32f435_437_gpio.o
    0x080070bc   0x080070bc   0x00000014   Code   RO         1543    i.gpio_default_para_init  at32f435_437_gpio.o
    0x080070d0   0x080070d0   0x0000007a   Code   RO         1544    i.gpio_init         at32f435_437_gpio.o
    0x0800714a   0x0800714a   0x00000042   Code   RO         1549    i.gpio_pin_mux_config  at32f435_437_gpio.o
    0x0800718c   0x0800718c   0x00000060   Code   RO         5410    i.main              cia402appl.o
    0x080071ec   0x080071ec   0x0000006c   Code   RO         6423    i.malloc            mc_w.l(malloc.o)
    0x08007258   0x08007258   0x0000002c   Code   RO         3718    i.nvic_irq_disable  at32f435_437_misc.o
    0x08007284   0x08007284   0x000000c8   Code   RO         3719    i.nvic_irq_enable   at32f435_437_misc.o
    0x0800734c   0x0800734c   0x00000028   Code   RO         3721    i.nvic_priority_group_config  at32f435_437_misc.o
    0x08007374   0x08007374   0x000000b4   Code   RO         3783    i.scfg_exint_line_config  at32f435_437_scfg.o
    0x08007428   0x08007428   0x00000016   Code   RO         2543    i.spi_default_para_init  at32f435_437_spi.o
    0x0800743e   0x0800743e   0x0000000a   Code   RO         2544    i.spi_enable        at32f435_437_spi.o
    0x08007448   0x08007448   0x00000008   Code   RO         2548    i.spi_i2s_data_receive  at32f435_437_spi.o
    0x08007450   0x08007450   0x00000004   Code   RO         2549    i.spi_i2s_data_transmit  at32f435_437_spi.o
    0x08007454   0x08007454   0x00000010   Code   RO         2553    i.spi_i2s_flag_get  at32f435_437_spi.o
    0x08007464   0x08007464   0x00000158   Code   RO         2557    i.spi_init          at32f435_437_spi.o
    0x080075bc   0x080075bc   0x000000f0   Code   RO         5302    i.system_core_clock_update  system_at32f435_437.o
    0x080076ac   0x080076ac   0x00000028   Code   RO         3724    i.systick_clock_source_config  at32f435_437_misc.o
    0x080076d4   0x080076d4   0x00000010   Code   RO          814    i.tmr_base_init     at32f435_437_tmr.o
    0x080076e4   0x080076e4   0x0000000a   Code   RO          824    i.tmr_cnt_dir_set   at32f435_437_tmr.o
    0x080076ee   0x080076ee   0x0000000a   Code   RO          825    i.tmr_counter_enable  at32f435_437_tmr.o
    0x080076f8   0x080076f8   0x00000006   Code   RO          837    i.tmr_flag_clear    at32f435_437_tmr.o
    0x080076fe   0x080076fe   0x00000016   Code   RO          846    i.tmr_interrupt_enable  at32f435_437_tmr.o
    0x08007714   0x08007714   0x00000018   Code   RO          847    i.tmr_interrupt_flag_get  at32f435_437_tmr.o
    0x0800772c   0x0800772c   0x0000000a   Code   RO          860    i.tmr_period_buffer_enable  at32f435_437_tmr.o
    0x08007736   0x08007736   0x0000000a   Code   RO          863    i.tmr_primary_mode_select  at32f435_437_tmr.o
    0x08007740   0x08007740   0x000000e0   Code   RO          361    i.wk_exint_config   wk_exint.o
    0x08007820   0x08007820   0x000000d8   Code   RO          433    i.wk_gpio_config    wk_gpio.o
    0x080078f8   0x080078f8   0x000000e8   Code   RO          266    i.wk_nvic_config    at32f435_437_wk_config.o
    0x080079e0   0x080079e0   0x00000050   Code   RO          267    i.wk_periph_clock_config  at32f435_437_wk_config.o
    0x08007a30   0x08007a30   0x000000e0   Code   RO          385    i.wk_spi2_init      wk_spi.o
    0x08007b10   0x08007b10   0x000000b8   Code   RO          268    i.wk_system_clock_config  at32f435_437_wk_config.o
    0x08007bc8   0x08007bc8   0x00000040   Code   RO          324    i.wk_timebase_init  wk_system.o
    0x08007c08   0x08007c08   0x00000040   Code   RO          409    i.wk_tmr7_init      wk_tmr.o
    0x08007c48   0x08007c48   0x00000026   Data   RO          614    .constdata          at32f435_437_crm.o
    0x08007c6e   0x08007c6e   0x00000016   Data   RO         5303    .constdata          system_at32f435_437.o
    0x08007c84   0x08007c84   0x00000439   Data   RO         5412    .constdata          cia402appl.o
    0x080080bd   0x080080bd   0x00000001   PAD
    0x080080be   0x080080be   0x00000411   Data   RO         5582    .constdata          coeappl.o
    0x080084cf   0x080084cf   0x00000001   PAD
    0x080084d0   0x080084d0   0x00000020   Data   RO         6251    .constdata          objdef.o
    0x080084f0   0x080084f0   0x00000078   Data   RO         6345    .constdata          sdoserv.o
    0x08008568   0x08008568   0x00000020   Data   RO         6487    Region$$Table       anon$$obj.o


    Execution Region RW_IRAM1 (Exec base: 0x20000000, Load base: 0x08008588, Size: 0x0000fc70, Max: 0x00060000, ABSOLUTE, COMPRESSED[0x000002cc])

    Exec Addr    Load Addr    Size         Type   Attr      Idx    E Section Name        Object

    0x20000000   COMPRESSED   0x00000004   Data   RW          325    .data               wk_system.o
    0x20000004   COMPRESSED   0x00000002   Data   RW          474    .data               at32_hw.o
    0x20000006   COMPRESSED   0x00000002   PAD
    0x20000008   COMPRESSED   0x00000004   Data   RW         5304    .data               system_at32f435_437.o
    0x2000000c   COMPRESSED   0x000005e8   Data   RW         5413    .data               cia402appl.o
    0x200005f4   COMPRESSED   0x00000004   PAD
    0x200005f8   COMPRESSED   0x00000228   Data   RW         5583    .data               coeappl.o
    0x20000820   COMPRESSED   0x00000031   Data   RW         5697    .data               ecatappl.o
    0x20000851   COMPRESSED   0x00000003   PAD
    0x20000854   COMPRESSED   0x00000004   Data   RW         5794    .data               ecatcoe.o
    0x20000858   COMPRESSED   0x00000016   Data   RW         5840    .data               ecatfoe.o
    0x2000086e   COMPRESSED   0x0000004b   Data   RW         5899    .data               ecatslv.o
    0x200008b9   COMPRESSED   0x00000003   PAD
    0x200008bc   COMPRESSED   0x00000021   Data   RW         6136    .data               mailbox.o
    0x200008dd   COMPRESSED   0x00000003   PAD
    0x200008e0   COMPRESSED   0x0000001d   Data   RW         6252    .data               objdef.o
    0x200008fd   COMPRESSED   0x00000003   PAD
    0x20000900   COMPRESSED   0x0000003c   Data   RW         6346    .data               sdoserv.o
    0x2000093c   COMPRESSED   0x00000004   Data   RW         6480    .data               mc_w.l(mvars.o)
    0x20000940   COMPRESSED   0x00000004   Data   RW         6481    .data               mc_w.l(mvars.o)
    0x20000944   COMPRESSED   0x00000004   PAD
    0x20000948        -       0x000001a0   Zero   RW         5411    .bss                cia402appl.o
    0x20000ae8        -       0x00000088   Zero   RW         5696    .bss                ecatappl.o
    0x20000b70        -       0x00000068   Zero   RW         6135    .bss                mailbox.o
    0x20000bd8        -       0x00000088   Zero   RW         6250    .bss                objdef.o
    0x20000c60        -       0x0000000e   Zero   RW         6344    .bss                sdoserv.o
    0x20000c6e   COMPRESSED   0x00000002   PAD
    0x20000c70        -       0x00007800   Zero   RW         5292    HEAP                startup_at32f435_437.o
    0x20008470        -       0x00007800   Zero   RW         5291    STACK               startup_at32f435_437.o


==============================================================================

Image component sizes


      Code (inc. data)   RO Data    RW Data    ZI Data      Debug   Object Name

       684         52          0          2          0      10226   at32_hw.o
       868        106         38          0          0       7793   at32f435_437_crm.o
       214         14          0          0          0       2765   at32f435_437_exint.o
       236          0          0          0          0       4152   at32f435_437_gpio.o
       120          6          0          0          0      68781   at32f435_437_int.o
       324         24          0          0          0      33323   at32f435_437_misc.o
       180          4          0          0          0        689   at32f435_437_scfg.o
       404          0          0          0          0       4042   at32f435_437_spi.o
       108          0          0          0          0       5197   at32f435_437_tmr.o
       616         44          0          0          0      33270   at32f435_437_wk_config.o
         4          0          0          0          0       3040   bootmode.o
      5306        186       1081       1512        416      50453   cia402appl.o
      1084        164       1041        552          0      29295   coeappl.o
      1732        328          0         49        136       9121   ecatappl.o
       164         26          0          4          0       2959   ecatcoe.o
       792         58          0         22          0       4997   ecatfoe.o
      6046        712          0         75          0      17916   ecatslv.o
       262         38          0          0          0       4307   foeappl.o
      2030        308          0         33        104      11929   mailbox.o
      3770        134         32         29        136      17747   objdef.o
      3580        328        120         60         14      24144   sdoserv.o
        36          8        524          0      61440        800   startup_at32f435_437.o
       384         42         22          4          0       2208   system_at32f435_437.o
       224          4          0          0          0        694   wk_exint.o
       216         16          0          0          0        613   wk_gpio.o
       224         10          0          0          0        643   wk_spi.o
        64          8          0          4          0       1104   wk_system.o
        64          6          0          0          0        479   wk_tmr.o

    ----------------------------------------------------------------------
     29764       2626       2892       2364      62248     352687   Object Totals
         0          0         32          0          0          0   (incl. Generated)
        28          0          2         18          2          0   (incl. Padding)

    ----------------------------------------------------------------------

      Code (inc. data)   RO Data    RW Data    ZI Data      Debug   Library Member Name

        86          0          0          0          0          0   __dczerorl2.o
         0          0          0          0          0          0   entry.o
         0          0          0          0          0          0   entry10a.o
         0          0          0          0          0          0   entry11a.o
         8          4          0          0          0          0   entry2.o
         4          0          0          0          0          0   entry5.o
         0          0          0          0          0          0   entry7b.o
         0          0          0          0          0          0   entry8b.o
         8          4          0          0          0          0   entry9a.o
        30          0          0          0          0          0   handlers.o
        36          8          0          0          0         68   init.o
         0          0          0          0          0          0   iusefp.o
        30          0          0          0          0         68   llshl.o
        36          0          0          0          0         68   llsshr.o
        32          0          0          0          0         68   llushr.o
       188         20          0          0          0        160   malloc.o
        36          0          0          0          0         68   memcpya.o
        36          0          0          0          0        108   memseta.o
         0          0          0          8          0          0   mvars.o
        14          0          0          0          0         68   strlen.o
        98          0          0          0          0         92   uldiv.o
       334          0          0          0          0        148   dadd.o
       186          0          0          0          0        176   depilogue.o
        62          0          0          0          0         80   dfixi.o
        34          0          0          0          0         76   dflti.o
       228          0          0          0          0         96   dmul.o
        38          0          0          0          0         68   f2d.o

    ----------------------------------------------------------------------
      1528         36          0          8          4       1412   Library Totals
         4          0          0          0          4          0   (incl. Padding)

    ----------------------------------------------------------------------

      Code (inc. data)   RO Data    RW Data    ZI Data      Debug   Library Name

       642         36          0          8          0        768   mc_w.l
       882          0          0          0          0        644   mf_w.l

    ----------------------------------------------------------------------
      1528         36          0          8          4       1412   Library Totals

    ----------------------------------------------------------------------

==============================================================================


      Code (inc. data)   RO Data    RW Data    ZI Data      Debug   

     31292       2662       2892       2372      62252     335207   Grand Totals
     31292       2662       2892        716      62252     335207   ELF Image Totals (compressed)
     31292       2662       2892        716          0          0   ROM Totals

==============================================================================

    Total RO  Size (Code + RO Data)                34184 (  33.38kB)
    Total RW  Size (RW Data + ZI Data)             64624 (  63.11kB)
    Total ROM Size (Code + RO Data + RW Data)      34900 (  34.08kB)

==============================================================================

